温泉 百色
克拉玛依 宁波
汕头 绵阳
庐山 邯郸
佳木斯 中卫
广元 乌鲁木齐
南阳 佳木斯
海拉尔 塔城
鄯善 阜阳
香格里拉 丹东
鄯善 连城
晋江 敦煌
黑河 邯郸
邢台 汕头
湛江 昭通
赤峰 张掖
库车 鄂尔多斯
梅县 博乐
庆阳 日喀则
广元 赣州
芒市 克拉玛依
张掖 兴城
丹东 珠海
南通 东营
漠河 恩施
赣州 温泉
固原 沙市
牡丹江 恩施
巴彦淖尔 满洲里
临沧 文山
运城 井冈山
黄山 和田
达州 百色
满洲里 通化
张家口 包头
安康 舟山
柳州 洛阳
昭通 阿克苏
衡阳 青岛
吉安 张掖
张掖 洛阳
齐齐哈尔 宜春
吉安 芜湖
锡林浩特 拉萨
格尔木 梁平
芜湖 漠河
台州 南通
腾冲 赣州
天水 庆阳
沈阳 林芝
喀纳斯 大庆
阿勒泰 吉安
百色 思茅
昌都 张家界
梁平 博乐
温州 富蕴
九江 日喀则
连城 呼和浩特
鞍山 宜宾
张家界 武汉
庆阳 齐齐哈尔
吐鲁番 鸡西
阿里 临沧
黄山 武夷山
长白山 佛山
玉树 黄龙
林芝 格尔木
成都 邢台
天津 梧州
香格里拉 扬州
宜春 黑河
梅县 九江
丽江 加格达奇
且末 海口
常德 乌兰浩特
达州 柳州
阜阳 东营
满洲里 保山
连城 长白山
铜仁 遵义
康定 潍坊
鄂尔多斯 日喀则
格尔木 康定
大理 天水
百色 庆阳
阿克苏 洛阳
兴城 乌兰浩特
海口 且末
金昌 沙市
思茅 广汉
柳州 衢州
南阳 西昌
张家口 舟山
温州 日喀则
达州 格尔木
安阳 温泉
秦皇岛 济宁
黑河 吉安
盐城 佛山
梧州 佳木斯
舟山 格尔木
安康 宜春
敦煌 宁波
阿里 连云港
梧州 富蕴
金昌 庐山
吐鲁番 郑州
且末 济宁
晋江 延安
克拉玛依 锦州
大同 长海
汕头 长白山
池州 永州
荔波 昆明
玉树 巴彦淖尔
达州 鞍山
昌都 南充
思茅 舟山
且末 井冈山
天津 康定
广汉 珠海
和田 常德
兴义 金昌
攀枝花 玉树
绵阳 南通
庐山 乌海
腾冲 安顺
鄂尔多斯 库车
石家庄 汕头
威海 井冈山
沈阳 唐山
黑河 汉中
秦皇岛 哈密
临沧 吐鲁番
韶关 康定
中卫 长海
大庆 兴义
齐齐哈尔 大理
伊春 芜湖
温泉 烟台
佛山 洛阳
邯郸 佛山
黑河 万州
秦皇岛 延安
北京 梧州
佳木斯 吐鲁番
中卫 汉中
安康 九江
温泉 唐山
张掖 石家庄
阿里 天水
安康 塔城
九江 广州
临沂 井冈山
赣州 扬州
佛山 临沧
敦煌 黄山
安庆 芜湖
韶关 太原
衢州 锦州
敦煌 鄂尔多斯
蚌埠 锡林浩特
加格达奇 保山
敦煌 衡阳
深圳 喀纳斯
广元 铜仁
宁波 柳州
哈尔滨 金昌
阿尔山 南充
绵阳 思茅
牡丹江 湛江
宜春 克拉玛依
汉中 邢台
黄山 克拉玛依
扬州 衡阳
黎平 义乌
丽江 长海
库车 阿里
泸州 喀什
阿尔山 恩施
武夷山 宜春
思茅 连城
常德 格尔木
常德 西双版纳
黔江 临沂
赤峰 南充
舟山 鸡西
淮安 加格达奇
黎平 文山
遵义 丽江
襄阳 兴义
齐齐哈尔 庆阳
伊春 武夷山
池州 玉树
敦煌 锡林浩特
日喀则 安顺
长治 常德
攀枝花 喀纳斯
且末 北京
中卫 固原
鄂尔多斯 大理
临沂 赣州
阿里 牡丹江
兴义 康定
兴城 黑河
佳木斯 柳州
张掖 乌海
衢州 芒市
保山 锡林浩特
徐州 盐城
井冈山 固原
赣州 庐山
包头 林芝
大同 日喀则
柳州 绵阳
丹东 日喀则
且末 黄龙
安康 鞍山
湛江 榆林
衢州 巴彦淖尔
武夷山 惠州
九江 沙市
遵义 张掖
乌海 安康
阿尔山 珠海
佛山 银川
黄龙 阿克苏
黔江 湛江
济宁 攀枝花
广汉 邯郸
长白山 林芝
秦皇岛 齐齐哈尔
黎平 满洲里
毕节 喀什
延安 喀纳斯
齐齐哈尔 敦煌
唐山 衢州
泸州 韶关
伊春 吉安
邯郸 通化
大庆 韶关
铜仁 永州
永州 塔城
芜湖 衢州
万州 汉中
湛江 沙市
韶关 延安
晋江 克拉玛依
台州 宜春
天水 喀纳斯
宜宾 漠河
博乐 广元
黄山 庆阳
长海 大庆
扬州 黑河
梁平 塔城
长春 且末
包头 鸡西
敦煌 长治
阿里 宜春
赣州 喀什
洛阳 舟山
常德 铜仁
襄阳 毕节
达州 延吉
温泉 中卫
沙市 韶关
阿尔山 潍坊
徐州 中卫
井冈山 加格达奇
盐城 兴义
喀纳斯 博乐
攀枝花 长治
汕头 东营
临沧 锡林浩特
芜湖 贵阳
梧州 井冈山
扬州 张掖
衡阳 深圳
安阳 威海
赣州 林芝
西昌 南阳
广元 南通
邢台 烟台
毕节 吐鲁番
温州 韶关
遵义 广元
喀纳斯 池州
井冈山 牡丹江
黎平 百色
张家口 佛山
安庆 黔江
西昌 腾冲
金昌 鞍山
连城 泸州
兴城 石家庄
吉安 北海
韶关 克拉玛依
邢台 济南
日喀则 惠州
柳州 邢台
西双版纳 温泉
玉树 临沧
遵义 阿克苏
芜湖 广州
安阳 固原
大庆 锡林浩特
榆林 百色
东营 黔江
漠河 井冈山
蚌埠 黎平
南充 阿勒泰
阿里 郑州
韶关 湛江
齐齐哈尔 和田
西双版纳 威海
广元 乌兰浩特
库尔勒 威海
珠海 漠河
汉中 梁平
秦皇岛 日喀则
温泉 敦煌
井冈山 昭通
芒市 天水
鞍山 喀什
佛山 朝阳
梅县 格尔木
长白山 阿里
南通 固原
洛阳 黄龙
嘉峪关 合肥
张掖 延吉
康定 保山
锦州 哈密
香格里拉 金昌
昌都 海拉尔
克拉玛依 鄯善
黔江 黑河
南通 库尔勒
景德镇 漠河
邢台 哈密
常州 兴城
徐州 阜阳
淮安 兴义
汉中 鄯善
九江 伊春
珠海 佛山
舟山 盐城
鸡西 张掖
张家界 泸州
石家庄 富蕴
贵阳 广元
常德 延安
漠河 张家口
湛江 腾冲
朝阳 腾冲
赣州 安庆
泸州 衡阳
张掖 临沂
景德镇 朝阳
腾冲 天水
汕头 佳木斯
蚌埠 张家口
黄山 且末
荔波 兴义
黑河 西昌
芜湖 西宁
南宁 佛山
富蕴 永州
临沧 天水
赤峰 阿尔山
青岛 兴城
北京 芜湖
南充 西宁
张家界 富蕴
连城 永州
博乐 池州
日喀则 乌兰浩特
延吉 昌都
毕节 广汉
安顺 乌兰浩特
赣州 锦州
池州 保山
襄阳 武夷山
舟山 池州
北京 柳州
黑河 张掖
