秦皇岛 丹东
塔城 青岛
东营 阿尔山
达州 恩施
徐州 和田
锡林浩特 安庆
张掖 昭通
南昌 喀纳斯
金昌 临沂
成都 南阳
池州 南宁
佛山 西昌
香格里拉 连城
保山 丽江
牡丹江 常州
福州 克拉玛依
广元 石家庄
伊春 运城
唐山 湛江
合肥 长海
佳木斯 毕节
金昌 珠海
延吉 乌海
大庆 锦州
永州 哈尔滨
达州 锦州
阿勒泰 黔江
湛江 大同
烟台 喀纳斯
池州 延吉
日喀则 唐山
香格里拉 乌兰浩特
蚌埠 通辽
池州 邢台
梧州 济宁
朝阳 二连浩特
景德镇 广州
潍坊 洛阳
成都 满洲里
博乐 盐城
通辽 晋江
乌兰浩特 临沂
广元 丹东
喀什 沈阳
阿尔山 塔城
杭州 西宁
上海 盐城
乌海 荔波
喀什 兴义
温州 榆林
三亚 牡丹江
海拉尔 太原
兴城 林芝
齐齐哈尔 井冈山
张掖 玉树
张家界 漠河
阿里 大同
吐鲁番 长海
上海 张家口
兴城 临沧
广州 唐山
喀什 温泉
那提拉 广汉
黔江 武夷山
康定 塔城
南充 贵阳
芷江 延吉
塔城 天水
芜湖 连城
且末 烟台
黑河 盐城
湛江 泸州
恩施 无锡
南阳 台州
鄂尔多斯 伊春
宜昌 保山
桂林 拉萨
昭通 梁平
邯郸 嘉峪关
南通 阿克苏
西安 敦煌
柳州 南阳
广汉 敦煌
呼和浩特 阿尔山
泸州 遵义
成都 义乌
温州 杭州
锡林浩特 伊宁
和田 温州
香格里拉 九江
池州 固原
丹东 吐鲁番
安康 大庆
天津 金昌
洛阳 兴城
吉安 梧州
常德 库车
阜阳 惠州
淮安 临沂
日喀则 满洲里
牡丹江 阿里
无锡 芜湖
延安 齐齐哈尔
西昌 太原
嘉峪关 香格里拉
梁平 长白山
宜春 格尔木
泸州 梁平
永州 九江
银川 鸡西
汕头 阿尔山
呼和浩特 通辽
南阳 安康
加格达奇 徐州
临沧 腾冲
固原 南宁
兴城 哈尔滨
阜阳 林芝
固原 长沙
济宁 重庆
乌兰浩特 上海
鄂尔多斯 荔波
吉安 百色
恩施 长海
郑州 长白山
西安 丽江
荔波 济南
梧州 杭州
齐齐哈尔 安顺
蚌埠 成都
淮安 昆明
绵阳 中卫
大理 长白山
宜春 日喀则
喀什 乌鲁木齐
汉中 康定
攀枝花 鄯善
二连浩特 大庆
珠海 遵义
鄯善 乌兰浩特
张掖 广元
长治 九江
运城 塔城
衡阳 温州
锦州 安阳
阿里 库尔勒
格尔木 昌都
梁平 安阳
哈尔滨 鞍山
汕头 韶关
巴彦淖尔 昌都
汕头 安顺
海口 南充
喀什 井冈山
塔城 井冈山
百色 景德镇
武汉 成都
恩施 上海
无锡 大理
常州 重庆
庐山 邢台
长海 北海
厦门 西宁
宁波 长海
盐城 赣州
广州 三亚
张掖 遵义
南通 锡林浩特
西安 毕节
铜仁 文山
大同 林芝
天津 昌都
扬州 哈尔滨
阿克苏 玉树
北海 宜昌
鞍山 和田
合肥 安庆
梧州 乌海
张家口 克拉玛依
深圳 广元
昌都 且末
玉树 伊宁
固原 济南
泸州 黔江
鄯善 加格达奇
中卫 乌兰浩特
嘉峪关 深圳
唐山 鄯善
荔波 成都
克拉玛依 乌海
天津 阿克苏
九江 赣州
蚌埠 朝阳
梅县 丹东
温泉 东营
衡阳 喀什
通辽 长海
玉树 湛江
湛江 重庆
珠海 黄山
阿勒泰 温泉
思茅 北京
丽江 朝阳
长治 无锡
黔江 厦门
林芝 临沧
扬州 黄龙
和田 丽江
惠州 和田
延吉 常州
张掖 张家界
济宁 庐山
芜湖 晋江
常德 荔波
贵阳 大同
韶关 广州
铜仁 拉萨
运城 赣州
百色 固原
通化 朝阳
和田 康定
乌鲁木齐 济宁
唐山 乌兰浩特
安顺 成都
佳木斯 延安
义乌 保山
舟山 金昌
南京 阜阳
青岛 荔波
张家界 广元
大庆 景德镇
济南 库车
秦皇岛 杭州
烟台 黔江
丹东 兰州
玉树 西安
广汉 晋江
临沧 绵阳
荔波 思茅
惠州 舟山
博乐 锡林浩特
广汉 梁平
日喀则 长沙
黔江 丽江
西双版纳 连城
芒市 库车
金昌 海拉尔
汕头 义乌
阿克苏 毕节
北海 武汉
邢台 连云港
齐齐哈尔 包头
克拉玛依 宜昌
深圳 库尔勒
乌兰浩特 郑州
阿里 安康
武夷山 淮安
宜宾 西昌
乌兰浩特 库车
济南 二连浩特
常州 黔江
福州 池州
襄阳 伊宁
锦州 盐城
锡林浩特 文山
二连浩特 延安
井冈山 秦皇岛
乌兰浩特 韶关
连城 北海
长海 济南
常州 漠河
沙市 兴城
西双版纳 广汉
南京 庆阳
万州 景德镇
海拉尔 庐山
大庆 武夷山
广汉 唐山
桂林 哈尔滨
郑州 连城
沈阳 西双版纳
桂林 长海
鞍山 庐山
上海 榆林
三亚 庐山
南京 温泉
延安 东营
长海 乌海
张掖 常州
梁平 格尔木
伊宁 绵阳
邯郸 张家口
南充 铜仁
无锡 哈尔滨
庆阳 西安
池州 大理
黔江 井冈山
秦皇岛 鞍山
二连浩特 西双版纳
且末 广州
塔城 包头
邢台 武夷山
邯郸 阿勒泰
北京 漠河
南昌 哈尔滨
文山 兴义
漠河 呼和浩特
保山 西双版纳
庐山 阿里
喀纳斯 攀枝花
腾冲 鸡西
恩施 邯郸
芒市 安庆
泸州 绵阳
衡阳 满洲里
文山 晋江
秦皇岛 芜湖
庆阳 百色
牡丹江 嘉峪关
桂林 丽江
襄阳 石家庄
海口 延安
常德 兴义
西昌 沙市
佛山 思茅
康定 合肥
三亚 黑河
连云港 鄂尔多斯
衡阳 朝阳
兴城 延安
二连浩特 和田
丽江 威海
天津 达州
深圳 重庆
喀纳斯 银川
北海 广汉
东营 宜昌
安康 广元
达州 延安
西双版纳 敦煌
锡林浩特 二连浩特
昌都 赤峰
南宁 北京
厦门 香格里拉
克拉玛依 晋江
博乐 伊春
嘉峪关 景德镇
朝阳 文山
通辽 吉安
赣州 加格达奇
蚌埠 金昌
赣州 阜阳
安庆 台州
黔江 蚌埠
银川 二连浩特
敦煌 毕节
九江 济南
温州 金昌
扬州 赣州
攀枝花 温州
南京 运城
沙市 香格里拉
永州 鄂尔多斯
日喀则 安康
格尔木 安阳
石家庄 西昌
富蕴 济南
库尔勒 梁平
杭州 鞍山
芒市 井冈山
运城 库尔勒
满洲里 阿尔山
满洲里 万州
齐齐哈尔 桂林
庆阳 香格里拉
常德 康定
九江 永州
张家口 温泉
宜宾 临沧
昆明 阜阳
西宁 和田
达州 喀什
兴城 宁波
柳州 玉树
宜宾 赣州
扬州 延吉
日喀则 哈尔滨
乌海 鞍山
庆阳 张掖
黑河 林芝
且末 梁平
锦州 宁波
常德 库尔勒
康定 长治
张家界 昆明
克拉玛依 台州
温州 包头
长海 井冈山
克拉玛依 济宁
无锡 梁平
庐山 广州
池州 毕节
蚌埠 西宁
广汉 黄龙
安康 临沧
伊宁 喀纳斯
西昌 宜宾
天津 黄龙
腾冲 永州
中卫 达州
武夷山 长海
宜昌 大庆
固原 邯郸
南阳 惠州
荔波 漠河
梧州 锦州
芒市 盐城
万州 邢台
梧州 南通
宜宾 石家庄
文山 沈阳
库车 长春
鞍山 常州
齐齐哈尔 牡丹江
九江 庐山
长春 大同
万州 汕头
衢州 大理
北海 广元
三亚 宁波
绵阳 长海
临沂 阿尔山
荔波 鄂尔多斯
庐山 安顺
嘉峪关 攀枝花
恩施 牡丹江
昆明 临沂
徐州 黑河
榆林 南京
邯郸 石家庄
呼和浩特 阿克苏
吐鲁番 东营
青岛 固原
太原 漠河
伊宁 杭州
惠州 庆阳
芷江 洛阳
长白山 湛江
张掖 喀什
黄龙 西昌
天水 达州
加格达奇 锡林浩特
三亚 秦皇岛
海拉尔 大庆
锡林浩特 日喀则
温州 阿尔山
巴彦淖尔 大理
梅县 兰州
喀纳斯 柳州
丹东 永州
宜昌 锡林浩特
济宁 芜湖
玉树 安庆
南宁 丽江
汕头 南充
安顺 兴义
井冈山 石家庄
石家庄 福州
景德镇 安康
大同 阿克苏
玉树 长沙
中卫 林芝
腾冲 海拉尔
温州 通辽
乌鲁木齐 西双版纳
鄂尔多斯 达州
遵义 大庆
温泉 黎平
和田 西安
榆林 伊宁
呼和浩特 连云港
乌兰浩特 福州
芜湖 遵义
林芝 遵义
梧州 喀纳斯
喀纳斯 珠海
合肥 芜湖
安顺 拉萨
常州 延吉
大连 济南
鄯善 东营
铜仁 天津
漠河 衢州
和田 喀什
安康 大连
西昌 喀什
台州 齐齐哈尔
安顺 朝阳
张家界 西双版纳
济宁 大同
兴义 鞍山
芜湖 景德镇
长沙 惠州
南宁 柳州
达州 黔江
铜仁 鄂尔多斯
青岛 延吉
常州 喀什
敦煌 满洲里
大同 拉萨
大连 乌海
洛阳 哈密
舟山 安顺
洛阳 北京
喀纳斯 石家庄
烟台 唐山
海口 盐城
韶关 博乐
乌鲁木齐 长白山
满洲里 宜春
台州 香格里拉
阿克苏 嘉峪关
哈尔滨 珠海
遵义 昌都
柳州 鞍山
临沧 西昌
庆阳 深圳
包头 宜昌
锦州 昌都
鄯善 珠海
昭通 遵义
银川 衡阳
郑州 扬州
南宁 衡阳
汉中 扬州
喀什 梁平
湛江 衡阳
绵阳 济南
长春 博乐
温泉 南京
榆林 林芝
黄龙 柳州
哈尔滨 敦煌
百色 格尔木
阿尔山 腾冲
秦皇岛 石家庄
喀纳斯 那提拉
梧州 海口
西昌 锡林浩特
玉树 文山
攀枝花 三亚
合肥 邯郸
汕头 天津
腾冲 丹东
南宁 兴城
兴义 兰州
北海 吉安
湛江 佳木斯
景德镇 广元
乌兰浩特 遵义
秦皇岛 思茅
韶关 昌都
阿勒泰 庆阳
达州 汕头
阿尔山 漠河
万州 黑河
邢台 敦煌
长沙 九江
梅县 深圳
佛山 晋江
安庆 徐州
庐山 潍坊
昆明 大同
康定 伊春
吐鲁番 黄龙
克拉玛依 义乌
鄯善 思茅
二连浩特 文山
徐州 武汉
桂林 哈密
贵阳 文山
舟山 徐州
思茅 林芝
庐山 鸡西
深圳 威海
佛山 富蕴
锦州 伊宁
重庆 嘉峪关
二连浩特 永州
加格达奇 西双版纳
临沂 昭通
长海 南宁
绵阳 乌鲁木齐
泸州 伊春
重庆 喀什
温泉 汉中
泸州 库尔勒
乌鲁木齐 昌都
鄂尔多斯 温泉
哈尔滨 西安
腾冲 昭通
连城 沈阳
阜阳 成都
连云港 九江
锡林浩特 张家界
井冈山 阿勒泰
黎平 庆阳
大连 柳州
丽江 攀枝花
绵阳 海拉尔
南京 长沙
南通 万州
黎平 重庆
东营 广元
衢州 临沂
乌鲁木齐 兴义
桂林 张家界
海拉尔 兴义
襄阳 衢州
阿克苏 保山
珠海 哈密
井冈山 青岛
康定 张家口
东营 和田
毕节 阿克苏
张家口 梧州
思茅 满洲里
贵阳 丹东
恩施 万州
达州 庆阳
天津 沙市
沈阳 南充
黎平 无锡
东营 深圳
连云港 安康
安庆 阜阳
北京 安庆
锦州 晋江
珠海 喀纳斯
佛山 齐齐哈尔
梅县 满洲里
牡丹江 舟山
昌都 克拉玛依
乌兰浩特 徐州
襄阳 林芝
芷江 呼和浩特
临沧 无锡
天津 敦煌
阜阳 芜湖
攀枝花 呼和浩特
荔波 济宁
天水 上海
杭州 徐州
福州 阿克苏
烟台 榆林
石家庄 丹东
通辽 井冈山
文山 金昌
万州 伊宁
荔波 黄龙
邯郸 桂林
景德镇 宜宾
福州 黄山
庐山 柳州
太原 韶关
宜宾 固原
扬州 湛江
格尔木 广元
西安 台州
衡阳 衢州
洛阳 绵阳
毕节 玉树
乌兰浩特 临沧
鸡西 保山
加格达奇 西昌
北海 塔城
三亚 临沧
合肥 衢州
广汉 洛阳
贵阳 长春
延吉 唐山
武汉 通化
厦门 鞍山
固原 且末
西宁 深圳
毕节 南京
安阳 加格达奇
常州 通化
齐齐哈尔 秦皇岛
庐山 康定
中卫 庐山
漠河 大同
连城 临沂
二连浩特 那提拉
武夷山 牡丹江
义乌 伊春
秦皇岛 文山
拉萨 厦门
哈尔滨 重庆
大理 安阳
南阳 库车
无锡 贵阳
柳州 巴彦淖尔
洛阳 池州
张家口 天水
舟山 香格里拉
大同 梧州
敦煌 齐齐哈尔
永州 沙市
格尔木 石家庄
恩施 金昌
天水 梁平
佛山 丹东
南阳 济南
太原 舟山
蚌埠 长治
梁平 通辽
喀什 那提拉
赤峰 北海
赤峰 吐鲁番
万州 石家庄
巴彦淖尔 大同
昆明 玉树
张家口 鄯善
长海 杭州
张家口 通化
台州 常德
重庆 绵阳
梧州 宁波
包头 加格达奇
文山 义乌
威海 蚌埠
日喀则 金昌
桂林 锡林浩特
三亚 天水
通化 玉树
柳州 昌都
常州 兴义
常德 香格里拉
宜春 牡丹江
济宁 呼和浩特
佳木斯 南阳
福州 梁平
盐城 兰州
南宁 榆林
安阳 哈尔滨
秦皇岛 赣州
汕头 阿里
广州 台州
郑州 西昌
富蕴 泸州
赤峰 西宁
台州 邢台
济宁 池州
西宁 黄龙
博乐 嘉峪关
赣州 吐鲁番
漠河 达州
鄯善 张家界
安阳 中卫
鄂尔多斯 包头
大同 永州
阿克苏 克拉玛依
蚌埠 喀纳斯
济南 昭通
井冈山 库车
兰州 敦煌
梧州 伊春
泸州 大庆
喀什 林芝
北京 塔城
杭州 济宁
喀什 海拉尔
文山 吉安
襄阳 昆明
且末 桂林
重庆 威海
腾冲 克拉玛依
恩施 长春
惠州 朝阳
海口 乌海
朝阳 牡丹江
赣州 黄山
天津 贵阳
西宁 荔波
黎平 芜湖
池州 济宁
满洲里 南充
黔江 邯郸
深圳 张家口
中卫 哈尔滨
福州 长春
荔波 重庆
乌兰浩特 永州
大同 柳州
锦州 乌兰浩特
乌鲁木齐 运城
日喀则 塔城
长沙 洛阳
合肥 临沧
九江 西宁
洛阳 南阳
永州 济南
昌都 武汉
宜春 腾冲
库尔勒 二连浩特
富蕴 合肥
临沧 荔波
洛阳 井冈山
井冈山 安康
重庆 安康
二连浩特 吉安
西宁 富蕴
哈密 昆明
武夷山 唐山
乌海 盐城
邢台 上海
吉安 临沧
赣州 临沧
淮安 台州
东营 泸州
保山 常州
南阳 海拉尔
常州 和田
南昌 攀枝花
九江 长治
固原 朝阳
汕头 加格达奇
阜阳 大同
济南 达州
汕头 盐城
库车 汕头
广州 乌兰浩特
兴城 梧州
青岛 丹东
张家界 温州
成都 乌兰浩特
库车 榆林
扬州 西昌
阜阳 铜仁
广元 舟山
张掖 长海
成都 天水
舟山 长春
黎平 海口
乌鲁木齐 博乐
威海 东营
玉树 塔城
绵阳 乌兰浩特
三亚 九江
武夷山 南充
梁平 南京
青岛 吐鲁番
张家口 大连
攀枝花 庐山
长治 桂林
景德镇 齐齐哈尔
威海 加格达奇
昌都 昆明
日喀则 庆阳
张家界 阿勒泰
万州 珠海
富蕴 塔城
漠河 景德镇
黑河 攀枝花
扬州 桂林
腾冲 延安
宜宾 且末
海拉尔 阜阳
唐山 庆阳
乌兰浩特 唐山
杭州 鸡西
秦皇岛 安庆
康定 济南
达州 攀枝花
泸州 北海
广元 塔城
上海 思茅
邢台 宁波
遵义 宜昌
张掖 牡丹江
宁波 连城
厦门 荔波
库车 宜春
梅县 漠河
阜阳 汉中
三亚 思茅
大庆 喀什
大连 佛山
黄山 锡林浩特
腾冲 天津
泸州 榆林
哈密 格尔木
毕节 西双版纳
厦门 鸡西
康定 南昌
梁平 大连
昆明 宁波
玉树 郑州
韶关 桂林
和田 安庆
毕节 加格达奇
铜仁 安阳
温州 蚌埠
温州 惠州
丽江 文山
拉萨 永州
连云港 巴彦淖尔
桂林 和田
安阳 保山
昌都 庆阳
毕节 克拉玛依
佳木斯 喀什
绵阳 芒市
深圳 长治
敦煌 荔波
温泉 通辽
唐山 铜仁
库车 库尔勒
恩施 芒市
宁波 达州
赣州 中卫
石家庄 海拉尔
合肥 武汉
南京 郑州
大庆 永州
邢台 保山
郑州 永州
吉安 锡林浩特
包头 固原
锡林浩特 沙市
乌兰浩特 和田
南阳 哈密
张家界 武夷山
无锡 烟台
哈密 运城
库车 荔波
襄阳 太原
威海 韶关
遵义 蚌埠
南充 三亚
二连浩特 梧州
昭通 银川
宜宾 运城
安康 林芝
潍坊 鄯善
库尔勒 北海
吉安 庆阳
武汉 安康
百色 塔城
海口 潍坊
乌鲁木齐 大连
惠州 武夷山
梁平 阿尔山
秦皇岛 汕头
荔波 景德镇
锡林浩特 金昌
巴彦淖尔 三亚
庆阳 阿里
成都 深圳
衢州 和田
南昌 伊宁
连城 思茅
广元 嘉峪关
榆林 和田
佛山 百色
阜阳 济宁
黄山 九江
佳木斯 富蕴
东营 锡林浩特
昌都 温州
成都 宜昌
赤峰 百色
安阳 拉萨
塔城 长海
海拉尔 东营
黑河 张家界
义乌 湛江
库尔勒 佳木斯
潍坊 梁平
池州 井冈山
满洲里 台州
济南 沙市
乌鲁木齐 蚌埠
上海 扬州
庐山 温州
拉萨 中卫
唐山 锡林浩特
梧州 天水
芒市 衢州
梅县 广汉
文山 安庆
库尔勒 格尔木
厦门 日喀则
运城 乌兰浩特
和田 九江
阿里 邢台
毕节 厦门
南宁 天水
安阳 天津
佛山 汕头
成都 喀纳斯
林芝 青岛
厦门 广汉
衢州 乌海
扬州 富蕴
南宁 连城
惠州 兴城
广元 西安
拉萨 延吉
温州 舟山
梁平 运城
常德 梧州
文山 南宁
朝阳 鸡西
天津 淮安
常州 湛江
锦州 思茅
昭通 呼和浩特
温州 贵阳
大同 广元
梅县 喀什
徐州 伊春
湛江 银川
毕节 吉安
牡丹江 长白山
吐鲁番 重庆
保山 榆林
扬州 库车
玉树 烟台
伊春 宜宾
大连 朝阳
海拉尔 安顺
香格里拉 唐山
沈阳 康定
康定 金昌
柳州 景德镇
佳木斯 乌兰浩特
康定 阿勒泰
广元 丽江
张掖 唐山
思茅 邯郸
鄂尔多斯 榆林
梅县 北京
阿里 韶关
广元 黄龙
长治 梁平
温州 沈阳
伊春 庆阳
满洲里 盐城
连云港 南通
长海 朝阳
腾冲 日喀则
南昌 锡林浩特
广州 广汉
林芝 台州
敦煌 三亚
鄯善 临沧
喀什 保山
鸡西 那提拉
黄山 汉中
黔江 贵阳
张家界 西宁
万州 海口
博乐 日喀则
安康 张家界
思茅 武汉
沈阳 喀纳斯
衡阳 惠州
洛阳 太原
海拉尔 天水
乌海 济南
芷江 宜昌
二连浩特 塔城
鄂尔多斯 秦皇岛
厦门 达州
惠州 西昌
北京 芒市
荔波 晋江
威海 唐山
阜阳 保山
徐州 南通
长治 安庆
佳木斯 昭通
且末 黑河
乌海 南昌
嘉峪关 晋江
阿勒泰 海拉尔
香格里拉 沙市
黄山 博乐
拉萨 伊春
杭州 衡阳
哈尔滨 拉萨
恩施 大同
天水 朝阳
拉萨 佳木斯
宜昌 池州
阿里 荔波
惠州 毕节
伊春 呼和浩特
乌海 济宁
威海 徐州
佳木斯 榆林
昌都 宁波
博乐 安庆
昆明 沙市
伊春 南宁
长春 临沧
南昌 徐州
昌都 万州
广元 长治
巴彦淖尔 西昌
安康 库车
鄯善 长春
长沙 深圳
临沧 惠州
阜阳 连城
百色 佛山
昭通 邢台
锡林浩特 黄龙
宜宾 北京
银川 西安
昭通 景德镇
邯郸 遵义
石家庄 银川
邢台 哈尔滨
呼和浩特 香格里拉
库车 遵义
佛山 东营
塔城 扬州
广州 武汉
敦煌 格尔木
铜仁 无锡
合肥 中卫
乌兰浩特 拉萨
乌鲁木齐 兰州
阿里 延安
鄯善 满洲里
格尔木 库车
长沙 西宁
通化 临沧
阿尔山 大理
南通 福州
天津 西安
兴城 秦皇岛
呼和浩特 西宁
朝阳 常州
宜昌 巴彦淖尔
喀纳斯 临沧
淮安 泸州
台州 成都
沙市 晋江
富蕴 三亚
满洲里 大庆
厦门 北海
合肥 铜仁
长春 玉树
通化 万州
伊春 温泉
康定 黔江
长治 丽江
黎平 喀纳斯
金昌 锦州
佛山 吐鲁番
运城 满洲里
昆明 运城
常德 襄阳
包头 文山
洛阳 朝阳
运城 汉中
梧州 盐城
宜昌 哈尔滨
深圳 杭州
锡林浩特 库车
鄂尔多斯 南昌
日喀则 榆林
乌鲁木齐 南阳
伊宁 泸州
腾冲 上海
阿克苏 绵阳
南宁 广汉
福州 舟山
盐城 大连
上海 景德镇
阿克苏 金昌
昭通 张掖
包头 长沙
汉中 富蕴
库车 沙市
银川 兴义
武夷山 克拉玛依
丽江 广州
广元 鞍山
乌鲁木齐 满洲里
乌鲁木齐 盐城
连城 邯郸
桂林 阿勒泰
张掖 徐州
宜春 大理
宜昌 张掖
安阳 贵阳
巴彦淖尔 湛江
腾冲 大连
邯郸 济宁
宁波 日喀则
广州 蚌埠
银川 潍坊
沈阳 青岛
满洲里 兴义
郑州 保山
赣州 威海
银川 南通
海拉尔 扬州
义乌 鞍山
库车 沈阳
永州 巴彦淖尔
安顺 连城
常德 杭州
洛阳 毕节
珠海 吉安
兴城 哈密
长白山 克拉玛依
延安 秦皇岛
黔江 塔城
昌都 南通
哈尔滨 吉安
湛江 黄山
汉中 长海
长沙 杭州
扬州 锡林浩特
鸡西 安阳
合肥 韶关
佛山 那提拉
广州 厦门
武夷山 南京
连云港 天津
满洲里 桂林
长治 郑州
宜宾 连云港
台州 阿克苏
张家界 敦煌
通辽 南充
吐鲁番 湛江
齐齐哈尔 长白山
大同 锡林浩特
吐鲁番 嘉峪关
库车 黎平
晋江 盐城
沙市 中卫
克拉玛依 大同
大连 鸡西
义乌 黄山
杭州 博乐
天水 合肥
宜昌 兴义
桂林 吐鲁番
哈密 洛阳
克拉玛依 运城
南通 宜昌
天水 长海
博乐 康定
张家口 太原
延吉 呼和浩特
淮安 牡丹江
芜湖 延安
沈阳 黑河
桂林 成都
淮安 通化
南通 梁平
康定 常德
二连浩特 盐城
荔波 义乌
梁平 拉萨
蚌埠 秦皇岛
昌都 昭通
腾冲 和田
敦煌 庆阳
绵阳 阿里
包头 和田
烟台 通化
南充 庆阳
那提拉 深圳
义乌 井冈山
通辽 二连浩特
南阳 鄯善
敦煌 秦皇岛
延吉 嘉峪关
那提拉 衡阳
黑河 庆阳
赤峰 香格里拉
库尔勒 昌都
达州 乌鲁木齐
广州 牡丹江
柳州 深圳
合肥 梁平
义乌 常德
成都 塔城
榆林 黄龙
南宁 广州
喀纳斯 芜湖
漠河 黑河
沙市 合肥
潍坊 温泉
景德镇 张掖
乌兰浩特 邢台
常州 朝阳
延安 荔波
鄂尔多斯 兰州
景德镇 海拉尔
井冈山 满洲里
西宁 大理
长沙 绵阳
固原 赣州
伊宁 加格达奇
张家口 哈密
沈阳 东营
扬州 宁波
拉萨 博乐
运城 大理
池州 乌兰浩特
张家口 福州
长海 腾冲
拉萨 安康
秦皇岛 富蕴
运城 达州
遵义 盐城
合肥 黔江
二连浩特 绵阳
常德 柳州
宁波 泸州
温州 赣州
汕头 安康
敦煌 银川
富蕴 连城
泸州 永州
玉树 中卫
芜湖 济宁
锦州 且末
张家口 永州
加格达奇 潍坊
汉中 大同
通辽 三亚
榆林 丽江
锦州 义乌
固原 邢台
加格达奇 邯郸
重庆 长海
赣州 邯郸
湛江 且末
威海 乌兰浩特
梅县 广州
齐齐哈尔 昆明
池州 锦州
万州 达州
佳木斯 连城
长海 那提拉
绵阳 徐州
西双版纳 临沧
海口 宁波
南阳 宜春
贵阳 西安
石家庄 景德镇
西安 连城
赣州 汉中
巴彦淖尔 百色
富蕴 伊宁
朝阳 丽江
广州 南昌
张掖 井冈山
香格里拉 塔城
长海 张家口
邢台 锡林浩特
青岛 井冈山
遵义 威海
鄂尔多斯 广汉
拉萨 临沂
加格达奇 拉萨
唐山 阿尔山
扬州 常德
贵阳 台州
佛山 昭通
无锡 梧州
吉安 桂林
衢州 梁平
海拉尔 邯郸
唐山 齐齐哈尔
毕节 惠州
乌海 吐鲁番
运城 格尔木
满洲里 敦煌
呼和浩特 海口
上海 金昌
塔城 三亚
金昌 大理
西昌 天津
黄龙 富蕴
张家口 鞍山
运城 济宁
天水 广汉
宜宾 鄂尔多斯
铜仁 芒市
固原 铜仁
安顺 兰州
哈尔滨 大理
大庆 长白山
天水 日喀则
兴义 重庆
九江 百色
通化 长海
安康 包头
昭通 锦州
伊宁 银川
林芝 汕头
郑州 芜湖
乌鲁木齐 上海
武夷山 舟山
西安 克拉玛依
大连 秦皇岛
梁平 遵义
合肥 天津
黔江 鄂尔多斯
乌兰浩特 玉树
赣州 丽江
南充 香格里拉
秦皇岛 西安
广州 长白山
嘉峪关 张掖
北京 二连浩特
芒市 威海
阿克苏 延安
绵阳 湛江
武汉 淮安
佳木斯 永州
上海 佳木斯
佳木斯 伊春
牡丹江 广汉
张家界 保山
丽江 义乌
广州 长海
上海 邢台
通化 常州
巴彦淖尔 铜仁
安阳 康定
哈密 昌都
百色 连城
昆明 思茅
南昌 黔江
南昌 铜仁
芜湖 黑河
南京 宜宾
安顺 合肥
金昌 宜昌
韶关 庆阳
汕头 金昌
西昌 天水
鄯善 大同
扬州 昭通
青岛 嘉峪关
大同 武汉
张家界 锡林浩特
永州 大连
锦州 兴义
厦门 昭通
惠州 蚌埠
安庆 昌都
阜阳 拉萨
巴彦淖尔 北海
喀什 合肥
庆阳 昌都
恩施 宜春
蚌埠 梅县
乌鲁木齐 达州
安庆 赣州
梧州 温泉
潍坊 南通
湛江 库车
汉中 那提拉
加格达奇 格尔木
青岛 重庆
榆林 湛江
长白山 万州
伊春 太原
太原 牡丹江
拉萨 昭通
通化 桂林
通辽 黔江
潍坊 福州
广元 扬州
井冈山 长海
西宁 博乐
梁平 珠海
黄山 文山
长沙 宜宾
西双版纳 腾冲
南通 赤峰
衢州 秦皇岛
且末 秦皇岛
昭通 韶关
大庆 日喀则
郑州 沈阳
恩施 毕节
济南 阿尔山
库尔勒 蚌埠
九江 桂林
梅县 乌兰浩特
汕头 上海
乌海 惠州
芷江 台州
汕头 青岛
景德镇 长沙
芒市 延安
安庆 嘉峪关
邯郸 梅县
鄯善 银川
敦煌 吐鲁番
深圳 石家庄
天水 拉萨
阿克苏 库尔勒
黄龙 安阳
哈密 重庆
兴义 北京
朝阳 舟山
西安 洛阳
深圳 兰州
无锡 桂林
漠河 宜春
青岛 满洲里
鄯善 沈阳
和田 富蕴
延安 攀枝花
延吉 武夷山
济南 张掖
九江 天水
鄯善 安顺
珠海 福州
临沂 库尔勒
丹东 佛山
银川 昆明
塔城 中卫
百色 乌鲁木齐
威海 赣州
延安 锦州
沈阳 二连浩特
潍坊 榆林
梧州 鞍山
深圳 蚌埠
扬州 哈密
常州 三亚
南宁 大连
沈阳 延吉
济宁 昆明
泸州 昌都
锡林浩特 惠州
满洲里 昭通
临沂 银川
长治 南阳
秦皇岛 南昌
阜阳 运城
恩施 加格达奇
克拉玛依 贵阳
长白山 常德
恩施 襄阳
阿里 盐城
沈阳 大连
大同 南阳
徐州 芒市
广汉 佳木斯
唐山 义乌
天津 厦门
西安 二连浩特
南充 盐城
延吉 克拉玛依
哈密 富蕴
长沙 阿勒泰
长沙 郑州
泸州 济宁
青岛 腾冲
深圳 临沂
保山 三亚
柳州 石家庄
黄山 贵阳
保山 台州
阿里 万州
南昌 哈密
二连浩特 贵阳
温州 思茅
和田 朝阳
安康 张掖
淮安 阜阳
喀什 绵阳
赣州 武夷山
义乌 朝阳
衢州 格尔木
张掖 宁波
黔江 义乌
通化 昭通
蚌埠 安庆
阿尔山 海口
安庆 库尔勒
锡林浩特 西宁
庐山 芷江
福州 达州
福州 襄阳
厦门 金昌
塔城 梧州
庐山 乌鲁木齐
韶关 宁波
加格达奇 太原
芷江 锦州
合肥 安顺
安顺 伊春
朝阳 南昌
常州 惠州
北京 绵阳
牡丹江 安阳
上海 西宁
运城 锡林浩特
威海 长白山
舟山 永州
上海 邯郸
邯郸 恩施
芷江 哈密
义乌 惠州
武夷山 柳州
昭通 福州
连云港 庐山
柳州 哈尔滨
安阳 洛阳
康定 梁平
大理 杭州
延吉 西安
乌鲁木齐 哈密
运城 梧州
井冈山 长治
包头 库尔勒
西双版纳 榆林
西安 吉安
韶关 乌海
玉树 康定
天水 韶关
芷江 且末
那提拉 佳木斯
伊宁 鄂尔多斯
林芝 池州
锡林浩特 西安
日喀则 喀什
深圳 扬州
梧州 安阳
黄山 黔江
安顺 井冈山
昭通 淮安
银川 天水
芜湖 深圳
嘉峪关 长白山
庐山 宁波
池州 丽江
那提拉 武汉
威海 丽江
阿克苏 临沧
襄阳 大理
延吉 金昌
徐州 兰州
广州 湛江
博乐 百色
舟山 吉安
赤峰 北京
梧州 昭通
昆明 万州
鄂尔多斯 天津
韶关 杭州
佳木斯 庐山
芒市 桂林
锦州 长治
长春 上海
徐州 喀什
张家界 百色
大庆 佛山
海拉尔 锦州
安顺 宁波
西昌 衢州
鞍山 阜阳
包头 郑州
通化 哈尔滨
汕头 张掖
恩施 济宁
韶关 芜湖
井冈山 齐齐哈尔
三亚 淮安
青岛 合肥
昆明 喀什
哈密 福州
洛阳 克拉玛依
阿尔山 桂林
绵阳 吉安
连城 安顺
昭通 铜仁
齐齐哈尔 贵阳
日喀则 井冈山
惠州 威海
佳木斯 玉树
泸州 格尔木
常德 贵阳
那提拉 柳州
库车 阜阳
丹东 沈阳
张掖 康定
延吉 兰州
池州 恩施
海拉尔 那提拉
库尔勒 连云港
扬州 伊宁
厦门 哈密
遵义 梁平
鸡西 安顺
包头 沙市
博乐 安阳
且末 乌鲁木齐
西安 常州
安康 大理
固原 珠海
金昌 二连浩特
舟山 塔城
石家庄 烟台
运城 上海
伊宁 张家界
黔江 兴城
宜宾 连城
哈密 库尔勒
襄阳 鄂尔多斯
长沙 锦州
永州 文山
扬州 塔城
常德 保山
南京 永州
济宁 贵阳
鄂尔多斯 安顺
鸡西 柳州
兴城 汉中
库车 加格达奇
芒市 兴城
哈密 衡阳
临沂 昆明
呼和浩特 广汉
阿勒泰 泸州
达州 济宁
昭通 鞍山
西安 温州
通化 武夷山
鄯善 井冈山
荔波 邢台
张掖 柳州
汕头 鄂尔多斯
连云港 哈密
庐山 天津
威海 烟台
思茅 广元
扬州 长白山
阿里 南通
赤峰 广汉
常州 大连
邢台 加格达奇
富蕴 宜宾
绵阳 临沂
阿勒泰 和田
长治 拉萨
重庆 朝阳
克拉玛依 富蕴
牡丹江 漠河
济南 南昌
喀纳斯 衢州
喀什 博乐
南京 齐齐哈尔
巴彦淖尔 恩施
朝阳 榆林
临沂 衢州
长白山 上海
成都 玉树
敦煌 大理
衡阳 延吉
赣州 阿里
黎平 香格里拉
朝阳 温州
运城 昌都
哈尔滨 伊春
泸州 威海
井冈山 芷江
舟山 中卫
郑州 吉安
长沙 汕头
嘉峪关 通化
喀纳斯 克拉玛依
邯郸 西安
百色 乌海
青岛 通化
黑河 深圳
秦皇岛 金昌
广元 宜昌
黎平 永州
汕头 格尔木
秦皇岛 厦门
临沂 温泉
邯郸 黄龙
沈阳 拉萨
张家口 佳木斯
洛阳 黑河
中卫 永州
连城 南昌
西昌 阿尔山
喀什 常州
乌鲁木齐 郑州
合肥 徐州
汕头 洛阳
成都 百色
黄龙 安康
海拉尔 鞍山
黄山 格尔木
牡丹江 加格达奇
长治 漠河
庐山 香格里拉
玉树 芷江
北京 荔波
宜宾 玉树
天水 榆林
牡丹江 烟台
伊春 鞍山
通辽 昌都
兰州 日喀则
海拉尔 北京
喀纳斯 永州
塔城 张家口
库车 大同
长沙 石家庄
博乐 邯郸
晋江 大理
包头 庐山
固原 思茅
梅县 佳木斯
杭州 海拉尔
库车 韶关
佳木斯 乌海
佳木斯 满洲里
银川 玉树
海口 遵义
昆明 西宁
郑州 且末
石家庄 鄂尔多斯
和田 扬州
万州 深圳
烟台 衡阳
丽江 临沧
贵阳 百色
汕头 临沧
榆林 贵阳
二连浩特 惠州
喀纳斯 宜昌
赣州 且末
昭通 大庆
衡阳 敦煌
临沧 唐山
博乐 西昌
吉安 兴城
榆林 加格达奇
南京 海口
安阳 汉中
通辽 敦煌
安庆 加格达奇
百色 丽江
南昌 库尔勒
库尔勒 临沂
中卫 巴彦淖尔
佳木斯 齐齐哈尔
合肥 毕节
林芝 伊宁
黄山 湛江
吉安 广汉
香格里拉 库尔勒
池州 阿尔山
三亚 昭通
梅县 海拉尔
贵阳 阿里
重庆 柳州
沙市 南宁
南充 重庆
上海 长沙
万州 遵义
徐州 昆明
天水 烟台
百色 哈尔滨
黔江 西昌
衢州 连城
济南 鄯善
塔城 伊春
哈密 黔江
文山 汕头
长海 昆明
哈尔滨 百色
西昌 井冈山
池州 天津
伊春 乌鲁木齐
大理 义乌
且末 连云港
鄂尔多斯 长春
广元 汕头
赣州 徐州
黄龙 沈阳
昌都 鄂尔多斯
邯郸 长沙
景德镇 临沧
哈密 郑州
大连 吉安
林芝 阿克苏
宁波 阿克苏
博乐 连云港
秦皇岛 威海
台州 绵阳
柳州 塔城
东营 重庆
景德镇 烟台
安阳 长海
太原 乌兰浩特
博乐 乌鲁木齐
安庆 广汉
锦州 济南
毕节 固原
汉中 安阳
庆阳 哈尔滨
池州 黄龙
玉树 恩施
安阳 杭州
通辽 阿尔山
兰州 沙市
宜春 南充
宁波 兰州
阜阳 毕节
池州 鄯善
乌海 黑河
昭通 吐鲁番
庐山 昆明
南昌 烟台
遵义 通化
吐鲁番 庐山
宜昌 贵阳
桂林 香格里拉
武汉 腾冲
珠海 威海
临沧 合肥
威海 台州
敦煌 成都
文山 荔波
北京 满洲里
海拉尔 潍坊
宜宾 广州
保山 宜春
锦州 铜仁
香格里拉 百色
黄山 桂林
阿勒泰 包头
衢州 漠河
大连 南充
富蕴 义乌
三亚 绵阳
玉树 晋江
昌都 富蕴
温泉 兴义
湛江 成都
海口 日喀则
黎平 桂林
和田 玉树
淮安 保山
阿里 衡阳
温州 厦门
呼和浩特 连城
连云港 遵义
徐州 吐鲁番
黔江 宜昌
牡丹江 西昌
百色 太原
鄯善 二连浩特
广汉 南宁
连云港 西安
齐齐哈尔 富蕴
大庆 安庆
东营 南京
和田 珠海
南宁 宜春
喀纳斯 贵阳
潍坊 武汉
邯郸 鄂尔多斯
塔城 遵义
三亚 永州
连云港 无锡
青岛 哈尔滨
昆明 荔波
安庆 庆阳
景德镇 温泉
临沧 宜春
通化 北海
梁平 芜湖
呼和浩特 伊春
泸州 邯郸
常州 康定
锡林浩特 玉树
昭通 伊春
黄龙 南阳
永州 伊春
大庆 南阳
沙市 东营
哈尔滨 池州
哈尔滨 阿尔山
齐齐哈尔 林芝
万州 庆阳
邯郸 上海
庐山 攀枝花
张家口 洛阳
芷江 晋江
延安 衢州
舟山 遵义
宜宾 台州
黄山 芒市
长沙 唐山
威海 鸡西
延吉 临沂
兴城 西宁
宁波 桂林
固原 文山
永州 银川
思茅 南京
广汉 克拉玛依
张家口 丽江
香格里拉 芜湖
南充 淮安
唐山 牡丹江
金昌 鸡西
丹东 庐山
邢台 福州
通化 大连
惠州 无锡
韶关 大庆
湛江 三亚
黄龙 长沙
梅县 固原
梅县 乌鲁木齐
湛江 固原
珠海 梧州
郑州 安阳
常德 嘉峪关
长海 太原
大连 梅县
文山 库车
长春 福州
满洲里 庆阳
攀枝花 广元
伊春 长治
伊春 无锡
潍坊 格尔木
常州 金昌
威海 嘉峪关
扬州 运城
上海 连云港
康定 荔波
漠河 南宁
宜昌 梁平
无锡 合肥
舟山 东营
衢州 锡林浩特
满洲里 乌兰浩特
韶关 且末
金昌 衢州
太原 晋江
遵义 长沙
阿里 博乐
柳州 康定
福州 绵阳
连城 广元
锡林浩特 西双版纳
潍坊 黎平
乌兰浩特 乌海
长春 吉安
腾冲 铜仁
锡林浩特 敦煌
淮安 伊春
鞍山 巴彦淖尔
乌兰浩特 安顺
三亚 且末
武汉 攀枝花
北海 安顺
石家庄 昆明
张家界 且末
汉中 蚌埠
西宁 伊宁
加格达奇 兴城
梧州 常州
百色 盐城
扬州 阿里
漠河 攀枝花
铜仁 满洲里
达州 景德镇
石家庄 库车
西宁 芜湖
富蕴 固原
天水 赤峰
阿勒泰 南阳
那提拉 芒市
惠州 泸州
嘉峪关 青岛
恩施 西宁
延安 喀什
昭通 腾冲
兰州 天津
天津 库车
兴义 温泉
吉安 喀纳斯
赤峰 丽江
巴彦淖尔 威海
晋江 遵义
韶关 铜仁
敦煌 绵阳
大理 巴彦淖尔
沈阳 宁波
常德 锦州
温州 邢台
长春 天水
沈阳 吐鲁番
腾冲 包头
博乐 广汉
天水 北海
洛阳 泸州
广元 芜湖
芷江 丽江
黔江 庆阳
济南 南宁
阿尔山 中卫
连城 攀枝花
乌海 义乌
庐山 长沙
济宁 武夷山
石家庄 乌鲁木齐
台州 博乐
佳木斯 思茅
海口 银川
安康 湛江
昌都 保山
西安 长沙
邯郸 芷江
长沙 通辽
青岛 长白山
天水 淮安
海拉尔 嘉峪关
海拉尔 南京
襄阳 伊春
张掖 汉中
鞍山 扬州
宜昌 通辽
巴彦淖尔 塔城
牡丹江 庆阳
南充 丹东
韶关 温州
敦煌 黄龙
丽江 南宁
柳州 敦煌
赤峰 安阳
林芝 铜仁
池州 荔波
梅县 中卫
延吉 恩施
铜仁 且末
井冈山 阿里
绵阳 漠河
广州 张家口
鄯善 贵阳
襄阳 南京
榆林 青岛
杭州 牡丹江
永州 毕节
朝阳 兴义
呼和浩特 腾冲
固原 芷江
芜湖 唐山
牡丹江 延吉
梅县 那提拉
格尔木 西昌
长春 惠州
大同 沈阳
南阳 宜宾
伊春 广汉
南宁 吐鲁番
衡阳 且末
广州 中卫
西安 延安
深圳 衢州
沙市 衡阳
丽江 安阳
巴彦淖尔 大庆
阿克苏 芜湖
文山 南充
南昌 阿勒泰
康定 榆林
昌都 汉中
太原 秦皇岛
丹东 襄阳
邢台 晋江
延安 思茅
万州 西双版纳
上海 临沧
喀纳斯 义乌
济宁 西宁
安庆 连城
南阳 唐山
西宁 青岛
上海 拉萨
哈尔滨 思茅
长白山 昆明
上海 济南
长治 洛阳
毕节 塔城
南阳 阿克苏
满洲里 济南
潍坊 阿勒泰
南充 芷江
汕头 衢州
福州 邢台
宁波 南宁
武夷山 腾冲
香格里拉 南阳
拉萨 库车
赣州 大庆
无锡 佛山
太原 鸡西
黔江 拉萨
敦煌 贵阳
九江 大庆
义乌 固原
阜阳 延安
义乌 长白山
恩施 思茅
库尔勒 广州
伊宁 桂林
厦门 乌海
塔城 通辽
宜昌 库尔勒
张家口 延安
康定 杭州
衡阳 南京
晋江 铜仁
黔江 荔波
石家庄 安顺
长沙 东营
张家口 宜昌
秦皇岛 庐山
临沂 腾冲
福州 汉中
锡林浩特 黔江
大理 徐州
长白山 淮安
榆林 深圳
哈尔滨 淮安
绵阳 库车
和田 库车
重庆 安顺
黎平 博乐
中卫 运城
海口 大理
西双版纳 桂林
庆阳 荔波
西昌 南通
阿勒泰 淮安
且末 合肥
泸州 富蕴
芷江 石家庄
海拉尔 毕节
西安 格尔木
满洲里 康定
佳木斯 长海
合肥 张家界
广汉 大庆
大理 东营
昆明 黔江
思茅 富蕴
杭州 合肥
金昌 九江
杭州 库车
伊宁 长白山
大理 庐山
潍坊 绵阳
和田 西双版纳
厦门 阿尔山
武汉 张家界
南宁 哈尔滨
威海 吉安
延安 南阳
长春 兴城
西宁 赤峰
南昌 安康
昆明 宜昌
朝阳 秦皇岛
运城 武夷山
郑州 天水
安康 漠河
佛山 黔江
吐鲁番 满洲里
金昌 佛山
吐鲁番 黎平
广元 林芝
北京 玉树
昭通 荔波
二连浩特 兰州
毕节 湛江
腾冲 博乐
常德 腾冲
台州 衡阳
邢台 吉安
和田 临沧
宜宾 黄龙
义乌 富蕴
西昌 广州
宜宾 成都
邯郸 北海
昌都 丽江
汉中 嘉峪关
佛山 盐城
郑州 鞍山
康定 库车
芷江 文山
和田 北京
太原 安康
南通 延吉
天津 徐州
阿勒泰 芷江
三亚 佛山
荔波 银川
延安 宁波
庆阳 乌兰浩特
兴义 思茅
中卫 加格达奇
晋江 鸡西
蚌埠 永州
荔波 乌鲁木齐
大庆 衢州
桂林 乌鲁木齐
珠海 朝阳
巴彦淖尔 南充
阿尔山 庆阳
乌兰浩特 天水
鄯善 合肥
昆明 温州
遵义 日喀则
铜仁 昆明
济宁 金昌
黄山 昆明
石家庄 哈尔滨
敦煌 张家界
塔城 固原
遵义 攀枝花
南昌 温州
晋江 榆林
连云港 台州
安阳 锡林浩特
敦煌 梅县
昆明 佳木斯
贵阳 库车
富蕴 玉树
林芝 锦州
赤峰 二连浩特
厦门 思茅
威海 阿尔山
丽江 庆阳
阿克苏 晋江
通化 海口
鄯善 安康
大理 乌海
安顺 北海
南昌 长沙
西双版纳 洛阳
巴彦淖尔 临沂
攀枝花 青岛
阜阳 固原
庆阳 通辽
长白山 梅县
深圳 丹东
淮安 贵阳
广汉 赣州
富蕴 牡丹江
黔江 大连
沙市 包头
延吉 南通
格尔木 张家口
烟台 伊宁
阿勒泰 西双版纳
沙市 和田
赤峰 朝阳
鸡西 衡阳
毕节 那提拉
杭州 梁平
广汉 长白山
锡林浩特 固原
厦门 永州
安阳 湛江
昆明 宜春
洛阳 邯郸
扬州 宜春
牡丹江 日喀则
青岛 徐州
万州 百色
哈尔滨 北京
二连浩特 宜昌
舟山 林芝
满洲里 洛阳
乌鲁木齐 宜宾
义乌 兴城
无锡 宜昌
昆明 柳州
芒市 赤峰
衡阳 嘉峪关
林芝 赤峰
兰州 阿克苏
遵义 乌海
鞍山 哈尔滨
贵阳 赤峰
吐鲁番 乌兰浩特
襄阳 西双版纳
衡阳 太原
衡阳 永州
丹东 南充
黔江 张掖
温泉 昌都
喀什 安康
常州 安庆
库尔勒 义乌
梅县 淮安
满洲里 汕头
衡阳 格尔木
合肥 西安
临沧 韶关
成都 张家口
漠河 毕节
宁波 朝阳
延吉 芒市
济宁 盐城
唐山 安阳
中卫 二连浩特
延安 晋江
佳木斯 锡林浩特
温泉 威海
万州 香格里拉
威海 黄龙
连城 宜春
长治 上海
泸州 喀纳斯
齐齐哈尔 长春
湛江 庐山
柳州 锦州
合肥 塔城
榆林 芒市
林芝 固原
安庆 连云港
和田 温泉
秦皇岛 包头
兴义 鄂尔多斯
西双版纳 宜昌
赤峰 池州
九江 昌都
天水 桂林
兴义 牡丹江
东营 吐鲁番
唐山 武夷山
运城 榆林
梁平 大庆
衢州 中卫
舟山 沈阳
唐山 香格里拉
林芝 黑河
赤峰 绵阳
台州 三亚
衡阳 黎平
蚌埠 宁波
二连浩特 黎平
张掖 东营
池州 昌都
福州 漠河
无锡 晋江
安阳 无锡
香格里拉 台州
腾冲 朝阳
长沙 阿克苏
舟山 连云港
林芝 永州
北海 遵义
安顺 南充
兰州 攀枝花
邯郸 那提拉
博乐 榆林
芷江 博乐
井冈山 保山
保山 潍坊
喀纳斯 吐鲁番
东营 中卫
义乌 东营
秦皇岛 南充
锡林浩特 阿克苏
梁平 西昌
伊宁 阿尔山
宜昌 黄龙
永州 遵义
无锡 阿克苏
温泉 宁波
张掖 盐城
喀什 鸡西
湛江 温州
连城 西安
洛阳 连云港
武汉 襄阳
温泉 永州
阜阳 梁平
大同 长春
哈密 丹东
达州 三亚
黑河 厦门
太原 庐山
长沙 湛江
黑河 大庆
库尔勒 嘉峪关
和田 海拉尔
阜阳 荔波
福州 百色
日喀则 鸡西
哈密 哈尔滨
鞍山 昭通
济南 那提拉
攀枝花 重庆
铜仁 加格达奇
毕节 大同
吉安 北京
伊宁 康定
衡阳 克拉玛依
万州 舟山
康定 巴彦淖尔
潍坊 银川
安庆 梁平
郑州 淮安
广汉 常州
青岛 敦煌
九江 井冈山
固原 满洲里
青岛 林芝
百色 中卫
赤峰 西昌
西宁 库尔勒
合肥 芒市
乌海 烟台
厦门 南充
腾冲 荔波
深圳 济宁
兰州 连云港
拉萨 太原
临沧 兰州
太原 富蕴
康定 芒市
佛山 日喀则
南通 库车
思茅 厦门
敦煌 攀枝花
沈阳 恩施
厦门 长沙
嘉峪关 广汉
包头 遵义
保山 阜阳
和田 运城
阿里 扬州
赤峰 昆明
无锡 鄯善
梁平 景德镇
井冈山 南昌
武夷山 厦门
大连 宜昌
西双版纳 康定
喀什 中卫
玉树 锡林浩特
梁平 临沧
阿克苏 桂林
呼和浩特 乌兰浩特
加格达奇 天津
汉中 日喀则
长治 文山
唐山 惠州
玉树 石家庄
齐齐哈尔 鄯善
腾冲 重庆
温泉 和田
鸡西 黄龙
遵义 乌鲁木齐
固原 广汉
阿勒泰 齐齐哈尔
东营 攀枝花
北海 蚌埠
乌鲁木齐 拉萨
伊宁 庐山
大庆 兴城
西宁 林芝
赣州 上海
绵阳 赤峰
台州 安庆
荔波 无锡
百色 贵阳
蚌埠 格尔木
武汉 张掖
西安 呼和浩特
运城 林芝
伊宁 吉安
济南 海拉尔
格尔木 林芝
包头 衡阳
盐城 长治
永州 烟台
喀纳斯 金昌
义乌 安康
九江 林芝
长海 重庆
达州 温泉
阿克苏 达州
衡阳 牡丹江
韶关 阿里
南阳 秦皇岛
且末 阿尔山
南宁 乌兰浩特
济宁 梅县
林芝 广元
乌兰浩特 锡林浩特
洛阳 大连
昆明 兰州
银川 黔江
喀纳斯 运城
义乌 伊宁
敦煌 青岛
哈尔滨 襄阳
济宁 井冈山
梅县 韶关
黑河 珠海
南通 富蕴
克拉玛依 青岛
杭州 威海
广汉 包头
杭州 丽江
乌鲁木齐 石家庄
朝阳 安阳
天水 芷江
海口 梧州
阿里 运城
温泉 西昌
康定 烟台
恩施 广州
阿尔山 阿里
梁平 敦煌
汉中 阿尔山
北京 张家口
齐齐哈尔 西双版纳
兴城 温州
那提拉 南京
邢台 太原
阿里 百色
惠州 喀什
乌海 台州
武汉 永州
毕节 延安
温州 义乌
黎平 伊宁
朝阳 贵阳
万州 青岛
文山 武汉
伊春 包头
加格达奇 武夷山
广州 井冈山
郑州 喀纳斯
梁平 石家庄
芷江 丹东
烟台 通辽
晋江 湛江
张掖 赣州
黔江 长白山
铜仁 富蕴
南宁 包头
庐山 黑河
香格里拉 鞍山
那提拉 嘉峪关
乌兰浩特 连城
临沧 黑河
鄂尔多斯 且末
遵义 梧州
连城 鄯善
沈阳 盐城
哈尔滨 济宁
万州 鄂尔多斯
佳木斯 衢州
佛山 芜湖
宜春 毕节
黄龙 百色
海拉尔 吉安
桂林 保山
威海 贵阳
玉树 富蕴
银川 盐城
攀枝花 常德
长春 加格达奇
香格里拉 柳州
广州 天津
济南 梧州
芜湖 张家口
绵阳 恩施
铜仁 西宁
温州 巴彦淖尔
广汉 三亚
玉树 南通
张家界 洛阳
康定 兰州
义乌 通辽
佛山 西宁
伊宁 天水
安康 张家口
思茅 黄龙
鸡西 黔江
日喀则 芷江
南昌 北京
天水 遵义
临沧 福州
沙市 固原
绵阳 太原
绵阳 衢州
济宁 蚌埠
绵阳 沈阳
鞍山 绵阳
腾冲 锦州
柳州 格尔木
汕头 襄阳
芜湖 和田
黑河 南昌
北海 伊宁
文山 济南
厦门 遵义
吉安 青岛
吐鲁番 兰州
金昌 鄂尔多斯
百色 黄山
杭州 延吉
康定 大理
池州 南京
乌兰浩特 惠州
威海 北京
洛阳 天津
达州 大庆
阿尔山 包头
万州 温州
康定 毕节
湛江 兰州
宜宾 九江
邯郸 锡林浩特
杭州 克拉玛依
青岛 香格里拉
万州 博乐
塔城 长治
和田 广元
东营 昭通
格尔木 淮安
池州 海拉尔
鸡西 宜昌
阿克苏 惠州
锡林浩特 富蕴
赤峰 佳木斯
乌海 齐齐哈尔
绵阳 安康
黎平 西宁
福州 乌鲁木齐
鸡西 常德
安阳 芜湖
库尔勒 青岛
广州 呼和浩特
景德镇 北海
锦州 嘉峪关
梧州 佛山
台州 喀纳斯
朝阳 连城
淮安 克拉玛依
铜仁 长白山
乌兰浩特 西安
永州 武夷山
西昌 榆林
攀枝花 井冈山
呼和浩特 大连
济宁 朝阳
和田 那提拉
连云港 延吉
汉中 博乐
黑河 嘉峪关
舟山 乌鲁木齐
南昌 鸡西
常德 乌鲁木齐
南昌 昌都
庆阳 延安
张家界 鞍山
威海 南阳
榆林 广州
芷江 安阳
嘉峪关 广元
北京 金昌
嘉峪关 阿克苏
兰州 井冈山
东营 朝阳
赤峰 嘉峪关
伊宁 漠河
文山 安顺
济宁 腾冲
延吉 思茅
临沧 喀什
毕节 漠河
伊春 库尔勒
桂林 长白山
汉中 广元
成都 延安
无锡 杭州
临沂 安庆
牡丹江 宁波
伊春 绵阳
安康 梁平
朝阳 库尔勒
柳州 满洲里
郑州 康定
石家庄 庐山
洛阳 巴彦淖尔
阿克苏 那提拉
济宁 银川
宜春 邢台
嘉峪关 丹东
阜阳 日喀则
梁平 洛阳
包头 天津
吉安 兰州
格尔木 齐齐哈尔
喀纳斯 黎平
济南 嘉峪关
池州 烟台
乌海 大庆
汉中 南充
盐城 张家口
襄阳 西安
吉安 连城
泸州 黎平
延吉 且末
荔波 南京
舟山 文山
且末 绵阳
常德 潍坊
张家口 石家庄
佳木斯 鸡西
武夷山 天水
张掖 上海
惠州 库尔勒
济南 赣州
西宁 宁波
呼和浩特 长春
毕节 阿尔山
常德 北京
洛阳 银川
北京 井冈山
长治 兴义
丹东 恩施
敦煌 中卫
南昌 蚌埠
常州 临沧
阿勒泰 巴彦淖尔
齐齐哈尔 保山
万州 芜湖
张家口 昆明
朝阳 银川
宜宾 绵阳
保山 佳木斯
温泉 昭通
绵阳 芜湖
柳州 铜仁
庐山 韶关
喀什 文山
鸡西 连城
海口 佳木斯
包头 东营
沙市 西双版纳
南京 万州
南京 思茅
鄯善 广汉
汉中 文山
晋江 武汉
广元 衡阳
桂林 韶关
榆林 庆阳
大同 兰州
邯郸 吉安
梁平 广州
鄯善 伊宁
景德镇 济南
鄯善 和田
喀什 安阳
郑州 兰州
阜阳 盐城
兰州 黄龙
香格里拉 赣州
喀纳斯 淮安
黑河 乌鲁木齐
扬州 伊春
芜湖 宜昌
伊宁 金昌
临沂 韶关
长春 衢州
连云港 加格达奇
包头 南京
桂林 西昌
锦州 威海
达州 石家庄
芒市 康定
邢台 重庆
台州 思茅
济宁 芷江
大同 中卫
牡丹江 梁平
温泉 北海
张家界 恩施
林芝 杭州
林芝 大连
武夷山 敦煌
宜春 太原
天水 中卫
库尔勒 庆阳
西安 富蕴
湛江 林芝
遵义 塔城
二连浩特 芒市
兴义 盐城
青岛 张家界
锦州 巴彦淖尔
潍坊 淮安
那提拉 巴彦淖尔
博乐 南昌
常州 榆林
梧州 武夷山
康定 沙市
临沂 乌海
文山 拉萨
锡林浩特 宜宾
林芝 敦煌
杭州 二连浩特
临沧 北海
贵阳 天津
连云港 长春
海拉尔 长白山
徐州 二连浩特
连城 南京
无锡 庐山
义乌 安庆
洛阳 济宁
锡林浩特 通化
康定 深圳
黑河 黎平
厦门 满洲里
芜湖 梅县
兴义 阜阳
宜宾 格尔木
康定 赤峰
柳州 芷江
丽江 遵义
乌兰浩特 黔江
榆林 牡丹江
敦煌 盐城
香格里拉 临沧
泸州 福州
香格里拉 邢台
广州 阿勒泰
包头 烟台
锡林浩特 景德镇
天水 金昌
贵阳 加格达奇
达州 万州
张家界 固原
绵阳 宜昌
佛山 泸州
丽江 扬州
宜宾 呼和浩特
哈尔滨 锦州
唐山 井冈山
朝阳 常德
佛山 喀什
兴城 重庆
佳木斯 香格里拉
韶关 池州
思茅 连云港
扬州 阿克苏
阿尔山 邯郸
包头 潍坊
泸州 香格里拉
阿勒泰 温州
长海 邯郸
鞍山 九江
丹东 库车
铜仁 南充
盐城 乌兰浩特
西宁 厦门
固原 鄯善
太原 徐州
遵义 富蕴
锦州 香格里拉
库车 连城
南充 达州
哈尔滨 那提拉
博乐 张家口
汕头 济宁
延安 天水
延安 宜昌
鞍山 腾冲
鞍山 百色
石家庄 延吉
吉安 沈阳
鞍山 武夷山
且末 温泉
丹东 淮安
芜湖 黄龙
连城 成都
太原 嘉峪关
牡丹江 榆林
赣州 长白山
富蕴 北海
阿勒泰 大连
井冈山 潍坊
榆林 且末
阿勒泰 嘉峪关
伊春 黔江
沙市 贵阳
鸡西 昌都
佛山 安顺
兰州 宜宾
赤峰 佛山
广州 加格达奇
邯郸 牡丹江
南通 安康
塔城 成都
伊春 克拉玛依
宁波 南充
牡丹江 南充
长海 深圳
昌都 连城
重庆 铜仁
济南 柳州
阜阳 舟山
永州 梧州
格尔木 佛山
天津 池州
常州 襄阳
洛阳 长沙
黔江 温州
哈密 徐州
成都 济南
张掖 固原
南充 文山
衢州 青岛
毕节 黎平
鞍山 南通
敦煌 嘉峪关
大同 湛江
且末 安顺
张家口 广汉
蚌埠 呼和浩特
常州 阿尔山
那提拉 梧州
宜春 秦皇岛
韶关 烟台
石家庄 衢州
银川 广元
敦煌 大连
库尔勒 天水
佳木斯 敦煌
济宁 克拉玛依
扬州 兰州
长治 攀枝花
达州 博乐
厦门 腾冲
乌鲁木齐 香格里拉
九江 库车
惠州 天津
广州 长春
丽江 喀纳斯
吉安 绵阳
兴义 济南
黔江 康定
九江 格尔木
鄂尔多斯 芒市
长沙 汉中
济宁 佛山
潍坊 连云港
临沂 广元
台州 芜湖
徐州 哈尔滨
包头 牡丹江
韶关 黔江
保山 敦煌
常德 锡林浩特
合肥 永州
延安 景德镇
通辽 张家口
赤峰 伊春
库尔勒 郑州
贵阳 武汉
唐山 思茅
大庆 和田
富蕴 锦州
佛山 太原
西宁 郑州
金昌 通辽
吉安 温泉
无锡 成都
达州 阜阳
昌都 长海
太原 加格达奇
呼和浩特 库尔勒
丽江 芜湖
黎平 舟山
台州 无锡
固原 阿勒泰
宁波 康定
合肥 昆明
连云港 包头
西宁 临沂
通辽 南京
那提拉 昌都
鄂尔多斯 昭通
温州 盐城
长治 南宁
固原 天水
张掖 三亚
北海 库尔勒
南昌 昆明
庐山 毕节
香格里拉 南宁
长白山 毕节
黔江 阿勒泰
伊宁 湛江
兴城 贵阳
西宁 永州
安顺 大同
昭通 北海
梧州 晋江
包头 无锡
黄龙 保山
南充 大庆
保山 邯郸
连城 梁平
拉萨 绵阳
攀枝花 邯郸
思茅 温州
合肥 达州
成都 中卫
阿勒泰 张掖
达州 武汉
阜阳 延吉
遵义 大理
塔城 长春
拉萨 荔波
景德镇 惠州
固原 和田
丽江 南昌
广汉 宜昌
西宁 芷江
敦煌 常德
长白山 安顺
海拉尔 克拉玛依
南通 克拉玛依
天津 银川
和田 杭州
九江 二连浩特
盐城 成都
海口 呼和浩特
腾冲 衢州
思茅 佳木斯
衡阳 临沂
吉安 塔城
义乌 嘉峪关
汉中 西昌
吐鲁番 三亚
合肥 池州
海拉尔 威海
和田 石家庄
黑河 蚌埠
黄山 昌都
池州 敦煌
满洲里 汉中
汉中 库车
安庆 延安
哈尔滨 达州
长海 二连浩特
榆林 中卫
景德镇 敦煌
池州 黄山
广汉 汉中
阿里 东营
乌海 临沂
扬州 阜阳
满洲里 厦门
衢州 温泉
拉萨 盐城
乌兰浩特 加格达奇
乌鲁木齐 大庆
南充 厦门
常州 武汉
南阳 芷江
大同 福州
武夷山 保山
黄山 南充
黄山 西昌
常州 哈密
大连 兰州
安阳 阿勒泰
襄阳 长白山
延吉 敦煌
吉安 九江
黄山 池州
鄂尔多斯 重庆
芷江 乌鲁木齐
九江 兰州
满洲里 克拉玛依
南通 乌鲁木齐
铜仁 阿克苏
西双版纳 临沂
遵义 伊宁
常州 腾冲
连城 榆林
邢台 井冈山
锡林浩特 济宁
香格里拉 通化
福州 哈密
喀什 榆林
兴城 济宁
北京 鞍山
贵阳 塔城
大理 梁平
永州 安顺
厦门 二连浩特
郑州 福州
阿尔山 鸡西
汕头 博乐
柳州 吉安
塔城 临沂
伊宁 博乐
文山 宜昌
铜仁 乌鲁木齐
芷江 南京
大理 潍坊
永州 昌都
鞍山 广元
漠河 固原
连云港 阜阳
二连浩特 武夷山
昌都 洛阳
安康 延安
哈尔滨 库尔勒
丹东 大庆
宜宾 汕头
泸州 柳州
兰州 芷江
太原 衡阳
阿勒泰 南充
黄山 南阳
宁波 赣州
芷江 富蕴
伊宁 张家口
长春 长海
西昌 巴彦淖尔
乌鲁木齐 长海
塔城 兰州
泸州 南宁
攀枝花 淮安
衢州 沙市
大连 庆阳
襄阳 汉中
延吉 伊宁
九江 芒市
大同 厦门
康定 百色
固原 克拉玛依
襄阳 大同
济宁 威海
铜仁 那提拉
达州 郑州
重庆 阿尔山
丹东 黄龙
丽江 漠河
梧州 绵阳
黑河 南京
无锡 南昌
厦门 沈阳
鄂尔多斯 武夷山
襄阳 常德
赣州 长海
漠河 文山
连云港 襄阳
和田 郑州
大庆 天津
梅县 哈密
齐齐哈尔 烟台
齐齐哈尔 吐鲁番
巴彦淖尔 日喀则
杭州 昌都
张家口 九江
珠海 长春
西昌 烟台
荔波 芒市
林芝 常德
重庆 昆明
九江 淮安
大庆 汉中
广汉 锡林浩特
广州 济宁
深圳 阜阳
梅县 阿尔山
丽江 和田
且末 齐齐哈尔
运城 牡丹江
宜昌 深圳
安庆 伊春
芜湖 巴彦淖尔
秦皇岛 大庆
鄯善 庐山
郑州 大同
梧州 拉萨
阿克苏 昆明
义乌 博乐
长春 邢台
长白山 思茅
沙市 蚌埠
临沂 那提拉
连云港 安庆
温泉 铜仁
林芝 秦皇岛
文山 郑州
北海 二连浩特
长海 潍坊
韶关 丹东
兴城 玉树
南充 武汉
拉萨 黑河
鸡西 广汉
达州 赣州
济宁 温州
武夷山 邢台
西双版纳 兴义
池州 富蕴
宜昌 温泉
赣州 天水
漠河 大理
满洲里 郑州
玉树 西双版纳
齐齐哈尔 上海
张掖 昌都
襄阳 金昌
恩施 秦皇岛
锦州 临沧
佛山 张家界
齐齐哈尔 攀枝花
兰州 伊宁
长治 温州
厦门 晋江
长白山 无锡
库车 黄龙
扬州 太原
南通 舟山
昆明 长海
蚌埠 宜春
嘉峪关 长海
无锡 张掖
香格里拉 大理
林芝 牡丹江
锡林浩特 重庆
海拉尔 昆明
富蕴 晋江
黄龙 那提拉
克拉玛依 包头
延吉 温州
常德 万州
金昌 荔波
哈密 三亚
宜春 鄂尔多斯
运城 铜仁
毕节 邯郸
阿里 常州
漠河 襄阳
齐齐哈尔 西昌
哈密 常德
梁平 湛江
临沂 张家口
阿里 锦州
哈尔滨 固原
锡林浩特 格尔木
柳州 固原
宜昌 连城
青岛 攀枝花
昌都 银川
北京 武汉
长白山 唐山
湛江 哈密
济南 太原
运城 通化
青岛 张掖
宜昌 满洲里
南阳 黎平
嘉峪关 满洲里
漠河 汕头
乌鲁木齐 赤峰
吐鲁番 烟台
安庆 库车
锡林浩特 黎平
郑州 重庆
格尔木 广汉
连云港 唐山
兴城 上海
广元 兴城
潍坊 库尔勒
吐鲁番 徐州
邯郸 锦州
临沧 舟山
运城 大庆
芜湖 淮安
庐山 安庆
阿勒泰 达州
长春 黄山
湛江 宜宾
南通 攀枝花
连城 克拉玛依
博乐 吉安
丹东 喀什
固原 长治
汕头 庐山
张家口 惠州
达州 宜宾
深圳 库车
遵义 井冈山
大连 南阳
加格达奇 文山
思茅 鸡西
安庆 鸡西
常德 宜宾
克拉玛依 西昌
包头 乌兰浩特
北京 舟山
广汉 塔城
长春 通化
安顺 广州
博乐 长春
喀纳斯 广州
广州 沈阳
哈密 日喀则
济南 攀枝花
巴彦淖尔 中卫
张家界 日喀则
庐山 二连浩特
南充 西双版纳
连城 漠河
荔波 芜湖
惠州 延安
襄阳 绵阳
佛山 无锡
黄龙 思茅
常州 台州
绵阳 固原
常州 吐鲁番
昭通 拉萨
临沧 邯郸
阿里 南昌
郑州 乌鲁木齐
赣州 襄阳
东营 长春
庐山 锡林浩特
太原 万州
银川 佳木斯
衡阳 运城
庆阳 惠州
中卫 石家庄
常州 太原
拉萨 通化
延吉 哈密
台州 蚌埠
黑河 和田
庐山 九江
铜仁 达州
武夷山 兴义
合肥 温州
南通 伊春
西双版纳 达州
井冈山 衢州
广州 鸡西
且末 珠海
佳木斯 克拉玛依
连云港 嘉峪关
库尔勒 张家界
二连浩特 昌都
兰州 重庆
鸡西 嘉峪关
固原 拉萨
南充 梅县
鄯善 大连
绵阳 阿勒泰
太原 长海
衢州 宜昌
赤峰 安庆
天水 林芝
巴彦淖尔 丹东
万州 固原
南充 克拉玛依
吐鲁番 康定
铜仁 思茅
锡林浩特 朝阳
韶关 井冈山
文山 长沙
徐州 乌鲁木齐
安康 朝阳
鸡西 合肥
佛山 赣州
南阳 延吉
盐城 张掖
榆林 芜湖
三亚 满洲里
赣州 黔江
武夷山 绵阳
北京 嘉峪关
日喀则 景德镇
乌海 南通
鞍山 梧州
太原 运城
香格里拉 北海
固原 吉安
绵阳 海口
西宁 井冈山
泸州 襄阳
百色 井冈山
乌兰浩特 潍坊
佳木斯 万州
长春 毕节
无锡 伊宁
喀什 塔城
湛江 徐州
乌海 井冈山
包头 邯郸
玉树 林芝
日喀则 赤峰
中卫 攀枝花
韶关 成都
徐州 唐山
加格达奇 那提拉
通化 乌鲁木齐
巴彦淖尔 鸡西
珠海 桂林
深圳 连城
恩施 泸州
思茅 香格里拉
威海 武夷山
长治 喀什
阿里 鄂尔多斯
宁波 文山
长春 百色
安庆 柳州
二连浩特 石家庄
百色 武夷山
海拉尔 重庆
且末 淮安
大庆 牡丹江
达州 银川
常州 石家庄
潍坊 齐齐哈尔
南昌 格尔木
泸州 广元
西昌 衡阳
克拉玛依 金昌
鸡西 台州
芒市 南昌
上海 温泉
南通 鸡西
扬州 济宁
乌海 伊春
梁平 秦皇岛
宜宾 梧州
梧州 衡阳
常州 杭州
林芝 无锡
万州 常德
伊春 宜昌
永州 金昌
襄阳 张家界
桂林 加格达奇
吉安 洛阳
义乌 荔波
烟台 玉树
黄龙 荔波
佳木斯 赣州
深圳 长海
西双版纳 阿尔山
盐城 天津
吐鲁番 海口
和田 长春
喀什 阿尔山
舟山 晋江
沈阳 兴义
东营 天津
延安 保山
庐山 中卫
佳木斯 上海
大理 延吉
池州 铜仁
大庆 运城
大庆 阿勒泰
汉中 威海
西昌 常州
加格达奇 富蕴
义乌 扬州
威海 太原
洛阳 兴义
安康 韶关
海口 鄯善
黄龙 三亚
延吉 安康
烟台 台州
蚌埠 南昌
扬州 敦煌
台州 洛阳
贵阳 兴义
阜阳 邯郸
黔江 深圳
贵阳 长海
林芝 香格里拉
池州 连城
舟山 锦州
广元 连城
喀纳斯 梧州
汉中 南京
台州 秦皇岛
武汉 格尔木
朝阳 汉中
台州 哈密
银川 扬州
长春 梅县
安顺 保山
兴义 腾冲
昭通 达州
九江 上海
宜宾 南阳
无锡 邢台
喀什 赤峰
兰州 牡丹江
东营 蚌埠
安庆 玉树
南充 唐山
昆明 丽江
淮安 鄯善
安阳 汕头
保山 吐鲁番
伊春 北海
昆明 梧州
保山 赣州
张家界 吐鲁番
宁波 南阳
衢州 保山
安康 三亚
包头 梁平
达州 满洲里
黄龙 重庆
烟台 长海
且末 那提拉
南昌 南充
攀枝花 桂林
义乌 沙市
青岛 库尔勒
拉萨 南通
张家界 西昌
广元 贵阳
齐齐哈尔 泸州
安阳 淮安
兰州 洛阳
阿里 宁波
衡阳 芒市
烟台 无锡
宁波 黄山
洛阳 康定
安康 西双版纳
二连浩特 鞍山
嘉峪关 沙市
富蕴 安庆
济南 桂林
济南 唐山
安顺 喀纳斯
锦州 西宁
常德 广州
库尔勒 玉树
铜仁 青岛
毕节 保山
梅县 克拉玛依
遵义 合肥
绵阳 青岛
阿勒泰 昌都
腾冲 锡林浩特
沙市 西宁
常德 西宁
二连浩特 克拉玛依
伊宁 鸡西
深圳 塔城
丹东 呼和浩特
日喀则 汕头
黄山 通化
惠州 通辽
博乐 林芝
石家庄 桂林
长春 富蕴
玉树 乌海
鄂尔多斯 和田
扬州 荔波
重庆 延安
邯郸 西宁
郑州 鸡西
泸州 东营
邢台 梧州
西双版纳 日喀则
兰州 腾冲
黑河 伊春
西双版纳 和田
哈密 佳木斯
富蕴 衡阳
沙市 威海
中卫 沙市
蚌埠 文山
喀什 吐鲁番
淮安 大同
大庆 朝阳
芒市 大庆
锦州 邯郸
海口 西昌
哈密 榆林
鸡西 乌兰浩特
兰州 延安
兴城 郑州
昭通 阿里
黄龙 大庆
石家庄 张家界
唐山 邢台
威海 伊春
荔波 林芝
汕头 温州
长沙 攀枝花
湛江 南阳
青岛 桂林
塔城 佳木斯
鞍山 池州
威海 湛江
黄山 腾冲
满洲里 海拉尔
通辽 朝阳
张掖 格尔木
库尔勒 伊春
北海 天水
喀什 扬州
大连 喀纳斯
大庆 梧州
重庆 安阳
达州 张掖
汉中 黄龙
二连浩特 齐齐哈尔
敦煌 连城
和田 无锡
恩施 丹东
北京 和田
无锡 乌海
铜仁 九江
北京 济南
广州 吉安
安庆 丹东
晋江 安康
三亚 大庆
吐鲁番 通辽
长海 永州
临沧 张家界
连城 石家庄
杭州 九江
固原 嘉峪关
喀纳斯 昆明
牡丹江 攀枝花
洛阳 阿里
石家庄 临沧
汉中 绵阳
阿尔山 哈密
包头 长海
大理 昆明
昌都 佛山
邢台 南阳
吉安 安庆
安康 加格达奇
吉安 腾冲
张家口 上海
西昌 阜阳
绵阳 连城
黄龙 盐城
阿勒泰 且末
芒市 喀什
芜湖 锦州
攀枝花 毕节
无锡 呼和浩特
文山 延安
玉树 衡阳
黄山 银川
南充 汉中
富蕴 张家口
拉萨 富蕴
衡阳 晋江
阿尔山 兴义
衡阳 那提拉
九江 黔江
井冈山 温州
绵阳 厦门
武夷山 那提拉
呼和浩特 太原
乌鲁木齐 喀什
贵阳 日喀则
郑州 阿尔山
百色 南京
伊宁 淮安
日喀则 天水
乌鲁木齐 中卫
嘉峪关 海口
牡丹江 重庆
威海 毕节
永州 鄯善
和田 塔城
乌兰浩特 长沙
邢台 黄山
张掖 鞍山
兴义 格尔木
扬州 喀纳斯
格尔木 保山
南京 西昌
衡阳 西宁
庐山 大理
富蕴 东营
富蕴 荔波
香格里拉 富蕴
佳木斯 井冈山
台州 芷江
张家界 梁平
乌鲁木齐 温州
徐州 连城
桂林 广州
长治 秦皇岛
湛江 满洲里
鞍山 重庆
库车 安庆
攀枝花 武夷山
邯郸 克拉玛依
西双版纳 长沙
万州 金昌
九江 晋江
香格里拉 吉安
拉萨 秦皇岛
日喀则 宜春
克拉玛依 汉中
西安 林芝
敦煌 北海
黑河 张掖
伊宁 广州
黎平 吉安
北京 柳州
舟山 池州
九江 连云港
临沧 温州
襄阳 武夷山
延安 张家口
哈密 庐山
北海 景德镇
安康 温州
池州 保山
沈阳 哈密
西宁 中卫
福州 银川
赣州 锦州
长白山 济南
安顺 乌兰浩特
厦门 连云港
延吉 昌都
毕节 广汉
日喀则 乌兰浩特
泸州 运城
连城 永州
思茅 郑州
张家界 富蕴
博乐 池州
北京 延吉
南充 西宁
北京 武夷山
固原 南京
北京 芜湖
赤峰 阿尔山
临沧 天水
富蕴 永州
青岛 兴城
南宁 佛山
芜湖 西宁
池州 桂林
黑河 西昌
荔波 兴义
黄山 且末
哈密 西安
塔城 重庆
合肥 临沂
蚌埠 张家口
汕头 佳木斯
景德镇 朝阳
长白山 潍坊
黄龙 宁波
腾冲 天水
芒市 铜仁
成都 林芝
张掖 临沂
天津 温州
泸州 衡阳
朝阳 腾冲
赣州 安庆
思茅 三亚
湛江 腾冲
黄山 鄂尔多斯
常德 延安
贵阳 广元
漠河 张家口
张家界 泸州
石家庄 富蕴
鸡西 张掖
舟山 盐城
珠海 佛山
遵义 上海
九江 伊春
北海 长沙
汉中 鄯善
淮安 兴义
梅县 重庆
徐州 阜阳
深圳 海拉尔
常州 兴城
景德镇 漠河
无锡 芒市
南通 库尔勒
太原 黔江
黔江 黑河
梧州 石家庄
邢台 哈密
克拉玛依 鄯善
长沙 武夷山
广州 郑州
乌鲁木齐 海拉尔
昌都 海拉尔
石家庄 洛阳
湛江 珠海
张家界 韶关
牡丹江 张家口
加格达奇 毕节
达州 重庆
乌海 库车
西昌 绵阳
舟山 南充
济南 遵义
汕头 杭州
杭州 宁波
青岛 丽江
香格里拉 金昌
阿里 成都
锦州 哈密
长白山 兰州
黑河 绵阳
衡阳 博乐
兰州 哈尔滨
无锡 铜仁
贵阳 济宁
黄山 乌鲁木齐
巴彦淖尔 黑河
北海 呼和浩特
张家界 黔江
临沧 太原
康定 保山
济南 庐山
延安 黄山
扬州 铜仁
张掖 延吉
康定 沈阳
石家庄 达州
东营 福州
嘉峪关 合肥
无锡 锡林浩特
大同 南昌
洛阳 黄龙
黄龙 广州
梧州 鄂尔多斯
齐齐哈尔 成都
西昌 长春
南通 固原
宜宾 重庆
武汉 黔江
梅县 格尔木
武汉 衡阳
长白山 阿里
佛山 朝阳
达州 包头
芒市 天水
乌鲁木齐 威海
井冈山 昭通
伊春 东营
温泉 敦煌
鞍山 喀什
荔波 榆林
秦皇岛 日喀则
珠海 漠河
扬州 安康
乌鲁木齐 桂林
北京 郑州
广元 乌兰浩特
汉中 梁平
西双版纳 威海
库尔勒 威海
南通 包头
阿里 郑州
齐齐哈尔 和田
广汉 义乌
南充 阿勒泰
韶关 湛江
格尔木 义乌
漠河 井冈山
朝阳 海口
蚌埠 黎平
哈尔滨 西昌
厦门 临沧
长白山 二连浩特
合肥 贵阳
青岛 昌都
宁波 恩施
榆林 百色
大庆 锡林浩特
东营 黔江
乌鲁木齐 芷江
玉树 临沧
西双版纳 温泉
常州 呼和浩特
芜湖 广州
遵义 阿克苏
安阳 固原
柳州 邢台
韶关 克拉玛依
邢台 济南
日喀则 惠州
西宁 乌鲁木齐
海拉尔 延吉
吉安 北海
金昌 鞍山
兴城 石家庄
连城 泸州
西昌 腾冲
天津 东营
南通 青岛
井冈山 牡丹江
安庆 黔江
喀纳斯 池州
张家口 佛山
黎平 百色
呼和浩特 成都
遵义 广元
毕节 吐鲁番
广州 九江
运城 兰州
邢台 烟台
温州 韶关
广元 南通
西昌 南阳
宜春 林芝
赣州 林芝
博乐 海口
西安 合肥
黄龙 长治
上海 锦州
衡阳 深圳
安阳 威海
梧州 井冈山
哈尔滨 宜昌
嘉峪关 丽江
扬州 张掖
临沧 锡林浩特
攀枝花 长治
盐城 兴义
芜湖 贵阳
汕头 东营
温州 扬州
徐州 中卫
井冈山 加格达奇
铜仁 成都
阿尔山 潍坊
巴彦淖尔 秦皇岛
喀纳斯 博乐
沙市 韶关
锦州 西安
襄阳 毕节
达州 延吉
温泉 中卫
昭通 桂林
常德 铜仁
昭通 南京
赣州 喀什
银川 长春
阿里 宜春
长春 且末
包头 鸡西
敦煌 长治
洛阳 舟山
扬州 黑河
包头 杭州
文山 腾冲
长海 大庆
梁平 塔城
黄山 庆阳
博乐 广元
天水 喀纳斯
宜宾 漠河
晋江 克拉玛依
宜宾 郑州
台州 宜春
临沂 杭州
遵义 广州
韶关 延安
银川 安顺
万州 汉中
湛江 沙市
芜湖 衢州
运城 盐城
扬州 宜昌
芒市 烟台
兴城 桂林
深圳 韶关
铜仁 永州
永州 塔城
郑州 阜阳
天津 西双版纳
长沙 衡阳
广州 林芝
锡林浩特 常州
且末 临沧
伊春 万州
潍坊 梅县
无锡 北京
盐城 安阳
邯郸 通化
威海 克拉玛依
大庆 韶关
南宁 银川
深圳 日喀则
郑州 昭通
临沂 大连
张掖 敦煌
泸州 韶关
唐山 衢州
延安 喀纳斯
齐齐哈尔 敦煌
敦煌 宜春
克拉玛依 兰州
黎平 满洲里
秦皇岛 齐齐哈尔
毕节 喀什
长白山 林芝
广汉 邯郸
伊春 吉安
乌兰浩特 南宁
济宁 攀枝花
黄龙 阿克苏
佛山 银川
襄阳 柳州
文山 广州
衡阳 秦皇岛
吐鲁番 吉安
阿尔山 珠海
榆林 库车
黔江 湛江
乌海 安康
合肥 鞍山
乌海 银川
锡林浩特 晋江
舟山 朝阳
遵义 张掖
东营 齐齐哈尔
临沂 长海
天津 哈密
昆明 恩施
九江 沙市
武夷山 惠州
徐州 衢州
漠河 芒市
库车 西宁
湛江 榆林
衢州 巴彦淖尔
安康 鞍山
且末 黄龙
格尔木 鸡西
柳州 绵阳
上海 兰州
包头 林芝
大同 日喀则
铜仁 深圳
赣州 庐山
广州 昭通
北海 黎平
三亚 郑州
丹东 日喀则
徐州 盐城
宜昌 康定
井冈山 固原
芷江 北京
鄂尔多斯 长白山
烟台 济南
保山 锡林浩特
衢州 芒市
张掖 乌海
梅县 荔波
佳木斯 柳州
成都 舟山
兴义 康定
阿里 牡丹江
兴城 黑河
库车 景德镇
三亚 武夷山
哈尔滨 福州
临沂 赣州
思茅 义乌
鄂尔多斯 大理
西昌 惠州
贵阳 南阳
张掖 百色
拉萨 济宁
伊宁 巴彦淖尔
南京 合肥
柳州 北京
武夷山 乌兰浩特
中卫 固原
梅县 杭州
黎平 鸡西
潍坊 广州
且末 北京
太原 阜阳
北京 大同
攀枝花 喀纳斯
天水 嘉峪关
长治 常德
日喀则 安顺
库尔勒 庐山
贵阳 成都
安康 昆明
敦煌 锡林浩特
伊春 武夷山
大连 锡林浩特
齐齐哈尔 庆阳
梧州 潍坊
襄阳 兴义
遵义 丽江
黎平 文山
安庆 荔波
三亚 达州
池州 玉树
淮安 加格达奇
舟山 鸡西
富蕴 兴义
福州 西安
和田 攀枝花
丽江 乌鲁木齐
赤峰 南充
济宁 潍坊
文山 三亚
加格达奇 长白山
阿克苏 天水
巴彦淖尔 珠海
梧州 丽江
且末 日喀则
连云港 太原
安庆 邯郸
黔江 临沂
伊春 福州
常德 西双版纳
常德 格尔木
思茅 连城
东营 成都
保山 广汉
阿尔山 恩施
泸州 喀什
济宁 广州
武夷山 宜春
黄山 榆林
阜阳 福州
库车 阿里
赣州 济南
成都 兴义
三亚 威海
黎平 义乌
丽江 长海
黄山 克拉玛依
景德镇 芜湖
潍坊 重庆
扬州 衡阳
临沧 塔城
汉中 邢台
牡丹江 湛江
宜春 克拉玛依
绵阳 思茅
喀什 永州
丽江 无锡
济南 黄龙
呼和浩特 日喀则
哈尔滨 金昌
阿尔山 南充
常州 嘉峪关
昆明 鄂尔多斯
衢州 广州
通辽 包头
宁波 柳州
广元 铜仁
贵阳 腾冲
敦煌 衡阳
深圳 喀纳斯
加格达奇 保山
扬州 百色
思茅 重庆
杭州 绵阳
黄山 南宁
湛江 连云港
蚌埠 锡林浩特
文山 桂林
敦煌 鄂尔多斯
衢州 锦州
阜阳 银川
芒市 腾冲
韶关 太原
韶关 海拉尔
广元 海拉尔
康定 贵阳
安庆 芜湖
宜宾 济南
拉萨 广州
晋江 荔波
成都 台州
西昌 珠海
文山 库尔勒
威海 梧州
佛山 台州
安顺 大理
加格达奇 大连
惠州 拉萨
常州 北京
文山 恩施
庆阳 呼和浩特
牡丹江 荔波
喀什 武汉
池州 武夷山
佳木斯 北京
运城 珠海
珠海 南京
大理 台州
舟山 博乐
常德 重庆
南通 天水
淮安 芜湖
广元 大同
吐鲁番 张家界
黎平 固原
克拉玛依 蚌埠
敦煌 黄山
佛山 临沧
衢州 重庆
巴彦淖尔 安康
乌鲁木齐 烟台
伊春 银川
赣州 扬州
临沂 井冈山
喀什 湛江
合肥 且末
塔城 太原
且末 漠河
九江 广州
长春 佳木斯
海口 无锡
芒市 达州
宁波 吐鲁番
邢台 沙市
保山 唐山
汕头 三亚
兰州 阿里
太原 乌鲁木齐
义乌 青岛
锦州 佳木斯
博乐 二连浩特
安康 塔城
阿里 天水
张掖 石家庄
无锡 长治
南京 无锡
温泉 唐山
安康 九江
中卫 汉中
攀枝花 衢州
乌兰浩特 喀什
福州 延吉
鸡西 南充
库尔勒 衡阳
腾冲 台州
佛山 徐州
梧州 黄山
百色 恩施
铜仁 万州
宜宾 阿克苏
佳木斯 吐鲁番
北京 梧州
秦皇岛 延安
徐州 锡林浩特
深圳 九江
黑河 万州
阜阳 百色
赣州 宜昌
无锡 达州
常州 安顺
哈密 银川
南京 乌海
邯郸 佛山
佛山 洛阳
南宁 贵阳
温泉 烟台
齐齐哈尔 大理
宁波 海口
保山 大连
大庆 兴义
伊春 芜湖
湛江 临沂
宜宾 襄阳
中卫 长海
贵阳 黄龙
北京 巴彦淖尔
韶关 康定
临沧 吐鲁番
秦皇岛 哈密
秦皇岛 西宁
黑河 汉中
安顺 漠河
齐齐哈尔 长治
固原 张家界
郑州 嘉峪关
百色 宜春
牡丹江 东营
常德 泸州
厦门 克拉玛依
南京 兴城
和田 赤峰
丹东 大同
广州 贵阳
包头 长白山
腾冲 南通
芒市 鸡西
百色 张家界
连城 安康
朝阳 西宁
九江 鸡西
通化 南充
兰州 西宁
安阳 襄阳
连云港 万州
长春 唐山
威海 二连浩特
邯郸 库车
加格达奇 延吉
东营 鄂尔多斯
梧州 腾冲
柳州 攀枝花
漠河 广汉
丹东 保山
二连浩特 广元
庆阳 重庆
大理 安庆
兴义 林芝
杭州 朝阳
永州 韶关
乌兰浩特 海拉尔
通辽 邢台
安康 海拉尔
深圳 达州
库尔勒 广元
佳木斯 常德
合肥 那提拉
库车 伊春
大庆 扬州
塔城 广州
贵阳 沙市
昆明 邢台
长治 常州
金昌 包头
连城 满洲里
榆林 保山
梁平 呼和浩特
荔波 塔城
丹东 延吉
舟山 锡林浩特
敦煌 蚌埠
加格达奇 惠州
鞍山 阿克苏
黔江 加格达奇
安庆 万州
长治 思茅
腾冲 二连浩特
赤峰 太原
巴彦淖尔 固原
西双版纳 邯郸
井冈山 赣州
宁波 成都
腾冲 洛阳
温州 玉树
吉安 黄龙
鸡西 池州
且末 拉萨
黎平 鄯善
蚌埠 天水
沈阳 唐山
合肥 济南
威海 井冈山
南昌 阿克苏
天津 成都
南宁 延吉
保山 蚌埠
武夷山 满洲里
北京 哈密
汉中 玉树
铜仁 恩施
呼和浩特 蚌埠
上海 汕头
天水 大同
邢台 兴城
宜春 佳木斯
长海 沈阳
温州 博乐
石家庄 汕头
蚌埠 洛阳
鄂尔多斯 库车
腾冲 安顺
南昌 临沂
庐山 乌海
乌兰浩特 台州
绵阳 南通
二连浩特 井冈山
昌都 拉萨
井冈山 鞍山
攀枝花 玉树
梅县 成都
富蕴 那提拉
二连浩特 西安
烟台 潍坊
兴义 金昌
赣州 临沂
和田 常德
海拉尔 黔江
广汉 珠海
香格里拉 昭通
天津 康定
且末 井冈山
思茅 舟山
昌都 南充
阿勒泰 成都
芷江 柳州
香格里拉 海拉尔
达州 鞍山
长沙 富蕴
漠河 北京
鄯善 喀纳斯
常州 长白山
玉树 巴彦淖尔
荔波 昆明
宜昌 秦皇岛
池州 永州
汕头 长白山
长沙 吐鲁番
汕头 安庆
上海 武夷山
吉安 珠海
伊春 晋江
康定 太原
大同 长海
克拉玛依 锦州
晋江 延安
且末 济宁
吐鲁番 郑州
永州 长白山
塔城 汕头
宜宾 宜昌
文山 榆林
西宁 阿里
加格达奇 柳州
芷江 毕节
东营 连云港
南宁 塔城
衢州 宜宾
林芝 佳木斯
吐鲁番 天水
昆明 长沙
黄山 康定
西宁 绵阳
富蕴 长海
昆明 泸州
郑州 乌海
金昌 庐山
井冈山 杭州
梧州 富蕴
通化 温州
丽江 南充
南通 安阳
沈阳 乌鲁木齐
阿里 连云港
敦煌 宁波
沈阳 衢州
安康 宜春
玉树 珠海
银川 连云港
赣州 深圳
呼和浩特 黔江
宜昌 安庆
舟山 格尔木
扬州 保山
梧州 佳木斯
南宁 北海
合肥 张家口
盐城 佛山
张家口 井冈山
荔波 哈尔滨
黑河 吉安
拉萨 银川
黔江 兰州
广汉 梅县
秦皇岛 济宁
安阳 温泉
达州 格尔木
上海 大同
鞍山 张掖
恩施 梧州
毕节 喀纳斯
长春 大庆
温州 日喀则
兴城 南充
富蕴 西昌
连云港 赤峰
黑河 徐州
南阳 西昌
通辽 温州
柳州 衢州
思茅 广汉
张家口 舟山
温州 梅县
海口 且末
吉安 衡阳
金昌 沙市
阿克苏 洛阳
西宁 大连
鸡西 武夷山
兴城 乌兰浩特
大理 天水
北海 南通
格尔木 康定
百色 庆阳
鄂尔多斯 日喀则
安阳 太原
敦煌 徐州
沙市 唐山
济宁 文山
威海 鞍山
东营 张家口
梁平 东营
宜昌 克拉玛依
汉中 拉萨
连城 湛江
宜春 芷江
敦煌 晋江
伊春 林芝
西宁 保山
临沂 扬州
蚌埠 黑河
富蕴 梅县
泸州 文山
荔波 宁波
阿克苏 贵阳
沈阳 福州
阿克苏 牡丹江
广汉 黎平
石家庄 乌海
格尔木 延安
烟台 银川
大理 洛阳
北海 齐齐哈尔
那提拉 玉树
温泉 大连
连云港 惠州
宜昌 徐州
伊春 武汉
舟山 珠海
佳木斯 珠海
宜春 临沂
福州 乌海
铜仁 遵义
康定 潍坊
连城 长白山
阜阳 东营
大庆 大理
达州 柳州
毕节 中卫
义乌 金昌
常德 乌兰浩特
满洲里 保山
阿尔山 北京
且末 海口
牡丹江 蚌埠
南宁 青岛
长治 那提拉
荔波 满洲里
丽江 加格达奇
石家庄 长白山
上海 荔波
阿里 绵阳
梅县 九江
宜春 黑河
福州 昆明
香格里拉 扬州
扬州 遵义
蚌埠 漠河
天津 梧州
秦皇岛 黎平
乌海 宁波
威海 天津
成都 邢台
福州 满洲里
牡丹江 梅县
达州 兴义
张家口 威海
林芝 格尔木
遵义 南宁
吐鲁番 昆明
玉树 黄龙
安康 且末
思茅 桂林
临沂 兴义
杭州 太原
长白山 佛山
黄山 武夷山
长白山 合肥
阿里 临沧
吐鲁番 鸡西
芒市 思茅
庆阳 齐齐哈尔
包头 齐齐哈尔
秦皇岛 珠海
南充 义乌
海拉尔 兰州
漠河 南充
运城 昆明
青岛 武夷山
西双版纳 合肥
温泉 汕头
呼和浩特 温州
安阳 西宁
大理 兴城
石家庄 康定
深圳 百色
赤峰 温州
嘉峪关 且末
加格达奇 邢台
常州 长治
恩施 永州
北海 芒市
鞍山 宜宾
连城 呼和浩特
九江 日喀则
北京 保山
达州 温州
库车 青岛
温州 富蕴
张家界 武汉
太原 邯郸
郑州 阿克苏
毕节 呼和浩特
晋江 通辽
梁平 博乐
百色 思茅
昌都 张家界
巴彦淖尔 长海
淮安 张掖
牡丹江 张家界
喀纳斯 大庆
阿勒泰 吉安
保山 佛山
昆明 扬州
沈阳 林芝
沈阳 嘉峪关
天水 庆阳
昌都 黎平
上海 北海
腾冲 赣州
台州 南通
伊宁 贵阳
郑州 厦门
西宁 潍坊
银川 黎平
永州 宜昌
鄂尔多斯 南阳
锡林浩特 拉萨
香格里拉 西宁
昆明 南充
太原 宜春
固原 牡丹江
芜湖 漠河
格尔木 梁平
吉安 芜湖
银川 无锡
张掖 洛阳
北京 佳木斯
衡阳 青岛
吉安 张掖
昭通 阿克苏
天津 保山
桂林 深圳
柳州 洛阳
齐齐哈尔 宜春
佳木斯 温州
衢州 厦门
毕节 长海
南充 台州
安康 舟山
天津 海拉尔
海拉尔 佛山
宜春 佛山
锦州 包头
珠海 中卫
满洲里 通化
张家口 包头
达州 百色
洛阳 丽江
南京 扬州
黄山 和田
锡林浩特 林芝
运城 井冈山
巴彦淖尔 满洲里
临沧 文山
临沧 汕头
温泉 襄阳
黄山 福州
牡丹江 恩施
天津 延吉
百色 安康
阿勒泰 芜湖
榆林 乌海
威海 日喀则
台州 东营
北京 长白山
博乐 深圳
攀枝花 包头
固原 沙市
芒市 池州
敦煌 太原
韶关 盐城
攀枝花 柳州
鄂尔多斯 绵阳
三亚 荔波
成都 博乐
昆明 汉中
邢台 汉中
梧州 加格达奇
齐齐哈尔 阿尔山
景德镇 临沂
黎平 九江
安顺 那提拉
鞍山 库车
运城 库车
温泉 南宁
东营 芷江
阿尔山 汉中
西安 且末
西安 长治
赣州 温泉
漠河 恩施
南通 东营
毕节 杭州
富蕴 温州
蚌埠 阿里
丹东 珠海
深圳 衡阳
张掖 兴城
鞍山 北海
长春 武汉
桂林 遵义
吐鲁番 广州
赣州 芜湖
佳木斯 合肥
烟台 贵阳
大同 盐城
长海 齐齐哈尔
鄂尔多斯 毕节
齐齐哈尔 拉萨
格尔木 赣州
大庆 黔江
常德 青岛
思茅 池州
铜仁 连云港
梁平 安康
海拉尔 思茅
大同 南充
昭通 济南
延吉 南充
常州 拉萨
永州 杭州
乌海 无锡
百色 喀纳斯
湛江 潍坊
西宁 金昌
烟台 长白山
济宁 延吉
绵阳 昌都
广州 芷江
石家庄 榆林
邢台 金昌
昆明 佛山
连云港 大同
景德镇 牡丹江
伊宁 锦州
昆明 惠州
芜湖 北海
漠河 宜宾
鞍山 济宁
芒市 克拉玛依
金昌 赤峰
广元 赣州
长治 喀纳斯
博乐 通化
庆阳 日喀则
伊宁 无锡
铜仁 哈密
梅县 博乐
库车 鄂尔多斯
万州 宁波
且末 广汉
大庆 鄯善
赤峰 张掖
衡阳 庐山
漠河 烟台
湛江 昭通
乌海 延吉
海口 二连浩特
淮安 盐城
长治 烟台
济南 库尔勒
邢台 汕头
且末 吐鲁番
厦门 三亚
长治 连城
绵阳 晋江
西安 遵义
青岛 衢州
塔城 和田
乌海 北海
黑河 邯郸
晋江 敦煌
昆明 南昌
阿尔山 九江
黔江 西安
芒市 兴义
鄯善 连城
天津 芒市
香格里拉 丹东
太原 安顺
南通 长春
鄯善 阜阳
海拉尔 塔城
南阳 佳木斯
秦皇岛 铜仁
广元 乌鲁木齐
佳木斯 中卫
南通 锦州
庐山 邯郸
呼和浩特 佳木斯
昆明 黄龙
汕头 绵阳
克拉玛依 宁波
青岛 黔江
广元 郑州
海口 衢州
南宁 广元
温泉 百色
湛江 武夷山
长海 北京
梧州 攀枝花
衢州 九江
合肥 长白山
海口 扬州
盐城 北京
天水 义乌
赤峰 淮安
常德 玉树
湛江 安阳
东营 景德镇
遵义 襄阳
南通 齐齐哈尔
梧州 香格里拉
张掖 芒市
喀什 富蕴
乌海 九江
三亚 阿里
大理 伊春
兴城 满洲里
晋江 重庆
桂林 珠海
赣州 南昌
赣州 西昌
西宁 唐山
邯郸 南宁
洛阳 呼和浩特
温泉 太原
铜仁 喀什
北京 鄯善
义乌 南阳
合肥 上海
临沂 林芝
沈阳 西宁
永州 黑河
嘉峪关 加格达奇
北海 兰州
思茅 唐山
运城 石家庄
义乌 梁平
温泉 义乌
张掖 晋江
邢台 南宁
安庆 黄龙
银川 长治
厦门 玉树
绵阳 广州
温泉 无锡
库车 恩施
惠州 九江
格尔木 邯郸
金昌 沈阳
兴义 达州
乌兰浩特 昭通
日喀则 中卫
晋江 阜阳
惠州 宜春
包头 兴义
潍坊 赤峰
榆林 富蕴
兴义 且末
天水 格尔木
上海 锡林浩特
百色 济宁
邯郸 文山
巴彦淖尔 呼和浩特
中卫 思茅
铜仁 三亚
攀枝花 南京
运城 黄山
广汉 兴城
温泉 南通
广州 武夷山
潍坊 安阳
太原 盐城
上海 黔江
漠河 无锡
衡阳 杭州
绵阳 黎平
丹东 宜春
兴城 广元
保山 克拉玛依
宜昌 伊宁
衡阳 康定
徐州 邢台
石家庄 攀枝花
景德镇 黄山
昌都 兰州
武汉 衢州
兴义 烟台
潍坊 兴义
库车 吐鲁番
淮安 珠海
日喀则 连云港
南阳 邢台
邯郸 庆阳
保山 思茅
牡丹江 和田
唐山 连城
东营 北京
襄阳 威海
文山 海口
南京 且末
保山 绵阳
哈密 文山
二连浩特 南京
北京 重庆
富蕴 烟台
南充 吐鲁番
湛江 赤峰
百色 丹东
运城 惠州
克拉玛依 汕头
长春 大理
济宁 芒市
南宁 万州
梧州 牡丹江
喀什 鞍山
长沙 温泉
阿勒泰 满洲里
梧州 宜春
嘉峪关 和田
阿克苏 乌海
盐城 台州
兴义 安阳
广元 满洲里
无锡 温州
库车 晋江
遵义 桂林
阜阳 南昌
长白山 汉中
衡阳 铜仁
长治 日喀则
西宁 赣州
北京 安康
博乐 满洲里
齐齐哈尔 嘉峪关
南宁 临沂
郑州 济南
攀枝花 唐山
万州 连云港
东营 塔城
黎平 北京
康定 扬州
沈阳 格尔木
赤峰 湛江
海拉尔 百色
梅县 伊春
沈阳 赣州
阜阳 嘉峪关
张掖 阿克苏
昭通 南通
大理 威海
重庆 东营
蚌埠 石家庄
大同 宜昌
中卫 朝阳
宜宾 西安
蚌埠 庆阳
那提拉 长沙
乌鲁木齐 朝阳
林芝 荔波
广汉 台州
衡阳 锦州
通化 庆阳
青岛 北海
兰州 韶关
成都 秦皇岛
景德镇 格尔木
潍坊 汉中
宜春 庆阳
太原 二连浩特
长海 香格里拉
锡林浩特 无锡
衡阳 洛阳
韶关 塔城
昆明 呼和浩特
银川 湛江
博乐 济宁
临沧 潍坊
伊春 永州
巴彦淖尔 沈阳
泸州 舟山
喀纳斯 二连浩特
阿里 喀什
昌都 黔江
永州 长沙
宁波 绵阳
阿里 秦皇岛
日喀则 保山
庐山 锦州
宜宾 银川
大庆 芒市
安康 连云港
福州 牡丹江
满洲里 重庆
宁波 临沂
重庆 恩施
济南 且末
临沧 衡阳
玉树 安康
长海 玉树
广汉 昆明
黑河 梁平
林芝 井冈山
兴义 韶关
黔江 济宁
鄯善 郑州
石家庄 太原
丽江 潍坊
通辽 大理
乌兰浩特 桂林
攀枝花 大连
襄阳 韶关
博乐 银川
沈阳 伊春
丹东 连云港
攀枝花 芜湖
安康 邢台
梁平 阿勒泰
杭州 黔江
那提拉 思茅
拉萨 丽江
加格达奇 包头
博乐 鄂尔多斯
黄龙 中卫
达州 淮安
百色 通化
梁平 哈尔滨
井冈山 北海
韶关 义乌
万州 长治
大连 邢台
兴城 喀纳斯
西安 青岛
石家庄 晋江
玉树 九江
赤峰 安顺
中卫 阿里
玉树 海拉尔
沈阳 喀什
佛山 安阳
百色 锦州
包头 赤峰
郑州 博乐
林芝 临沂
那提拉 长海
康定 阿里
衢州 淮安
洛阳 汕头
且末 西昌
梅县 拉萨
漠河 安庆
锦州 鸡西
永州 珠海
三亚 昆明
韶关 巴彦淖尔
拉萨 伊宁
景德镇 宜昌
珠海 伊春
唐山 海口
汉中 鸡西
南昌 伊春
长沙 安康
银川 长沙
南宁 秦皇岛
武夷山 朝阳
长治 景德镇
扬州 海拉尔
湛江 乌鲁木齐
库尔勒 东营
襄阳 阿勒泰
乌兰浩特 长治
攀枝花 塔城
长海 巴彦淖尔
库尔勒 长白山
荔波 喀纳斯
且末 库车
芒市 昆明
南通 喀纳斯
温泉 荔波
襄阳 长海
西双版纳 柳州
柳州 杭州
北京 安阳
塔城 张家界
伊春 郑州
常德 和田
安顺 义乌
庐山 赣州
南京 伊宁
绵阳 杭州
巴彦淖尔 哈密
黔江 长春
佛山 中卫
扬州 合肥
兴城 通化
张掖 大连
扬州 西安
广州 延安
邢台 鄂尔多斯
保山 哈密
喀什 庐山
庐山 天水
舟山 芜湖
香格里拉 恩施
厦门 安阳
徐州 济宁
梁平 阿克苏
长春 长沙
吉安 太原
济南 南充
丹东 池州
蚌埠 富蕴
阿克苏 泸州
临沧 延吉
文山 泸州
加格达奇 日喀则
黎平 黑河
连云港 南阳
伊春 常州
芜湖 临沧
上海 黎平
安阳 黎平
黑河 敦煌
景德镇 安庆
大连 潍坊
呼和浩特 保山
衢州 兴义
长海 长春
长沙 景德镇
西昌 锦州
襄阳 沙市
宁波 安康
牡丹江 哈密
盐城 宜昌
长治 康定
铜仁 石家庄
扬州 梁平
中卫 柳州
永州 庐山
合肥 东营
泸州 贵阳
巴彦淖尔 合肥
和田 吐鲁番
阿克苏 吉安
满洲里 黎平
阿勒泰 义乌
宁波 昌都
博乐 昆明
阜阳 唐山
庆阳 漠河
香格里拉 思茅
南阳 临沧
运城 义乌
西安 大理
庆阳 张家界
漠河 西宁
锡林浩特 海拉尔
南宁 鄯善
锦州 黄山
扬州 临沂
无锡 海口
兴城 乌海
宜昌 黎平
满洲里 安顺
梧州 丹东
宜春 上海
喀纳斯 吉安
重庆 塔城
阿尔山 洛阳
兰州 林芝
日喀则 洛阳
包头 珠海
长海 安康
鄂尔多斯 通辽
桂林 昭通
长春 丽江
海拉尔 格尔木
嘉峪关 通辽
通化 安康
芜湖 荔波
延安 梅县
贵阳 恩施
邢台 大理
安阳 鞍山
连云港 固原
吉安 富蕴
太原 金昌
海口 塔城
康定 延吉
南宁 上海
铜仁 阿勒泰
无锡 台州
丹东 汉中
银川 舟山
烟台 扬州
常州 梧州
绵阳 日喀则
玉树 宁波
泸州 且末
黑河 九江
漠河 延安
广元 锦州
海口 佛山
柳州 临沧
西昌 阿克苏
沈阳 景德镇
青岛 温泉
芷江 衢州
常德 南阳
南充 天津
扬州 鞍山
济宁 博乐
威海 库尔勒
衡阳 鄂尔多斯
芒市 黄山
吐鲁番 邯郸
舟山 宁波
昭通 文山
满洲里 韶关
南通 景德镇
中卫 拉萨
牡丹江 宜昌
库尔勒 湛江
芜湖 阿尔山
常州 合肥
万州 攀枝花
榆林 杭州
南通 西安
扬州 绵阳
宜昌 包头
连城 西双版纳
西昌 蚌埠
阜阳 青岛
达州 康定
天津 临沧
延安 舟山
秦皇岛 库车
临沂 拉萨
大同 三亚
拉萨 广元
嘉峪关 义乌
文山 天津
宜宾 桂林
思茅 青岛
思茅 张家口
延安 广汉
保山 那提拉
常德 桂林
安庆 宜昌
重庆 吐鲁番
昌都 玉树
西宁 广汉
泸州 天水
黄山 连城
池州 齐齐哈尔
鄯善 安庆
丽江 芷江
徐州 烟台
珠海 和田
二连浩特 兴义
郑州 庐山
昭通 安阳
庆阳 兴城
鄂尔多斯 济南
敦煌 重庆
哈密 西昌
博乐 邢台
阿里 富蕴
库尔勒 杭州
鸡西 成都
鄂尔多斯 合肥
洛阳 昭通
西安 邯郸
张家口 台州
福州 安康
唐山 康定
牡丹江 遵义
延安 阿克苏
深圳 沙市
绵阳 铜仁
香格里拉 和田
深圳 黎平
西双版纳 乌海
海拉尔 西宁
无锡 海拉尔
塔城 温泉
克拉玛依 扬州
腾冲 井冈山
拉萨 黎平
通辽 长沙
桂林 赤峰
康定 达州
哈密 安庆
扬州 银川
宜宾 遵义
唐山 郑州
襄阳 固原
湛江 桂林
汕头 衡阳
黎平 腾冲
贵阳 义乌
海口 晋江
思茅 腾冲
湛江 襄阳
桂林 厦门
和田 佳木斯
漠河 朝阳
百色 温州
加格达奇 连云港
库尔勒 伊宁
锡林浩特 绵阳
上海 中卫
百色 舟山
乌海 阜阳
梁平 广元
鄂尔多斯 临沧
黔江 大理
大庆 太原
厦门 铜仁
台州 昌都
芜湖 嘉峪关
榆林 万州
长海 常德
中卫 庆阳
黑河 哈尔滨
西昌 延吉
黄山 井冈山
石家庄 锦州
西安 漠河
长白山 宜春
且末 南充
徐州 芜湖
东营 康定
塔城 阿里
武汉 昭通
烟台 绵阳
黎平 安顺
延安 黎平
井冈山 芜湖
南阳 天津
徐州 衡阳
盐城 攀枝花
蚌埠 赣州
丽江 北海
锡林浩特 满洲里
腾冲 鄂尔多斯
芒市 嘉峪关
台州 广汉
常德 鸡西
大理 邢台
鄂尔多斯 锡林浩特
南昌 延安
九江 丹东
昌都 宜宾
海拉尔 张家界
康定 长春
沈阳 桂林
吉安 贵阳
丹东 广汉
达州 武夷山
满洲里 湛江
韶关 朝阳
盐城 长春
拉萨 景德镇
沙市 赤峰
中卫 阜阳
恩施 延安
吉安 锦州
广元 黎平
张家口 保山
芜湖 武汉
黔江 运城
温州 康定
宁波 西昌
格尔木 宜昌
合肥 常德
贵阳 乌海
安顺 西双版纳
长沙 太原
台州 井冈山
博乐 保山
徐州 广元
唐山 昆明
惠州 大同
常德 黑河
张掖 锦州
腾冲 南昌
张家口 常德
惠州 宜宾
广元 延安
天水 常州
济宁 喀纳斯
邯郸 乌海
广元 天津
嘉峪关 襄阳
玉树 扬州
西双版纳 徐州
丹东 太原
舟山 丹东
绵阳 拉萨
玉树 威海
昌都 邯郸
阜阳 兰州
杭州 梅县
赣州 张家界
大庆 赤峰
无锡 喀纳斯
日喀则 通辽
台州 沈阳
香格里拉 固原
博乐 绵阳
漠河 张家界
长沙 佳木斯
成都 齐齐哈尔
长海 天津
郑州 恩施
阜阳 海拉尔
兴义 南充
齐齐哈尔 格尔木
西安 长白山
榆林 宁波
张家界 赣州
张家界 张家口
兰州 格尔木
敦煌 沙市
博乐 合肥
香格里拉 库车
泸州 长治
唐山 博乐
大理 泸州
海拉尔 丹东
玉树 三亚
乌鲁木齐 柳州
庐山 北京
塔城 万州
乌鲁木齐 大理
西双版纳 梅县
宜宾 兴义
吐鲁番 且末
西昌 海口
库尔勒 济南
长海 佛山
且末 衡阳
大庆 衡阳
汉中 长白山
牡丹江 黎平
成都 梅县
哈密 梧州
锡林浩特 佛山
乌兰浩特 大连
芷江 青岛
厦门 巴彦淖尔
昆明 梁平
安顺 格尔木
金昌 深圳
盐城 鄯善
大连 乌兰浩特
武夷山 天津
东营 哈密
荔波 邯郸
延安 佛山
常州 富蕴
乌鲁木齐 池州
长沙 鄂尔多斯
临沧 义乌
赣州 敦煌
合肥 攀枝花
铜仁 临沂
安顺 铜仁
博乐 贵阳
珠海 呼和浩特
乌兰浩特 赣州
泸州 安阳
齐齐哈尔 达州
海拉尔 万州
天水 锡林浩特
固原 上海
阿里 南宁
昌都 长白山
西安 唐山
武夷山 鄯善
昭通 兴城
大同 温泉
连云港 成都
宜春 哈密
库车 兴义
锡林浩特 广汉
中卫 韶关
锦州 阿里
石家庄 赣州
温州 黄龙
毕节 梅县
黑河 鞍山
南通 延安
安康 芷江
齐齐哈尔 文山
合肥 沙市
延安 海拉尔
牡丹江 长春
荔波 大连
加格达奇 鄯善
杭州 池州
深圳 长春
西昌 固原
吉安 衢州
吐鲁番 哈密
临沧 呼和浩特
梅县 潍坊
芒市 北京
台州 玉树
阿克苏 阜阳
永州 漠河
宁波 乌兰浩特
兴城 烟台
那提拉 库车
广汉 南昌
宜春 且末
长海 万州
哈尔滨 南充
连城 黄山
重庆 北海
临沂 东营
延吉 长沙
赣州 连城
永州 鸡西
伊宁 汕头
阿尔山 井冈山
漠河 大庆
连城 台州
运城 西昌
西安 韶关
广元 康定
林芝 南昌
扬州 南京
九江 阿勒泰
银川 大连
海口 张家界
文山 唐山
西昌 义乌
连城 黔江
香格里拉 昆明
齐齐哈尔 潍坊
舟山 广汉
通辽 佛山
宜宾 太原
格尔木 扬州
格尔木 百色
漠河 通化
库车 中卫
湛江 兴义
固原 塔城
济南 黄山
临沂 榆林
博乐 哈密
汉中 吉安
安顺 长春
乌海 汕头
衢州 临沧
攀枝花 海口
富蕴 宁波
博乐 常德
南宁 庐山
襄阳 中卫
克拉玛依 库车
且末 乌兰浩特
鄂尔多斯 台州
临沂 铜仁
加格达奇 巴彦淖尔
伊春 柳州
温州 桂林
汕头 喀纳斯
满洲里 吉安
乌鲁木齐 福州
池州 拉萨
天津 惠州
保山 伊春
榆林 克拉玛依
兴义 沙市
绵阳 温泉
晋江 秦皇岛
三亚 长海
广汉 贵阳
天津 万州
汉中 巴彦淖尔
合肥 烟台
蚌埠 兴义
黄山 遵义
鸡西 广州
宜宾 芒市
克拉玛依 杭州
博乐 厦门
潍坊 梧州
广汉 阿尔山
保山 巴彦淖尔
佳木斯 康定
深圳 安康
黄龙 伊春
长白山 库尔勒
哈尔滨 石家庄
且末 佳木斯
黄山 泸州
南充 西昌
长海 广汉
舟山 黄山
达州 上海
赤峰 南阳
库车 海拉尔
南充 鄂尔多斯
湛江 达州
喀纳斯 徐州
荔波 井冈山
淮安 包头
乌兰浩特 宁波
康定 南充
日喀则 秦皇岛
扬州 万州
济宁 徐州
且末 东营
鸡西 敦煌
文山 达州
舟山 天津
成都 泸州
常州 鄂尔多斯
惠州 遵义
南阳 丹东
泸州 宜宾
烟台 襄阳
通辽 锡林浩特
桂林 敦煌
海拉尔 连城
黄山 南昌
百色 达州
佳木斯 长治
满洲里 西昌
乌兰浩特 广元
长海 赤峰
丽江 塔城
博乐 中卫
九江 太原
安顺 安庆
满洲里 天水
义乌 宁波
宜宾 攀枝花
烟台 天津
乌海 常德
乌鲁木齐 扬州
厦门 且末
格尔木 成都
朝阳 大同
梁平 达州
恩施 沈阳
喀纳斯 邢台
南通 重庆
通化 长白山
克拉玛依 湛江
淮安 福州
运城 临沧
柳州 加格达奇
盐城 石家庄
安康 阿勒泰
张家口 无锡
海拉尔 济宁
黎平 邢台
大庆 格尔木
舟山 齐齐哈尔
喀纳斯 芒市
格尔木 湛江
丽江 锦州
邯郸 通辽
台州 深圳
盐城 哈密
哈尔滨 张家口
义乌 赣州
大连 大同
黄龙 朝阳
芜湖 鞍山
宜宾 库尔勒
福州 临沧
鄯善 吉安
唐山 永州
贵阳 杭州
牡丹江 郑州
黔江 梧州
徐州 乌兰浩特
北海 襄阳
塔城 贵阳
丽江 长治
包头 保山
常德 鞍山
连城 天水
榆林 合肥
泸州 满洲里
西昌 景德镇
长海 呼和浩特
常德 成都
哈尔滨 且末
黄山 吉安
广汉 富蕴
大理 文山
邢台 成都
加格达奇 三亚
锦州 宜春
无锡 鄂尔多斯
临沧 鄂尔多斯
北海 海口
北京 蚌埠
哈尔滨 阿勒泰
上海 丹东
昌都 通化
喀什 张家口
合肥 安阳
通化 济宁
铜仁 大连
兰州 乌兰浩特
哈尔滨 西宁
东营 锦州
塔城 济宁
蚌埠 西昌
锡林浩特 吐鲁番
唐山 黔江
伊宁 阿勒泰
长海 榆林
长海 衢州
张家界 腾冲
邢台 博乐
南昌 景德镇
海拉尔 遵义
长白山 天津
北京 长海
拉萨 朝阳
东营 毕节
恩施 石家庄
贵阳 宜宾
朝阳 巴彦淖尔
和田 腾冲
中卫 伊春
桂林 文山
邢台 大同
石家庄 腾冲
北京 呼和浩特
秦皇岛 东营
汉中 沈阳
广元 黄山
安顺 临沂
无锡 赣州
吐鲁番 武夷山
天津 铜仁
日喀则 运城
绵阳 满洲里
阿尔山 大连
池州 赣州
无锡 青岛
丹东 赣州
毕节 武汉
长白山 柳州
思茅 无锡
运城 扬州
张掖 丽江
黎平 温州
蚌埠 库尔勒
潍坊 济宁
遵义 舟山
长白山 哈密
兴义 喀什
兰州 海拉尔
井冈山 通辽
永州 昆明
北海 烟台
芷江 张家口
固原 百色
盐城 扬州
桂林 思茅
南宁 巴彦淖尔
扬州 南充
沈阳 汕头
中卫 九江
宁波 天津
无锡 万州
扬州 九江
鄂尔多斯 宜昌
汕头 丽江
青岛 汉中
鸡西 芜湖
喀什 黔江
延安 邯郸
那提拉 西安
南京 深圳
大庆 保山
武汉 恩施
西昌 阿里
北京 桂林
汉中 合肥
贵阳 佳木斯
大庆 南京
西安 南宁
常德 赣州
南昌 长治
南昌 榆林
沈阳 南宁
玉树 临沂
日喀则 南宁
延吉 阿尔山
温泉 黔江
丽江 广汉
攀枝花 西安
阿克苏 秦皇岛
天水 宜昌
牡丹江 临沂
柳州 林芝
淮安 杭州
绵阳 塔城
攀枝花 潍坊
大理 齐齐哈尔
大理 张家界
沈阳 万州
黔江 包头
烟台 惠州
常州 黑河
东营 黑河
阿克苏 佛山
百色 博乐
井冈山 扬州
喀什 安顺
湛江 淮安
延安 安阳
日喀则 博乐
芒市 榆林
克拉玛依 朝阳
徐州 张家界
日喀则 拉萨
扬州 榆林
梧州 阿里
克拉玛依 沙市
喀什 恩施
思茅 漠河
西安 连云港
香格里拉 赤峰
北京 邢台
南阳 阿尔山
惠州 丹东
博乐 天津
三亚 富蕴
青岛 连云港
恩施 黑河
阿尔山 沙市
广汉 赤峰
和田 昌都
兰州 保山
绵阳 张家口
天水 安康
伊春 鸡西
安阳 永州
沙市 潍坊
玉树 延吉
鸡西 郑州
天水 和田
韶关 黑河
武汉 香格里拉
温泉 宜昌
厦门 武夷山
安顺 景德镇
梁平 金昌
安顺 二连浩特
温州 宜春
郑州 塔城
武夷山 遵义
日喀则 北京
天津 天水
宜昌 广元
金昌 南京
北海 阿克苏
腾冲 九江
金昌 石家庄
锡林浩特 威海
永州 荔波
铜仁 齐齐哈尔
池州 呼和浩特
海口 温州
芒市 黑河
安顺 林芝
宜昌 延安
济南 温州
库尔勒 赤峰
百色 青岛
运城 广州
运城 和田
梧州 昆明
郑州 常州
杭州 台州
济宁 阜阳
南通 吉安
宜宾 安庆
张家口 东营
义乌 烟台
邯郸 淮安
黎平 湛江
赤峰 富蕴
贵阳 喀什
泸州 长海
大连 襄阳
博乐 阿克苏
富蕴 湛江
济南 荔波
遵义 漠河
无锡 长海
广州 成都
北海 兴义
吉安 呼和浩特
北京 格尔木
南宁 达州
康定 博乐
博乐 三亚
且末 成都
黎平 扬州
汕头 黎平
喀什 哈密
永州 淮安
临沧 榆林
丽江 巴彦淖尔
日喀则 齐齐哈尔
赣州 舟山
深圳 毕节
黔江 张家口
榆林 张家口
宁波 银川
临沂 毕节
昌都 临沧
汉中 佳木斯
惠州 哈尔滨
海拉尔 连云港
佛山 桂林
海拉尔 济南
丹东 安庆
赣州 乌海
阿尔山 保山
永州 牡丹江
铜仁 蚌埠
汉中 齐齐哈尔
达州 威海
海口 嘉峪关
赤峰 腾冲
天水 济宁
天津 梅县
运城 芷江
柳州 南通
大庆 东营
阜阳 厦门
芷江 成都
巴彦淖尔 庆阳
义乌 宜宾
齐齐哈尔 宜宾
衢州 济宁
衢州 香格里拉
昌都 广元
吉安 思茅
大庆 那提拉
塔城 荔波
合肥 玉树
拉萨 吉安
铜仁 义乌
成都 贵阳
张家口 榆林
西昌 延安
南阳 阿勒泰
通化 达州
朝阳 蚌埠
梁平 北京
梧州 保山
荔波 张家口
天水 天津
腾冲 万州
衢州 梅县
运城 万州
东营 台州
鞍山 固原
赣州 阿尔山
青岛 玉树
扬州 南通
南充 百色
广元 喀什
黔江 南阳
无锡 汉中
腾冲 康定
日喀则 阿勒泰
库尔勒 满洲里
通辽 阿勒泰
临沂 南京
延吉 连城
牡丹江 济南
大理 荔波
天津 景德镇
青岛 洛阳
丽江 台州
蚌埠 伊春
衢州 包头
达州 大连
延安 安康
长海 淮安
海口 蚌埠
景德镇 温州
阿里 长春
阜阳 黔江
义乌 西安
临沧 张家口
广汉 嘉峪关
台州 桂林
安顺 佛山
庐山 南充
武夷山 塔城
荔波 洛阳
金昌 运城
杭州 泸州
朝阳 上海
富蕴 广汉
北京 伊春
西昌 临沧
荔波 安顺
西昌 深圳
沈阳 汉中
乌海 沙市
永州 泸州
伊宁 大庆
柳州 贵阳
汉中 宜春
南阳 合肥
西昌 黄龙
南阳 温泉
庆阳 和田
蚌埠 敦煌
漠河 鞍山
井冈山 蚌埠
西双版纳 郑州
佳木斯 兴城
唐山 沈阳
义乌 攀枝花
林芝 延安
芜湖 万州
潍坊 韶关
韶关 保山
博乐 南京
广元 常州
乌鲁木齐 长春
厦门 加格达奇
兰州 长治
徐州 巴彦淖尔
厦门 保山
富蕴 乌海
鸡西 满洲里
吉安 阿勒泰
包头 长春
淮安 乌鲁木齐
广元 通辽
汉中 南昌
哈尔滨 广州
大庆 宜春
庐山 杭州
黄山 兴义
安阳 衢州
汉中 张家界
保山 鄂尔多斯
盐城 漠河
朝阳 济宁
鸡西 赤峰
加格达奇 汉中
阿里 临沂
梅县 黑河
毕节 西昌
广元 鄯善
大理 沈阳
天津 芷江
邯郸 阿里
无锡 阿尔山
喀纳斯 长春
阿尔山 荔波
思茅 西昌
阿勒泰 乌鲁木齐
西昌 鄂尔多斯
锦州 梧州
二连浩特 日喀则
西宁 湛江
海口 芒市
嘉峪关 喀什
腾冲 淮安
青岛 南宁
牡丹江 兰州
佛山 阿尔山
荔波 富蕴
昌都 赣州
克拉玛依 梁平
西安 临沂
香格里拉 阜阳
洛阳 柳州
牡丹江 北京
汕头 伊宁
通化 武汉
宜宾 包头
郑州 北海
喀纳斯 桂林
潍坊 南阳
安阳 沙市
漠河 牡丹江
武夷山 鄂尔多斯
思茅 哈密
且末 武汉
乌海 蚌埠
泸州 兴义
柳州 阿里
东营 襄阳
常州 遵义
宜昌 佛山
南昌 恩施
三亚 福州
西昌 朝阳
永州 通辽
宜昌 榆林
南宁 香格里拉
拉萨 榆林
烟台 晋江
邢台 那提拉
南充 上海
鸡西 玉树
赤峰 临沧
康定 南京
安顺 鸡西
深圳 安顺
衢州 西安
长白山 广元
大同 长白山
贵阳 汉中
佳木斯 青岛
通化 汕头
南京 大理
张掖 通化
井冈山 长白山
大理 连城
庐山 沈阳
鞍山 且末
淮安 安康
南京 秦皇岛
黎平 石家庄
大庆 唐山
格尔木 海拉尔
汉中 惠州
延吉 齐齐哈尔
丽江 梧州
芷江 蚌埠
南充 广州
拉萨 天津
阿里 义乌
宜春 海口
无锡 兴义
张家口 徐州
芜湖 拉萨
南充 黄龙
兴义 上海
沈阳 保山
敦煌 永州
中卫 鸡西
常州 连云港
毕节 连云港
邢台 昭通
锡林浩特 毕节
阿里 乌海
长白山 西双版纳
通辽 伊春
舟山 芒市
宜春 成都
舟山 烟台
丹东 通辽
西宁 鄯善
大连 天水
通辽 西昌
哈尔滨 沈阳
黄山 日喀则
银川 广州
长治 扬州
秦皇岛 加格达奇
天津 嘉峪关
运城 广元
上海 永州
张掖 鄂尔多斯
兴义 攀枝花
塔城 西双版纳
锦州 常州
池州 庐山
沙市 丹东
北海 庆阳
广汉 青岛
赣州 池州
临沧 晋江
常州 思茅
长白山 遵义
延吉 广汉
烟台 吉安
阿里 黄龙
深圳 晋江
烟台 大庆
北海 温州
济宁 长治
西安 北海
延安 深圳
邢台 贵阳
塔城 泸州
南充 太原
格尔木 洛阳
遵义 武夷山
克拉玛依 昆明
昌都 合肥
赤峰 合肥
荔波 天津
富蕴 哈尔滨
石家庄 通辽
潍坊 上海
温州 兴城
成都 阿勒泰
哈密 南通
鸡西 且末
景德镇 梁平
汕头 那提拉
中卫 梅县
深圳 三亚
南充 宜春
中卫 南京
阜阳 鸡西
蚌埠 兴城
喀什 满洲里
常州 伊宁
贵阳 保山
青岛 长海
舟山 景德镇
延安 康定
康定 长白山
敦煌 南宁
临沂 梁平
通辽 保山
喀纳斯 九江
邢台 富蕴
兰州 锦州
佛山 永州
北海 和田
遵义 赤峰
广元 毕节
梁平 黔江
天津 锦州
万州 惠州
宜宾 昌都
池州 宜宾
塔城 攀枝花
兰州 拉萨
克拉玛依 临沂
喀什 衡阳
常州 荔波
和田 安阳
庐山 塔城
吐鲁番 北京
安庆 杭州
拉萨 呼和浩特
运城 安庆
阿克苏 林芝
昭通 日喀则
黄山 芷江
伊宁 郑州
韶关 丽江
衡阳 温泉
兴义 宁波
西宁 呼和浩特
格尔木 深圳
潍坊 加格达奇
齐齐哈尔 大同
南阳 和田
庆阳 沙市
舟山 康定
齐齐哈尔 永州
银川 满洲里
通辽 合肥
重庆 伊宁
韶关 荔波
延安 西安
大连 海拉尔
衡阳 汉中
汉中 洛阳
张家界 黄龙
昆明 昭通
林芝 阿勒泰
朝阳 赣州
长治 阿勒泰
塔城 吉安
广州 大理
牡丹江 巴彦淖尔
广州 海拉尔
文山 梁平
绵阳 齐齐哈尔
大庆 兰州
牡丹江 安康
长治 荔波
杭州 加格达奇
上海 乌兰浩特
景德镇 金昌
攀枝花 汉中
宁波 博乐
恩施 兴义
乌海 富蕴
伊宁 通辽
南宁 金昌
鞍山 鸡西
邢台 临沧
大理 克拉玛依
兴义 保山
文山 常州
南通 广州
舟山 长治
荔波 中卫
西宁 扬州
吉安 嘉峪关
连城 佳木斯
井冈山 南京
西昌 黄山
加格达奇 南宁
长白山 衢州
襄阳 黑河
黎平 东营
庆阳 济宁
郑州 池州
武夷山 沈阳
达州 井冈山
秦皇岛 安阳
桂林 海口
南昌 台州
庆阳 拉萨
潍坊 日喀则
韶关 安顺
日喀则 阿克苏
满洲里 泸州
温州 鸡西
西安 威海
阿里 蚌埠
芷江 大同
重庆 佳木斯
格尔木 西双版纳
吉安 金昌
西宁 佛山
鄂尔多斯 博乐
衢州 运城
万州 梧州
秦皇岛 烟台
济南 喀什
宜春 乌鲁木齐
安顺 阿尔山
衢州 太原
潍坊 安庆
徐州 梁平
荔波 广州
昆明 康定
太原 北京
兴义 锦州
恩施 文山
张家口 邯郸
喀什 运城
芒市 大同
晋江 西宁
徐州 南昌
伊宁 呼和浩特
常德 攀枝花
拉萨 长海
昌都 包头
日喀则 邢台
海口 喀纳斯
黄山 淮安
哈尔滨 黎平
格尔木 拉萨
万州 常州
荔波 惠州
吐鲁番 井冈山
黄山 乌海
海口 衡阳
百色 淮安
唐山 泸州
北海 郑州
喀纳斯 乌鲁木齐
西双版纳 富蕴
湛江 西安
景德镇 二连浩特
恩施 宜昌
鄯善 嘉峪关
青岛 常州
潍坊 黄山
温州 西安
梧州 鸡西
安顺 张家口
兴城 佳木斯
珠海 锡林浩特
中卫 佛山
衢州 哈尔滨
林芝 榆林
梧州 和田
成都 万州
运城 漠河
榆林 天津
常州 宜昌
安庆 重庆
临沂 襄阳
无锡 常德
文山 南阳
昆明 西安
宁波 衡阳
张家口 韶关
锦州 阿勒泰
阜阳 中卫
大同 天津
杭州 哈密
大同 武夷山
伊春 腾冲
百色 长春
丽江 黔江
兴义 香格里拉
佳木斯 秦皇岛
乌兰浩特 长海
库车 铜仁
哈密 绵阳
青岛 广汉
大庆 成都
哈尔滨 张掖
那提拉 香格里拉
富蕴 景德镇
大连 西安
安庆 南阳
喀纳斯 安康
毕节 朝阳
包头 临沧
拉萨 安顺
南充 广元
温泉 林芝
重庆 金昌
太原 温州
鄂尔多斯 格尔木
庆阳 林芝
邯郸 百色
庐山 克拉玛依
喀纳斯 汉中
济南 杭州
腾冲 衡阳
黑河 青岛
唐山 九江
井冈山 西宁
宜宾 通辽
万州 齐齐哈尔
荔波 连城
佛山 呼和浩特
珠海 郑州
黄山 富蕴
百色 广汉
满洲里 腾冲
石家庄 武夷山
福州 长治
上海 乌鲁木齐
常德 喀纳斯
遵义 西宁
哈密 常州
银川 海口
南京 武夷山
安顺 阿里
台州 巴彦淖尔
乌鲁木齐 万州
腾冲 大同
那提拉 南宁
喀什 阿里
中卫 梁平
那提拉 文山
三亚 池州
湛江 秦皇岛
敦煌 铜仁
丽江 海拉尔
绵阳 广元
喀纳斯 三亚
柳州 大庆
桂林 扬州
锦州 延安
伊宁 库车
芷江 泸州
南昌 盐城
张家界 柳州
库尔勒 大连
西安 鄂尔多斯
杭州 西昌
毕节 运城
襄阳 义乌
张家界 襄阳
吉安 三亚
乌兰浩特 中卫
阿勒泰 香格里拉
中卫 天水
保山 黎平
毕节 洛阳
烟台 广州
临沧 烟台
宁波 合肥
攀枝花 福州
黄龙 义乌
毕节 兴义
长白山 伊春
宜春 富蕴
南昌 金昌
北海 漠河
丽江 合肥
舟山 哈尔滨
张家界 永州
南宁 重庆
大庆 金昌
天津 广汉
阿勒泰 克拉玛依
哈密 温泉
井冈山 梁平
荔波 牡丹江
济南 重庆
济南 黔江
兴城 嘉峪关
金昌 太原
济宁 常德
烟台 大同
太原 临沂
达州 丽江
衢州 汕头
兰州 广州
张家口 百色
安顺 通化
淮安 长治
宜春 拉萨
思茅 南通
牡丹江 永州
宁波 梧州
汉中 济南
兰州 杭州
克拉玛依 秦皇岛
赤峰 满洲里
九江 锦州
郑州 漠河
临沂 呼和浩特
万州 鞍山
丽江 盐城
哈密 武汉
南充 赣州
舟山 达州
南昌 井冈山
鄯善 富蕴
沈阳 宜昌
温泉 黑河
攀枝花 喀什
银川 惠州
百色 巴彦淖尔
东营 安阳
包头 万州
湛江 连城
通辽 庆阳
桂林 喀什
连云港 张家口
鄂尔多斯 鸡西
连城 锦州
毕节 无锡
天津 连云港
连云港 安顺
南京 库车
中卫 汕头
百色 广元
北京 烟台
沈阳 安阳
烟台 恩施
荔波 攀枝花
沙市 黎平
保山 西安
巴彦淖尔 阿里
漠河 加格达奇
喀什 库车
保山 固原
齐齐哈尔 衢州
金昌 日喀则
广元 珠海
腾冲 恩施
格尔木 芷江
乌兰浩特 鞍山
拉萨 襄阳
梁平 绵阳
喀什 昆明
巴彦淖尔 台州
常德 洛阳
毕节 海拉尔
贵阳 海拉尔
遵义 兴城
福州 唐山
伊宁 北海
三亚 拉萨
三亚 黎平
黄山 广元
郑州 桂林
宜宾 大庆
三亚 鞍山
大连 张家界
黎平 广元
义乌 铜仁
九江 昭通
遵义 康定
济宁 张掖
东营 临沂
铜仁 湛江
长春 梁平
满洲里 博乐
玉树 达州
沙市 梧州
加格达奇 南阳
黄龙 喀纳斯
韶关 泸州
腾冲 张家界
乌鲁木齐 济南
连云港 毕节
三亚 温州
南昌 汉中
延安 潍坊
长治 中卫
南宁 西昌
无锡 芷江
宜昌 台州
九江 南通
济南 广元
临沂 锡林浩特
丹东 香格里拉
林芝 喀什
林芝 张掖
福州 太原
哈尔滨 绵阳
攀枝花 南阳
万州 芷江
加格达奇 九江
上海 南阳
二连浩特 淮安
西双版纳 金昌
绵阳 济宁
那提拉 齐齐哈尔
荔波 庐山
攀枝花 湛江
思茅 兴城
沙市 济宁
达州 连云港
安康 赤峰
延安 石家庄
毕节 潍坊
日喀则 淮安
大同 洛阳
大庆 万州
福州 永州
吉安 西安
温泉 榆林
文山 北京
梧州 库车
嘉峪关 惠州
西双版纳 汉中
临沧 盐城
乌兰浩特 兴城
那提拉 绵阳
天津 宜春
嘉峪关 运城
常州 敦煌
舟山 唐山
保山 塔城
南通 安顺
金昌 兴城
芒市 梁平
喀什 广元
长春 汉中
黎平 哈密
秦皇岛 常州
台州 大庆
南宁 衢州
西安 张掖
博乐 梁平
乌兰浩特 绵阳
大理 格尔木
铜仁 晋江
伊宁 景德镇
潍坊 贵阳
天津 榆林
东营 贵阳
吐鲁番 桂林
博乐 巴彦淖尔
银川 广汉
九江 广汉
广州 温州
西双版纳 广州
福州 巴彦淖尔
丹东 牡丹江
乌鲁木齐 九江
阿克苏 鄂尔多斯
腾冲 济宁
广州 鄯善
佛山 西双版纳
鸡西 喀纳斯
佳木斯 大理
延安 银川
梁平 常州
重庆 扬州
赣州 长春
秦皇岛 广汉
天水 海口
杭州 安庆
秦皇岛 嘉峪关
无锡 长沙
攀枝花 加格达奇
那提拉 西宁
库车 武汉
淮安 庆阳
遵义 池州
温泉 上海
喀什 长海
韶关 金昌
杭州 洛阳
东营 哈尔滨
克拉玛依 通辽
常州 鞍山
南宁 安庆
义乌 汉中
博乐 杭州
包头 宁波
阿克苏 拉萨
武夷山 拉萨
常德 黄山
锦州 温州
满洲里 太原
长春 哈密
富蕴 海拉尔
黄山 盐城
临沂 沈阳
广元 义乌
大连 鞍山
长白山 邢台
兴义 惠州
加格达奇 庆阳
且末 昌都
汉中 西安
南昌 深圳
南京 宜昌
库车 延安
恩施 广元
黎平 乌海
恩施 武汉
兴义 库尔勒
广元 万州
万州 毕节
兰州 昆明
呼和浩特 梧州
衢州 富蕴
梧州 长治
重庆 黔江
南通 台州
长春 延安
徐州 长白山
大连 景德镇
博乐 延安
丽江 西安
徐州 景德镇
唐山 安康
呼和浩特 荔波
黎平 天水
成都 连城
连云港 哈尔滨
郑州 天津
唐山 北海
兴义 义乌
太原 塔城
广州 黎平
长沙 通化
武夷山 乌海
张家口 呼和浩特
青岛 百色
攀枝花 和田
宜昌 黄山
日喀则 常德
广州 乌鲁木齐
和田 通辽
金昌 伊春
梅县 三亚
黎平 日喀则
塔城 那提拉
黔江 吉安
北京 林芝
吐鲁番 牡丹江
包头 日喀则
那提拉 张家界
舟山 安庆
大同 宜宾
淮安 西昌
大理 盐城
芒市 晋江
张家口 固原
邢台 大庆
朝阳 连云港
长海 塔城
重庆 郑州
西安 秦皇岛
大连 南京
连城 大庆
黄山 常州
乌鲁木齐 塔城
大庆 伊春
恩施 昆明
泸州 银川
义乌 石家庄
昆明 长治
永州 无锡
加格达奇 万州
漠河 上海
佳木斯 泸州
阿里 克拉玛依
昆明 徐州
齐齐哈尔 阜阳
安阳 巴彦淖尔
长春 香格里拉
天水 海拉尔
昌都 蚌埠
张掖 汕头
温州 大庆
黑河 温泉
鄯善 邯郸
榆林 满洲里
襄阳 芷江
台州 鞍山
锦州 大同
黄龙 扬州
佳木斯 威海
景德镇 梧州
伊宁 张掖
上海 宜昌
青岛 恩施
衢州 绵阳
广州 富蕴
济南 威海
兴义 嘉峪关
天水 佳木斯
兴城 芒市
金昌 西宁
和田 庐山
思茅 库尔勒
无锡 阜阳
日喀则 衡阳
蚌埠 哈密
思茅 通辽
锡林浩特 和田
台州 且末
乌海 重庆
庐山 景德镇
阿克苏 南通
重庆 锡林浩特
乌海 池州
梅县 兴义
郑州 连云港
漠河 沙市
梧州 喀什
厦门 威海
康定 韶关
合肥 扬州
嘉峪关 库尔勒
铜仁 东营
晋江 长春
吐鲁番 运城
广元 宜宾
重庆 韶关
林芝 温州
安康 芒市
西昌 舟山
天津 赣州
昭通 和田
包头 梅县
阿勒泰 哈尔滨
乌兰浩特 库尔勒
文山 林芝
南京 庐山
秦皇岛 宜春
林芝 富蕴
银川 腾冲
庆阳 黔江
上海 东营
黑河 满洲里
安庆 福州
包头 黄龙
昭通 鄂尔多斯
梅县 朝阳
海拉尔 荔波
赣州 嘉峪关
长春 乌鲁木齐
格尔木 兴城
乌鲁木齐 伊春
淮安 广州
温州 潍坊
北海 永州
石家庄 和田
鸡西 淮安
通辽 柳州
韶关 攀枝花
阜阳 石家庄
通辽 拉萨
大同 梅县
阿克苏 韶关
昆明 漠河
芒市 台州
连云港 天水
昆明 盐城
沈阳 秦皇岛
宜昌 且末
思茅 成都
衢州 连云港
吉安 长治
邢台 安顺
义乌 温州
西安 三亚
达州 安顺
武汉 兴城
阿克苏 日喀则
南京 台州
北海 安庆
榆林 洛阳
广州 伊春
潍坊 芒市
鞍山 无锡
上海 长治
安康 固原
惠州 锦州
吐鲁番 泸州
鞍山 庆阳
黑河 包头
梁平 三亚
武汉 梅县
且末 常州
宁波 牡丹江
恩施 临沂
且末 康定
东营 天水
百色 威海
百色 扬州
烟台 芜湖
南阳 九江
郑州 义乌
赣州 青岛
南通 西昌
三亚 蚌埠
宁波 广元
二连浩特 安康
保山 达州
和田 惠州
延安 南充
大连 池州
阿勒泰 南通
文山 乌兰浩特
唐山 邯郸
且末 大同
库车 思茅
阿里 天津
齐齐哈尔 黑河
九江 三亚
赤峰 芜湖
宜昌 博乐
朝阳 梧州
博乐 锦州
赣州 玉树
佛山 广汉
梅县 大同
惠州 鄯善
黑河 海拉尔
阿克苏 海拉尔
阿里 广汉
阿里 林芝
东营 恩施
宜昌 鄯善
长春 威海
伊春 洛阳
恩施 邢台
牡丹江 喀纳斯
长沙 腾冲
无锡 昭通
柳州 鄯善
丹东 拉萨
南京 安康
达州 永州
井冈山 那提拉
大连 黄龙
昆明 武夷山
合肥 延吉
兰州 和田
伊宁 北京
济南 张家口
张家界 温泉
绵阳 北海
文山 沙市
衢州 敦煌
哈密 南昌
沙市 杭州
安庆 鄯善
格尔木 安顺
兴义 鄯善
晋江 天水
包头 南昌
太原 上海
张掖 阿里
思茅 蚌埠
格尔木 南宁
黑河 襄阳
拉萨 百色
赣州 洛阳
芷江 盐城
深圳 邢台
唐山 阜阳
桂林 佳木斯
大连 且末
韶关 香格里拉
黎平 拉萨
敦煌 湛江
鸡西 沈阳
扬州 唐山
井冈山 宜昌
衡阳 石家庄
乌兰浩特 长白山
通化 秦皇岛
昌都 鞍山
百色 张家口
南通 恩施
克拉玛依 张家口
遵义 潍坊
博乐 东营
鄂尔多斯 丹东
绵阳 井冈山
温州 库车
扬州 格尔木
义乌 南通
铜仁 鞍山
南充 喀什
漠河 张掖
海口 丹东
齐齐哈尔 温州
南京 荔波
襄阳 临沂
南京 博乐
鄂尔多斯 西安
宜春 丽江
塔城 朝阳
榆林 北海
梁平 连城
遵义 张家界
大连 锦州
惠州 安顺
腾冲 思茅
衢州 攀枝花
那提拉 满洲里
庆阳 长沙
北京 南京
洛阳 北海
无锡 金昌
张掖 北京
晋江 牡丹江
大连 通辽
海拉尔 梧州
合肥 井冈山
黑河 牡丹江
南宁 敦煌
石家庄 武汉
运城 香格里拉
大庆 绵阳
义乌 景德镇
朝阳 宜昌
呼和浩特 襄阳
林芝 玉树
沙市 库尔勒
永州 南京
威海 宁波
淮安 博乐
包头 满洲里
满洲里 芜湖
宁波 阿勒泰
兴城 洛阳
北京 阿尔山
北京 康定
常州 保山
杭州 盐城
鄯善 安阳
三亚 北海
烟台 芷江
鞍山 牡丹江
锦州 庐山
芜湖 满洲里
锡林浩特 兴城
康定 乌兰浩特
晋江 烟台
延吉 成都
阜阳 乌海
乌海 攀枝花
宜春 西安
锦州 吐鲁番
伊宁 兴城
武汉 鄯善
烟台 北海
汕头 大连
延吉 包头
昆明 成都
郑州 张家界
南阳 遵义
昆明 榆林
西安 东营
阿克苏 敦煌
齐齐哈尔 石家庄
拉萨 海拉尔
安顺 杭州
文山 绵阳
金昌 襄阳
二连浩特 杭州
衢州 丹东
运城 兴义
包头 呼和浩特
中卫 恩施
富蕴 汕头
重庆 天水
鸡西 攀枝花
海口 玉树
张掖 阿勒泰
梁平 池州
海拉尔 伊宁
吐鲁番 哈尔滨
汉中 阿里
成都 康定
盐城 荔波
香格里拉 阿尔山
南京 连云港
柳州 长沙
西宁 包头
济宁 哈尔滨
哈密 腾冲
合肥 金昌
毕节 成都
大庆 乌兰浩特
文山 百色
临沧 蚌埠
昆明 格尔木
黄龙 潍坊
重庆 鄯善
重庆 黄山
阿克苏 汕头
南昌 百色
荔波 武汉
井冈山 郑州
广汉 百色
大连 广州
安顺 泸州
庆阳 赤峰
包头 北海
佛山 哈尔滨
沈阳 安康
芜湖 太原
黔江 长海
运城 烟台
铜仁 温泉
加格达奇 常州
安阳 广汉
日喀则 二连浩特
西昌 乌海
加格达奇 昌都
克拉玛依 赣州
南京 康定
通辽 呼和浩特
库车 银川
玉树 无锡
济宁 安顺
鞍山 芜湖
南宁 景德镇
武汉 鸡西
恩施 大连
湛江 汕头
北海 且末
郑州 固原
庐山 黔江
武汉 义乌
武夷山 巴彦淖尔
二连浩特 玉树
临沧 鞍山
大同 舟山
成都 温州
蚌埠 乌海
黔江 广汉
毕节 库车
长白山 金昌
伊宁 珠海
绵阳 黑河
南昌 义乌
中卫 西双版纳
三亚 阿勒泰
晋江 西安
郑州 佛山
湛江 安顺
九江 兴城
洛阳 思茅
张家口 鸡西
张家口 常州
遵义 佛山
杭州 康定
林芝 拉萨
格尔木 东营
上海 宁波
通化 金昌
北京 南阳
连城 合肥
珠海 康定
日喀则 赣州
中卫 深圳
贵阳 张家界
那提拉 大庆
呼和浩特 张家界
鸡西 贵阳
张掖 梅县
和田 昆明
北海 大庆
安庆 二连浩特
井冈山 太原
武夷山 连云港
榆林 安阳
阿尔山 延吉
鞍山 连城
汉中 襄阳
南通 和田
中卫 洛阳
蚌埠 池州
珠海 武夷山
泸州 海口
安阳 临沂
昌都 庐山
格尔木 包头
石家庄 济南
南昌 常州
阿里 厦门
襄阳 张掖
芜湖 邯郸
台州 贵阳
常州 西安
银川 喀纳斯
无锡 塔城
佛山 三亚
温州 昭通
荔波 固原
大理 常州
桂林 日喀则
齐齐哈尔 乌兰浩特
赤峰 桂林
临沂 南通
贵阳 格尔木
邢台 温州
铜仁 常德
通辽 芷江
景德镇 攀枝花
黄龙 拉萨
义乌 库尔勒
九江 敦煌
南通 临沂
南通 拉萨
天津 恩施
合肥 广州
连云港 温泉
延安 福州
合肥 黄山
哈密 大连
常德 富蕴
鸡西 长春
唐山 通化
三亚 兰州
衢州 汉中
玉树 长治
海口 黄山
那提拉 邯郸
库车 合肥
黄龙 广元
襄阳 池州
上海 广元
张掖 梁平
赤峰 唐山
且末 泸州
喀纳斯 庐山
格尔木 黑河
广元 阿尔山
锡林浩特 衡阳
嘉峪关 康定
思茅 嘉峪关
加格达奇 库车
那提拉 吉安
柳州 广州
敦煌 广汉
洛阳 南宁
拉萨 杭州
乌海 铜仁
宁波 晋江
攀枝花 恩施
太原 阿里
武汉 临沂
日喀则 九江
景德镇 昌都
衢州 兴城
合肥 阿勒泰
邢台 长治
南通 呼和浩特
塔城 西宁
银川 克拉玛依
南阳 包头
延吉 大同
武夷山 包头
文山 扬州
榆林 拉萨
张掖 兰州
保山 北京
舟山 西昌
芜湖 林芝
赤峰 南通
延吉 大理
延安 太原
日喀则 泸州
玉树 梅县
运城 喀纳斯
昌都 泸州
二连浩特 常州
黎平 漠河
庐山 西安
义乌 安顺
库尔勒 井冈山
景德镇 赤峰
梧州 邯郸
衡阳 通辽
青岛 芷江
泸州 阜阳
九江 韶关
运城 武汉
阿尔山 攀枝花
阿尔山 乌鲁木齐
杭州 大连
攀枝花 满洲里
宜昌 金昌
黑河 达州
西双版纳 扬州
绵阳 安庆
九江 长海
兰州 毕节
珠海 格尔木
西双版纳 库车
固原 徐州
长海 晋江
锦州 万州
临沧 且末
天津 南阳
常德 达州
兰州 博乐
景德镇 丹东
天水 秦皇岛
加格达奇 济南
石家庄 万州
阿尔山 芒市
潍坊 攀枝花
通化 阜阳
哈密 柳州
且末 济南
杭州 铜仁
哈尔滨 恩施
香格里拉 芷江
库尔勒 南阳
西昌 台州
盐城 伊宁
邯郸 兴义
沈阳 梅县
黔江 玉树
大理 西双版纳
丹东 中卫
上海 柳州
庐山 池州
淮安 汕头
乌鲁木齐 汉中
烟台 阿里
锡林浩特 阿里
南京 芜湖
佳木斯 百色
海口 武夷山
三亚 无锡
临沧 济南
无锡 林芝
芒市 韶关
淮安 衡阳
攀枝花 梅县
韶关 佛山
济南 佛山
威海 黎平
毕节 丹东
阜阳 吉安
晋江 玉树
中卫 福州
乌鲁木齐 恩施
井冈山 包头
邢台 拉萨
武夷山 大理
青岛 九江
思茅 衡阳
重庆 呼和浩特
加格达奇 常德
通化 西双版纳
黔江 洛阳
喀什 通化
乌兰浩特 晋江
哈密 盐城
池州 安顺
池州 连云港
庐山 烟台
汕头 宜宾
林芝 芒市
南京 沈阳
汕头 海拉尔
运城 晋江
泸州 伊宁
安顺 连云港
延安 沈阳
西安 榆林
恩施 拉萨
朝阳 台州
赤峰 沈阳
昌都 威海
康定 广汉
广汉 海拉尔
南通 温泉
鄯善 香格里拉
深圳 拉萨
安顺 蚌埠
湛江 鄯善
漠河 石家庄
南阳 衢州
济宁 铜仁
乌鲁木齐 榆林
晋江 惠州
广州 深圳
宁波 庐山
日喀则 巴彦淖尔
南阳 贵阳
洛阳 兰州
秦皇岛 佳木斯
郑州 锡林浩特
大连 威海
富蕴 珠海
泸州 漠河
桂林 鄂尔多斯
大庆 二连浩特
邯郸 黔江
思茅 加格达奇
通化 兴城
哈尔滨 青岛
温州 柳州
成都 西安
惠州 西宁
汉中 万州
南通 玉树
北京 常州
林芝 惠州
佛山 襄阳
南阳 广州
嘉峪关 永州
鄯善 宁波
丽江 厦门
成都 东营
义乌 昆明
长春 常州
库车 临沂
安庆 南昌
贵阳 珠海
威海 沈阳
重庆 连云港
连云港 佛山
宁波 安顺
固原 青岛
西安 杭州
金昌 天水
北海 衡阳
南京 衡阳
泸州 烟台
阿克苏 丹东
包头 阿尔山
宜宾 淮安
衡阳 哈密
张掖 安顺
大理 遵义
吉安 齐齐哈尔
库尔勒 宜昌
哈密 鸡西
满洲里 兴城
安阳 深圳
齐齐哈尔 佛山
牡丹江 合肥
哈尔滨 宜宾
广州 鄂尔多斯
海拉尔 通化
深圳 临沧
襄阳 广汉
乌海 芒市
襄阳 芜湖
昌都 绵阳
贵阳 延安
通辽 伊宁
济宁 玉树
厦门 赣州
厦门 富蕴
南京 漠河
九江 杭州
临沂 金昌
无锡 吐鲁番
衡阳 泸州
张家口 芒市
吐鲁番 黄山
呼和浩特 喀纳斯
长白山 大理
庆阳 唐山
拉萨 阿尔山
哈尔滨 日喀则
临沧 广汉
天水 文山
佳木斯 昌都
和田 青岛
安阳 达州
南充 兴城
张家口 宜宾
南充 腾冲
扬州 梧州
文山 且末
吉安 哈密
盐城 汉中
长海 和田
宜宾 济宁
阿克苏 固原
临沧 拉萨
伊春 台州
大同 铜仁
朝阳 林芝
长治 温泉
临沧 梧州
黎平 柳州
烟台 格尔木
万州 和田
温泉 成都
太原 敦煌
那提拉 烟台
洛阳 哈尔滨
大庆 恩施
合肥 庐山
满洲里 富蕴
库车 呼和浩特
临沂 潍坊
临沂 宁波
济宁 伊宁
思茅 安庆
漠河 丹东
南京 常州
湛江 锦州
汉中 湛江
秦皇岛 汉中
武夷山 广州
昌都 邢台
毕节 天水
长白山 郑州
巴彦淖尔 衡阳
阿克苏 舟山
晋江 贵阳
运城 威海
香格里拉 南京
文山 黄龙
赣州 烟台
济南 淮安
吐鲁番 广汉
沈阳 阿里
固原 南昌
兴城 南昌
和田 厦门
乌海 博乐
威海 盐城
黎平 三亚
牡丹江 喀什
西安 百色
锦州 昭通
大理 张家口
邯郸 南京
齐齐哈尔 长海
秦皇岛 庆阳
沈阳 池州
景德镇 邯郸
沙市 深圳
南宁 丹东
青岛 衡阳
阿里 鄯善
宜春 重庆
通化 呼和浩特
延吉 牡丹江
晋江 张掖
潍坊 汕头
和田 库尔勒
庐山 成都
武汉 西昌
沙市 安庆
海口 邢台
鄯善 扬州
安顺 延吉
格尔木 安康
长白山 长海
富蕴 石家庄
郑州 南昌
哈密 拉萨
阿尔山 富蕴
宁波 玉树
固原 温泉
攀枝花 鄂尔多斯
西宁 昌都
库尔勒 沙市
绵阳 丽江
临沧 那提拉
佛山 满洲里
日喀则 上海
万州 无锡
攀枝花 牡丹江
贵阳 玉树
达州 运城
无锡 衢州
银川 黑河
赤峰 大理
永州 克拉玛依
克拉玛依 锡林浩特
延安 博乐
遵义 榆林
景德镇 锡林浩特
达州 桂林
二连浩特 恩施
长春 连云港
芷江 吐鲁番
加格达奇 黑河
蚌埠 温州
包头 乌海
南昌 芜湖
宜宾 景德镇
金昌 大同
昌都 巴彦淖尔
昆明 鸡西
绵阳 大理
银川 齐齐哈尔
铜仁 伊春
成都 赣州
芷江 阿尔山
伊春 那提拉
金昌 西昌
宜宾 晋江
九江 汉中
长春 思茅
和田 榆林
那提拉 温泉
通化 常德
绵阳 银川
南京 济宁
洛阳 昌都
金昌 连云港
富蕴 阜阳
固原 太原
北京 晋江
延安 永州
台州 杭州
湛江 遵义
锦州 郑州
庆阳 无锡
中卫 锡林浩特
长治 安阳
昭通 香格里拉
遵义 张家口
梁平 佳木斯
衡阳 济南
蚌埠 海口
昆明 达州
安康 南京
重庆 舟山
敦煌 梁平
兴城 温泉
赣州 无锡
临沧 固原
梅县 鄯善
银川 汕头
沈阳 攀枝花
齐齐哈尔 芒市
赤峰 毕节
秦皇岛 扬州
满洲里 宜昌
朝阳 天水
阿里 黔江
林芝 沈阳
库车 连云港
保山 荔波
阿克苏 鸡西
腾冲 盐城
重庆 百色
博乐 铜仁
金昌 遵义
阿尔山 西安
乌兰浩特 沙市
九江 安顺
永州 安康
大同 包头
赤峰 广元
临沂 哈尔滨
大庆 敦煌
梁平 重庆
黎平 长治
南充 武夷山
牡丹江 拉萨
鞍山 贵阳
那提拉 三亚
鄯善 深圳
哈尔滨 义乌
庐山 腾冲
广汉 井冈山
绵阳 南充
临沂 遵义
天津 临沂
庐山 齐齐哈尔
黄山 佛山
珠海 温泉
昆明 南阳
锦州 芷江
天水 阿勒泰
庆阳 徐州
中卫 宜春
大连 湛江
阿克苏 黄山
哈尔滨 南昌
惠州 延吉
鞍山 嘉峪关
运城 玉树
阿克苏 安康
中卫 文山
博乐 广州
青岛 昭通
格尔木 临沂
福州 贵阳
玉树 汕头
杭州 湛江
广元 三亚
衢州 延吉
佳木斯 南通
景德镇 绵阳
秦皇岛 昆明
宜春 百色
池州 梅县
丹东 晋江
玉树 武汉
梅县 腾冲
福州 锡林浩特
哈尔滨 长白山
梅县 南通
铜仁 佳木斯
安康 西宁
太原 蚌埠
黎平 汉中
通化 阿克苏
宜昌 兰州
蚌埠 运城
南通 庐山
保山 武汉
大连 无锡
朝阳 保山
芷江 长春
黔江 芜湖
柳州 万州
巴彦淖尔 太原
台州 西双版纳
常德 百色
昆明 朝阳
张掖 扬州
延安 宜春
济宁 保山
加格达奇 临沂
烟台 库尔勒
漠河 鄯善
南昌 通化
克拉玛依 二连浩特
济宁 鸡西
南通 汉中
台州 海口
乌海 那提拉
铜仁 济南
衡阳 绵阳
西双版纳 南通
巴彦淖尔 潍坊
温泉 毕节
三亚 西昌
鞍山 锡林浩特
景德镇 张家口
南通 井冈山
康定 天津
玉树 厦门
宜宾 锦州
库尔勒 那提拉
乌鲁木齐 金昌
林芝 景德镇
长治 通辽
伊春 拉萨
鄂尔多斯 保山
武夷山 乌鲁木齐
铜仁 黔江
池州 锡林浩特
盐城 东营
通辽 佳木斯
黄山 毕节
井冈山 黑河
南京 广州
保山 玉树
阜阳 襄阳
昆明 张家界
潍坊 文山
喀纳斯 毕节
黑河 固原
大庆 连云港
万州 大理
阿尔山 成都
邢台 南昌
长沙 嘉峪关
中卫 海口
达州 香格里拉
南宁 长沙
鸡西 济南
锦州 宜宾
腾冲 深圳
玉树 日喀则
延安 敦煌
芷江 遵义
黑河 安庆
北海 梅县
海拉尔 永州
杭州 宜春
赣州 湛江
阜阳 玉树
黑河 鄂尔多斯
大连 盐城
重庆 香格里拉
锦州 塔城
长治 铜仁
塔城 潍坊
兰州 昌都
延吉 东营
无锡 兰州
太原 长沙
二连浩特 鸡西
满洲里 天津
黄龙 通辽
永州 宁波
喀什 西宁
洛阳 腾冲
佳木斯 银川
吉安 安康
天水 张家界
昭通 芒市
临沧 喀纳斯
乌鲁木齐 广元
长沙 安阳
喀纳斯 喀什
保山 上海
济宁 成都
那提拉 梅县
珠海 庐山
衢州 海口
北海 梁平
宜宾 福州
珠海 庆阳
合肥 广汉
汕头 沈阳
昌都 哈密
杭州 西双版纳
鸡西 阿克苏
喀什 毕节
威海 南通
满洲里 石家庄
宁波 通辽
中卫 吉安
珠海 太原
庆阳 蚌埠
万州 梅县
海口 韶关
天水 兴城
临沂 宜春
哈密 沈阳
连城 阿尔山
大理 韶关
三亚 锡林浩特
长海 延安
湛江 青岛
池州 济南
牡丹江 吉安
威海 安庆
林芝 西双版纳
阿勒泰 大庆
鄂尔多斯 汉中
舟山 温泉
博乐 和田
威海 南京
梧州 威海
吉安 阜阳
青岛 思茅
蚌埠 桂林
喀什 泸州
金昌 台州
济南 加格达奇
太原 哈密
义乌 襄阳
兴城 毕节
石家庄 无锡
珠海 连城
烟台 鞍山
洛阳 宜宾
安阳 伊春
通化 丽江
衢州 潍坊
上海 牡丹江
锦州 邢台
南充 嘉峪关
西昌 西双版纳
兰州 佳木斯
韶关 拉萨
惠州 克拉玛依
井冈山 济宁
济南 兰州
长沙 长治
杭州 榆林
阿勒泰 大理
南昌 敦煌
成都 嘉峪关
唐山 合肥
富蕴 南阳
广汉 南京
日喀则 韶关
威海 格尔木
库尔勒 黄山
二连浩特 庆阳
梅县 海口
黑河 重庆
淮安 吉安
连云港 西双版纳
义乌 宜春
昌都 无锡
重庆 吉安
韶关 邢台
伊宁 广元
格尔木 长沙
连云港 青岛
乌海 长春
宁波 锦州
齐齐哈尔 赤峰
绵阳 韶关
临沂 连云港
昭通 黔江
烟台 黑河
鞍山 加格达奇
宜宾 广汉
那提拉 潍坊
盐城 兴城
长治 万州
郑州 乌兰浩特
温泉 常德
哈尔滨 丽江
黑河 百色
北京 文山
济南 扬州
青岛 拉萨
南通 桂林
永州 秦皇岛
梁平 无锡
芷江 池州
南昌 三亚
东营 延吉
克拉玛依 安顺
衡阳 南充
长白山 兴义
大庆 阿克苏
乌海 库尔勒
石家庄 金昌
昆明 富蕴
腾冲 汕头
包头 乌鲁木齐
庆阳 芒市
蚌埠 常德
格尔木 黄山
榆林 石家庄
青岛 银川
日喀则 杭州
临沧 芜湖
通辽 兴义
海拉尔 沈阳
百色 西安
哈密 黎平
香格里拉 襄阳
桂林 邯郸
阿里 黄山
通化 黑河
九江 黄山
香格里拉 长沙
中卫 金昌
合肥 思茅
鸡西 通辽
达州 北京
阿勒泰 黄龙
珠海 百色
昌都 武夷山
喀纳斯 恩施
井冈山 张掖
广汉 重庆
张家口 绵阳
太原 常州
阿勒泰 鄯善
舟山 乌兰浩特
康定 昭通
黔江 成都
满洲里 佳木斯
喀纳斯 襄阳
福州 恩施
大连 南宁
鄂尔多斯 拉萨
博乐 湛江
东营 南昌
沈阳 张家口
恩施 天津
丽江 延安
乌鲁木齐 厦门
宜昌 庆阳
贵阳 温泉
徐州 北海
池州 大庆
黄龙 长白山
合肥 潍坊
长沙 阜阳
长沙 塔城
景德镇 喀纳斯
广元 固原
连城 延安
兰州 黔江
长海 哈尔滨
广州 庐山
漠河 博乐
九江 广元
九江 嘉峪关
南通 张掖
黎平 梁平
佳木斯 济宁
池州 北海
邢台 乌海
阜阳 西安
吉安 成都
且末 临沂
佛山 榆林
杭州 景德镇
鞍山 喀纳斯
东营 海拉尔
康定 福州
福州 芜湖
武夷山 金昌
广汉 北海
长治 延安
蚌埠 邯郸
武夷山 南通
嘉峪关 乌鲁木齐
泸州 庆阳
赣州 伊春
宜昌 南充
榆林 衢州
杭州 邢台
宁波 锡林浩特
厦门 朝阳
连城 乌海
汕头 玉树
铜仁 阿里
格尔木 杭州
惠州 那提拉
邢台 安阳
三亚 湛江
库车 惠州
北京 加格达奇
拉萨 阿勒泰
敦煌 万州
晋江 北京
武汉 上海
鞍山 运城
庆阳 台州
长治 富蕴
黔江 昌都
赤峰 武汉
大理 嘉峪关
汕头 梅县
沙市 徐州
兴城 泸州
通辽 安庆
东营 二连浩特
池州 和田
兴城 天水
攀枝花 东营
中卫 乌鲁木齐
永州 长海
兰州 晋江
福州 敦煌
临沧 佛山
长海 西宁
阿勒泰 西安
拉萨 海口
广元 锡林浩特
贵阳 沈阳
临沂 包头
佛山 牡丹江
嘉峪关 安阳
兴义 贵阳
柳州 邯郸
嘉峪关 秦皇岛
富蕴 临沂
芒市 大连
通化 义乌
锦州 上海
鄯善 太原
柳州 梁平
通辽 黄山
芜湖 衡阳
吐鲁番 沙市
百色 阿勒泰
南阳 梧州
毕节 鄂尔多斯
阿克苏 喀什
黔江 衡阳
南宁 林芝
运城 南阳
三亚 合肥
包头 九江
伊宁 喀什
格尔木 库尔勒
芜湖 襄阳
佛山 福州
思茅 万州
和田 长沙
绵阳 林芝
金昌 玉树
长白山 济宁
锡林浩特 恩施
广汉 东营
三亚 兴义
敦煌 乌海
格尔木 鄯善
天津 喀什
张家界 林芝
思茅 昆明
二连浩特 佛山
思茅 太原
丹东 天水
庐山 宜宾
齐齐哈尔 加格达奇
朝阳 伊宁
台州 福州
长海 克拉玛依
厦门 芷江
海口 张掖
吉安 南充
海拉尔 锡林浩特
长春 广汉
佛山 深圳
丽江 北京
蚌埠 佛山
庐山 合肥
思茅 深圳
黄山 北京
兴义 沈阳
景德镇 合肥
香格里拉 井冈山
锦州 呼和浩特
香格里拉 广元
运城 长白山
临沂 成都
梧州 太原
保山 朝阳
大理 二连浩特
那提拉 黎平
杭州 张家口
柳州 温泉
文山 中卫
张家口 乌海
榆林 张掖
长治 西昌
包头 恩施
宜宾 佛山
宜春 阿尔山
南通 威海
海口 林芝
芜湖 合肥
烟台 包头
永州 延吉
临沧 二连浩特
桂林 烟台
宜春 石家庄
宜昌 青岛
南阳 黄龙
梧州 呼和浩特
深圳 齐齐哈尔
赣州 兰州
张家界 西安
吉安 西昌
伊宁 衡阳
朝阳 黄龙
昆明 桂林
库尔勒 广汉
百色 南昌
济宁 漠河
晋江 天津
佛山 义乌
武汉 银川
连城 福州
西双版纳 黎平
牡丹江 常德
石家庄 厦门
天津 大理
芷江 赤峰
鞍山 梅县
济南 喀纳斯
吐鲁番 舟山
黔江 永州
芜湖 郑州
池州 鸡西
武夷山 榆林
恩施 百色
三亚 深圳
通化 贵阳
阿克苏 池州
衢州 桂林
长春 池州
齐齐哈尔 柳州
阿勒泰 格尔木
黑河 榆林
蚌埠 那提拉
乌海 南宁
扬州 长治
晋江 毕节
昆明 阿尔山
九江 固原
九江 台州
沙市 张掖
黄龙 吐鲁番
惠州 大庆
中卫 通化
芷江 沈阳
延吉 安庆
思茅 敦煌
淮安 连云港
上海 徐州
毕节 烟台
巴彦淖尔 哈尔滨
深圳 呼和浩特
南通 长海
扬州 芒市
玉树 漠河
黎平 赣州
永州 齐齐哈尔
延安 玉树
腾冲 太原
黎平 南通
长海 温泉
梧州 临沧
广元 保山
长海 牡丹江
安康 武汉
深圳 金昌
晋江 昌都
广元 盐城
临沂 台州
阿尔山 宜宾
烟台 百色
腾冲 威海
沈阳 遵义
成都 济宁
扬州 珠海
永州 拉萨
铜仁 嘉峪关
宁波 鄂尔多斯
乌兰浩特 黎平
长白山 东营
常州 吉安
温泉 武汉
舟山 井冈山
深圳 汕头
黎平 西安
蚌埠 太原
富蕴 徐州
锦州 腾冲
延吉 哈尔滨
金昌 康定
中卫 绵阳
张家口 荔波
黄山 阿克苏
珠海 兴城
固原 广元
衢州 阿尔山
克拉玛依 遵义
二连浩特 锡林浩特
惠州 恩施
宜宾 鞍山
长治 广汉
南京 淮安
扬州 黔江
大连 昌都
南宁 大理
温州 昌都
长沙 蚌埠
盐城 郑州
襄阳 宜昌
珠海 延吉
临沧 鄯善
成都 安庆
大同 恩施
北海 百色
成都 长春
宜宾 铜仁
阿勒泰 喀纳斯
贵阳 秦皇岛
洛阳 万州
蚌埠 恩施
烟台 延吉
东营 满洲里
韶关 广汉
阜阳 包头
太原 喀纳斯
临沧 宁波
林芝 万州
武夷山 三亚
重庆 满洲里
阿尔山 襄阳
海拉尔 惠州
百色 昭通
连云港 林芝
芒市 庐山
西宁 沈阳
大理 乌兰浩特
吐鲁番 喀纳斯
锡林浩特 鸡西
且末 张家界
赣州 昌都
大同 牡丹江
运城 徐州
佳木斯 安康
博乐 黔江
庆阳 绵阳
昌都 加格达奇
台州 张掖
金昌 湛江
南昌 天津
无锡 固原
蚌埠 通化
铜仁 泸州
大庆 库尔勒
临沂 安康
鞍山 丽江
富蕴 思茅
嘉峪关 固原
那提拉 荔波
晋江 北海
保山 无锡
文山 贵阳
兰州 汕头
景德镇 阿克苏
香格里拉 常州
博乐 海拉尔
牡丹江 威海
杭州 恩施
绵阳 庐山
满洲里 林芝
广州 银川
贵阳 上海
文山 攀枝花
鞍山 长白山
深圳 梁平
西双版纳 长白山
沙市 昆明
济宁 无锡
济宁 那提拉
昌都 重庆
珠海 库尔勒
永州 敦煌
长沙 大同
兰州 青岛
库车 长治
盐城 朝阳
郑州 黎平
黄山 加格达奇
南京 景德镇
汕头 湛江
北海 北京
襄阳 黄山
通化 合肥
连城 扬州
延吉 盐城
喀纳斯 西昌
博乐 丽江
运城 呼和浩特
绵阳 福州
鞍山 长治
洛阳 永州
柳州 富蕴
加格达奇 合肥
兴城 广州
库尔勒 塔城
庆阳 黄山
万州 成都
敦煌 庐山
呼和浩特 林芝
博乐 哈尔滨
毕节 黔江
宜春 哈尔滨
安庆 林芝
锡林浩特 泸州
大连 温泉
安阳 庐山
淮安 郑州
塔城 黄龙
南京 玉树
万州 佛山
昆明 庆阳
富蕴 腾冲
贵阳 伊春
固原 敦煌
齐齐哈尔 乌海
泸州 哈尔滨
西昌 郑州
长春 南昌
梧州 蚌埠
喀什 南通
大连 那提拉
加格达奇 赣州
珠海 黄龙
汉中 南阳
湛江 常州
锡林浩特 张家口
丹东 敦煌
石家庄 湛江
安庆 昭通
黄山 吐鲁番
泸州 哈密
佛山 连云港
广元 拉萨
西双版纳 格尔木
西昌 康定
庐山 拉萨
大连 东营
长治 武汉
塔城 黑河
太原 黑河
腾冲 中卫
鞍山 金昌
湛江 拉萨
香格里拉 义乌
巴彦淖尔 万州
唐山 万州
宜昌 佳木斯
漠河 汉中
常德 呼和浩特
太原 乌海
梅县 衡阳
文山 黎平
衢州 盐城
大同 连城
蚌埠 大同
西昌 包头
景德镇 银川
吉安 黎平
和田 芷江
吉安 威海
韶关 满洲里
义乌 乌兰浩特
太原 石家庄
敦煌 朝阳
义乌 贵阳
张家口 达州
阿勒泰 青岛
赣州 济宁
西昌 鸡西
襄阳 遵义
张家界 长白山
沙市 常德
喀什 思茅
日喀则 潍坊
韶关 南阳
鄯善 鸡西
唐山 那提拉
广元 长白山
成都 绵阳
长春 满洲里
昆明 襄阳
连云港 南京
淮安 长白山
阿勒泰 惠州
乌海 石家庄
武夷山 昆明
黑河 济宁
襄阳 上海
银川 毕节
秦皇岛 兴城
库尔勒 长春
二连浩特 加格达奇
永州 长治
齐齐哈尔 温泉
铜仁 珠海
中卫 通辽
黔江 常德
荔波 格尔木
昆明 赤峰
北京 大连
佳木斯 二连浩特
福州 宜春
淮安 天津
三亚 柳州
无锡 景德镇
赣州 延吉
阿勒泰 天水
佛山 兴义
韶关 贵阳
安顺 西宁
延安 富蕴
池州 库车
康定 井冈山
荔波 杭州
黄龙 连云港
梅县 鞍山
腾冲 佳木斯
喀什 梅县
重庆 西安
万州 张掖
敦煌 塔城
安阳 晋江
兰州 梁平
临沧 青岛
百色 梧州
义乌 西双版纳
庐山 恩施
阿克苏 银川
昭通 武汉
兴义 满洲里
大庆 西安
天津 湛江
武汉 海拉尔
丹东 长白山
张掖 乌鲁木齐
锡林浩特 乌鲁木齐
泸州 合肥
深圳 襄阳
秦皇岛 广元
盐城 铜仁
昭通 昌都
昭通 深圳
兴义 衢州
兰州 哈密
吉安 泸州
南阳 沈阳
景德镇 庐山
中卫 昭通
庆阳 兰州
长治 唐山
通化 北京
成都 潍坊
邢台 且末
重庆 南阳
玉树 温州
运城 杭州
库车 北京
恩施 芜湖
康定 伊宁
潍坊 成都
百色 拉萨
荔波 那提拉
延吉 南京
福州 拉萨
重庆 西昌
沈阳 扬州
库车 达州
恩施 衢州
黎平 昭通
腾冲 榆林
连城 天津
黑河 阜阳
汕头 重庆
鄂尔多斯 桂林
常德 井冈山
连云港 临沂
鄯善 玉树
库车 邢台
惠州 运城
阿尔山 康定
广元 宁波
拉萨 加格达奇
黄龙 邢台
济宁 宜昌
衡阳 梧州
巴彦淖尔 阜阳
无锡 赤峰
梁平 南宁
榆林 南充
文山 阿克苏
锡林浩特 珠海
徐州 西宁
保山 永州
惠州 丽江
北海 乌鲁木齐
克拉玛依 长治
且末 沙市
乌海 榆林
太原 丽江
富蕴 舟山
乌鲁木齐 泸州
齐齐哈尔 襄阳
沙市 喀什
丹东 腾冲
唐山 长沙
遵义 喀纳斯
芒市 齐齐哈尔
大庆 庐山
唐山 珠海
西宁 广州
通化 银川
运城 拉萨
长治 延吉
兴城 襄阳
玉树 池州
台州 兴城
太原 沙市
锦州 库车
丽江 恩施
惠州 福州
梧州 大连
塔城 南京
永州 威海
武夷山 井冈山
吐鲁番 贵阳
深圳 烟台
温州 徐州
北京 庐山
攀枝花 黄山
台州 遵义
庐山 安康
台州 长白山
保山 博乐
秦皇岛 邢台
珠海 湛江
巴彦淖尔 唐山
昆明 乌鲁木齐
珠海 万州
深圳 西昌
乌海 衢州
锦州 南充
富蕴 银川
朝阳 庆阳
天水 三亚
武夷山 安阳
常德 天水
梅县 牡丹江
巴彦淖尔 玉树
西昌 吉安
昌都 西宁
黎平 宁波
青岛 南京
博乐 晋江
腾冲 合肥
遵义 沙市
舟山 大庆
包头 厦门
赣州 昭通
重庆 乌鲁木齐
南宁 长海
深圳 牡丹江
齐齐哈尔 杭州
庆阳 连云港
兰州 珠海
洛阳 汉中
伊春 重庆
运城 遵义
淮安 伊宁
无锡 郑州
常州 通辽
林芝 济南
嘉峪关 鞍山
塔城 永州
湛江 乌海
乌鲁木齐 阜阳
满洲里 阿勒泰
那提拉 加格达奇
太原 铜仁
义乌 台州
朝阳 长海
舟山 荔波
喀纳斯 蚌埠
黄龙 黑河
晋江 长白山
兴城 安康
襄阳 延吉
锦州 那提拉
加格达奇 阜阳
富蕴 格尔木
济宁 阿里
南阳 巴彦淖尔
温泉 哈尔滨
襄阳 南阳
温泉 连云港
晋江 淮安
南京 阿里
南京 鸡西
黎平 广汉
兴义 蚌埠
思茅 运城
济宁 喀什
黄龙 舟山
上海 台州
池州 南阳
拉萨 武夷山
宁波 温州
香格里拉 西安
延吉 北京
包头 伊春
梁平 梅县
池州 克拉玛依
丽江 吐鲁番
连云港 梧州
温泉 巴彦淖尔
济南 连云港
南京 金昌
广元 腾冲
朝阳 重庆
合肥 百色
梁平 漠河
长海 济宁
鄂尔多斯 锦州
深圳 阿勒泰
丽江 昌都
固原 盐城
包头 温泉
贵阳 济南
满洲里 昌都
昌都 济宁
林芝 西昌
衡阳 黄山
金昌 万州
郑州 杭州
盐城 阿里
宜昌 石家庄
成都 长白山
丹东 百色
赤峰 思茅
蚌埠 厦门
满洲里 张家口
腾冲 南宁
芷江 九江
济南 巴彦淖尔
珠海 晋江
湛江 福州
海口 九江
九江 大理
海口 昌都
韶关 乌兰浩特
黄山 喀纳斯
永州 郑州
阜阳 连云港
连云港 克拉玛依
北海 哈密
通化 南通
银川 伊春
乌兰浩特 兰州
东营 临沧
锡林浩特 齐齐哈尔
景德镇 上海
秦皇岛 沙市
连城 格尔木
郑州 珠海
厦门 兰州
庆阳 嘉峪关
阜阳 太原
南昌 南阳
成都 惠州
吉安 鄯善
文山 台州
郑州 丽江
榆林 梁平
张家界 南通
九江 东营
满洲里 成都
衢州 伊春
大理 南阳
安顺 潍坊
庆阳 珠海
固原 阿里
厦门 丽江
赣州 锡林浩特
扬州 恩施
腾冲 巴彦淖尔
沙市 海拉尔
榆林 荔波
韶关 衢州
鄯善 南昌
南宁 无锡
南通 贵阳
芜湖 格尔木
牡丹江 大庆
阿克苏 南昌
北海 通化
佳木斯 黄山
黄山 铜仁
井冈山 永州
玉树 呼和浩特
鞍山 赣州
库车 台州
哈密 锦州
武汉 台州
佳木斯 济南
长沙 盐城
梧州 兴城
芜湖 运城
汉中 邯郸
梁平 中卫
富蕴 西安
伊宁 宜宾
鄂尔多斯 阿里
昆明 阿里
庆阳 温州
常州 南宁
赤峰 惠州
威海 芒市
贵阳 哈尔滨
阿勒泰 池州
天津 满洲里
安顺 台州
张掖 武汉
南阳 襄阳
阿里 兰州
安康 景德镇
济宁 衢州
上海 博乐
长春 哈尔滨
拉萨 黄龙
天津 且末
加格达奇 且末
和田 金昌
格尔木 锡林浩特
临沂 泸州
牡丹江 阿勒泰
安阳 连云港
黄山 中卫
库尔勒 邯郸
济南 康定
深圳 桂林
无锡 扬州
文山 阜阳
铜仁 库尔勒
衢州 二连浩特
运城 加格达奇
张家界 芷江
海口 桂林
长春 景德镇
东营 韶关
恩施 南京
铜仁 张家界
邢台 舟山
金昌 南充
永州 唐山
日喀则 南阳
银川 秦皇岛
库尔勒 景德镇
汕头 榆林
天水 福州
黑河 大理
福州 蚌埠
西双版纳 香格里拉
和田 克拉玛依
长白山 满洲里
伊宁 武夷山
韶关 广元
沙市 荔波
杭州 庆阳
昌都 西双版纳
漠河 兴城
银川 格尔木
朝阳 哈尔滨
腾冲 长春
吐鲁番 文山
博乐 喀什
福州 井冈山
柳州 喀什
淮安 广元
阿尔山 黎平
郑州 二连浩特
丹东 海口
金昌 银川
绵阳 朝阳
毕节 义乌
朝阳 烟台
广州 哈尔滨
鸡西 阿勒泰
南充 惠州
延吉 玉树
赤峰 乌鲁木齐
南充 柳州
安顺 北京
常德 芒市
漠河 保山
天津 荔波
佛山 贵阳
阿克苏 东营
安阳 烟台
珠海 杭州
徐州 且末
汕头 运城
济南 梁平
邯郸 盐城
博乐 成都
广元 漠河
无锡 威海
文山 漠河
绵阳 大庆
昭通 南充
黄山 阜阳
温泉 赣州
临沂 安顺
丽江 牡丹江
韶关 珠海
长春 和田
庆阳 南宁
大理 加格达奇
喀什 佛山
梅县 赤峰
沙市 丽江
吉安 喀什
文山 张家口
安康 万州
黄龙 晋江
淮安 玉树
巴彦淖尔 吐鲁番
吉安 昆明
博乐 温州
临沧 海拉尔
喀纳斯 遵义
吉安 南宁
韶关 黎平
昭通 敦煌
腾冲 西安
武汉 井冈山
康定 安庆
康定 西双版纳
固原 大理
张家界 兴义
齐齐哈尔 昌都
永州 丽江
塔城 衡阳
丹东 张家界
博乐 北海
遵义 九江
海拉尔 九江
阿尔山 天津
汕头 敦煌
乌海 遵义
思茅 昭通
北海 泸州
乌海 克拉玛依
拉萨 梅县
黄龙 唐山
南阳 武汉
三亚 林芝
银川 绵阳
常州 武夷山
喀纳斯 天水
威海 大连
通化 宁波
张家界 格尔木
温州 井冈山
石家庄 唐山
大同 大庆
丽江 库尔勒
朝阳 青岛
库尔勒 武汉
潍坊 桂林
庐山 阿克苏
北京 伊宁
宜春 池州
鞍山 南宁
赤峰 达州
合肥 福州
湛江 敦煌
南京 张家口
温州 毕节
厦门 包头
吐鲁番 温泉
宜昌 丽江
芜湖 青岛
通化 绵阳
保山 南昌
阜阳 常德
大庆 黑河
北海 巴彦淖尔
常州 池州
邯郸 汕头
连城 喀纳斯
蚌埠 安顺
那提拉 铜仁
潍坊 长沙
日喀则 福州
临沂 鄯善
舟山 福州
长白山 喀纳斯
广州 万州
徐州 郑州
唐山 南充
西双版纳 南宁
丽江 湛江
延安 桂林
舟山 敦煌
烟台 芒市
牡丹江 黔江
惠州 南充
武汉 中卫
梁平 嘉峪关
太原 通辽
喀纳斯 昭通
潍坊 包头
威海 哈尔滨
柳州 盐城
景德镇 徐州
长春 赣州
海拉尔 文山
杭州 温泉
阜阳 丹东
富蕴 通辽
漠河 佳木斯
沈阳 淮安
梧州 朝阳
丹东 康定
阿勒泰 杭州
临沂 义乌
扬州 舟山
乌海 威海
芒市 沈阳
厦门 南通
沈阳 包头
牡丹江 鞍山
黎平 那提拉
那提拉 安顺
长治 贵阳
巴彦淖尔 韶关
金昌 桂林
固原 永州
思茅 延吉
哈尔滨 万州
宜昌 昆明
二连浩特 厦门
北海 香格里拉
遵义 义乌
运城 福州
无锡 毕节
昭通 衡阳
喀什 武夷山
满洲里 扬州
榆林 阿勒泰
香格里拉 银川
唐山 深圳
邢台 淮安
银川 宜昌
大理 芜湖
庐山 张掖
青岛 齐齐哈尔
唐山 庐山
博乐 韶关
长治 衡阳
南阳 潍坊
克拉玛依 大理
西双版纳 义乌
金昌 梁平
无锡 玉树
九江 大连
连城 遵义
兴城 大庆
安阳 齐齐哈尔
义乌 黔江
淮安 舟山
安顺 万州
兴义 池州
深圳 遵义
唐山 三亚
九江 南宁
南通 绵阳
宁波 太原
达州 衢州
沙市 烟台
天津 井冈山
泸州 太原
北京 成都
毕节 长春
青岛 盐城
义乌 淮安
张掖 台州
张掖 漠河
阿里 通化
锡林浩特 呼和浩特
阿克苏 临沂
格尔木 大同
海拉尔 宜昌
南通 广汉
林芝 海口
乌兰浩特 满洲里
扬州 丹东
上海 福州
南充 沈阳
汉中 金昌
嘉峪关 芷江
鄯善 南宁
中卫 库车
佛山 韶关
广汉 张家界
康定 格尔木
桂林 青岛
固原 兰州
海拉尔 喀什
柳州 中卫
韶关 天水
常州 喀纳斯
伊宁 徐州
烟台 赤峰
库尔勒 安庆
永州 芷江
延吉 梁平
吐鲁番 黑河
且末 香格里拉
九江 邯郸
鄂尔多斯 庐山
呼和浩特 常州
宁波 安阳
满洲里 大同
喀纳斯 大连
银川 阜阳
攀枝花 达州
齐齐哈尔 满洲里
毕节 榆林
富蕴 哈密
秦皇岛 香格里拉
朝阳 西双版纳
漠河 淮安
临沂 南宁
韶关 乌鲁木齐
池州 广汉
博乐 沈阳
广州 梁平
邢台 格尔木
张家口 银川
成都 池州
拉萨 沈阳
锡林浩特 武汉
韶关 吉安
南充 日喀则
文山 喀什
安康 库尔勒
福州 延安
喀纳斯 兴城
太原 天津
阿克苏 三亚
齐齐哈尔 黄山
温州 安康
腾冲 芒市
深圳 徐州
哈尔滨 满洲里
台州 永州
晋江 保山
芜湖 义乌
梧州 芷江
丹东 韶关
襄阳 昌都
黔江 秦皇岛
无锡 洛阳
秦皇岛 泸州
呼和浩特 博乐
邢台 万州
广元 南充
南充 昭通
兴义 赣州
庐山 广汉
玉树 和田
临沧 攀枝花
加格达奇 哈尔滨
和田 达州
黔江 鄯善
成都 梧州
昆明 潍坊
长沙 百色
延安 湛江
宜昌 哈密
海口 腾冲
蚌埠 百色
二连浩特 晋江
昭通 富蕴
佛山 天水
宜昌 呼和浩特
富蕴 日喀则
呼和浩特 青岛
临沧 黄龙
桂林 库车
芒市 郑州
黄龙 长春
锦州 通化
文山 北海
喀什 黑河
台州 北京
芷江 加格达奇
连云港 保山
潍坊 南昌
哈密 阜阳
徐州 拉萨
梧州 义乌
西双版纳 芷江
秦皇岛 塔城
鞍山 富蕴
西宁 哈尔滨
湛江 梁平
金昌 榆林
文山 张掖
济宁 天水
武夷山 玉树
长海 汉中
广元 伊宁
珠海 西宁
柳州 襄阳
阿里 泸州
林芝 黄山
合肥 长沙
衡阳 南宁
哈尔滨 克拉玛依
无锡 东营
康定 喀什
金昌 安阳
通化 赤峰
庆阳 昭通
南昌 安顺
吐鲁番 临沂
三亚 吉安
恩施 张家口
三亚 烟台
庐山 嘉峪关
柳州 张掖
威海 广州
牡丹江 梧州
安庆 中卫
齐齐哈尔 香格里拉
长治 芒市
丽江 青岛
丹东 富蕴
广州 黄龙
昌都 佳木斯
玉树 赤峰
长白山 连云港
黎平 深圳
盐城 邯郸
张掖 黄龙
青岛 库车
广元 宜春
延吉 加格达奇
大理 朝阳
格尔木 郑州
贵阳 宜昌
玉树 义乌
长白山 达州
拉萨 义乌
成都 温泉
临沂 衡阳
宜春 井冈山
泸州 天津
哈密 青岛
南昌 库车
襄阳 邢台
梁平 广汉
烟台 衢州
宜宾 广元
义乌 永州
上海 克拉玛依
昭通 康定
石家庄 西宁
柳州 昭通
蚌埠 烟台
赤峰 黄山
通辽 梧州
保山 梧州
福州 扬州
乌兰浩特 洛阳
朝阳 邢台
烟台 临沂
兴义 丹东
吐鲁番 伊宁
桂林 泸州
阿尔山 宜春
北京 杭州
汉中 达州
济宁 嘉峪关
永州 黄龙
沙市 鄂尔多斯
连城 荔波
临沧 赣州
成都 银川
毕节 嘉峪关
和田 锡林浩特
邢台 思茅
那提拉 泸州
哈尔滨 蚌埠
乌海 宜昌
伊宁 安顺
牡丹江 林芝
鸡西 安庆
福州 齐齐哈尔
大同 阿尔山
和田 南京
重庆 丹东
和田 台州
珠海 满洲里
汉中 宜宾
天水 临沂
鸡西 阜阳
阿尔山 西双版纳
东营 玉树
乌兰浩特 无锡
西宁 喀纳斯
嘉峪关 成都
伊宁 沙市
且末 通辽
西双版纳 漠河
朝阳 鞍山
梁平 榆林
格尔木 西宁
池州 泸州
思茅 格尔木
加格达奇 乌海
扬州 长沙
威海 通辽
毕节 兴城
太原 齐齐哈尔
台州 金昌
黎平 北海
黎平 中卫
义乌 玉树
长白山 襄阳
赣州 三亚
广汉 长治
敦煌 黑河
景德镇 台州
石家庄 阿克苏
济南 永州
延吉 攀枝花
格尔木 巴彦淖尔
宜昌 太原
深圳 和田
安康 深圳
伊春 通辽
合肥 二连浩特
温州 福州
永州 临沧
舟山 黄龙
安顺 庆阳
义乌 那提拉
潍坊 井冈山
乌鲁木齐 鸡西
西宁 固原
盐城 吉安
威海 昆明
柳州 潍坊
百色 深圳
吐鲁番 晋江
黄龙 牡丹江
富蕴 池州
海拉尔 长治
海拉尔 衡阳
广州 锦州
无锡 延安
西宁 腾冲
青岛 金昌
南宁 南充
佛山 邯郸
且末 长春
格尔木 朝阳
乌鲁木齐 东营
常德 阿里
梁平 安庆
宜昌 无锡
芷江 芒市
攀枝花 太原
兴义 大理
青岛 博乐
邯郸 蚌埠
鄂尔多斯 衢州
东营 梅县
沙市 大同
长沙 无锡
长治 济宁
西宁 洛阳
文山 鞍山
黄龙 北京
衡阳 吐鲁番
池州 秦皇岛
康定 长海
玉树 安阳
济南 克拉玛依
朝阳 井冈山
南通 哈密
阿里 丽江
绵阳 武汉
满洲里 黔江
衡阳 呼和浩特
加格达奇 芷江
满洲里 嘉峪关
杭州 格尔木
鄂尔多斯 乌海
合肥 梅县
厦门 天津
黑河 温州
黑河 阿克苏
嘉峪关 万州
惠州 沈阳
兴城 西昌
北海 达州
库尔勒 沈阳
呼和浩特 南昌
乌鲁木齐 常州
武汉 珠海
敦煌 黔江
武汉 天水
泸州 攀枝花
常州 赤峰
太原 九江
阿里 加格达奇
南京 延安
连云港 桂林
阿勒泰 长春
厦门 兴义
天津 通化
青岛 广元
绵阳 哈尔滨
安康 昭通
丹东 乌海
南阳 阜阳
扬州 大同
阿克苏 温泉
库车 二连浩特
丽江 那提拉
汕头 宁波
三亚 百色
乌鲁木齐 锡林浩特
临沧 常德
乌海 海口
安庆 梅县
邢台 朝阳
汕头 潍坊
鞍山 吐鲁番
思茅 长海
上海 南宁
毕节 锦州
芷江 兴城
阿勒泰 芒市
丹东 梁平
长白山 沈阳
南阳 那提拉
连云港 伊宁
金昌 天津
固原 鞍山
巴彦淖尔 大连
赤峰 加格达奇
遵义 牡丹江
汉中 盐城
南通 南充
延吉 朝阳
济宁 恩施
庆阳 万州
邢台 南京
上海 阜阳
遵义 保山
玉树 西昌
潍坊 佛山
临沧 南充
东营 库车
温州 广汉
和田 且末
吐鲁番 庆阳
上海 襄阳
九江 大同
格尔木 厦门
鞍山 遵义
喀纳斯 延吉
长海 南通
鸡西 绵阳
邯郸 香格里拉
兴义 大同
香格里拉 加格达奇
阜阳 温州
梁平 喀什
梁平 武夷山
富蕴 井冈山
阜阳 赣州
加格达奇 重庆
张家界 呼和浩特
宁波 西双版纳
梧州 永州
和田 满洲里
哈尔滨 鄂尔多斯
宜春 长治
沙市 阿勒泰
永州 三亚
成都 郑州
昭通 常州
固原 宜宾
厦门 西安
湛江 阿勒泰
温州 伊春
温泉 邢台
百色 万州
大同 芜湖
阿克苏 兴城
惠州 徐州
格尔木 青岛
乌鲁木齐 黎平
二连浩特 漠河
临沧 武汉
通辽 满洲里
锡林浩特 海口
遵义 淮安
湛江 南京
盐城 海口
南通 温州
南阳 济宁
通化 安庆
牡丹江 上海
延吉 舟山
池州 黑河
长白山 扬州
阿尔山 武汉
北京 昭通
香格里拉 绵阳
文山 东营
乌海 西安
宁波 上海
安顺 芒市
黔江 徐州
铜仁 敦煌
青岛 广州
黄龙 伊宁
兰州 常州
威海 西双版纳
安康 鸡西
桂林 博乐
大理 宜宾
蚌埠 武汉
林芝 海拉尔
昆明 沈阳
吐鲁番 太原
常州 南通
南充 安顺
深圳 绵阳
九江 阿里
赤峰 宁波
固原 汉中
和田 上海
锦州 连城
广汉 南充
晋江 汉中
兴城 芜湖
长白山 庐山
泸州 荔波
常德 武汉
武夷山 佳木斯
大同 蚌埠
漠河 黄山
庆阳 格尔木
格尔木 通辽
桂林 洛阳
达州 昌都
运城 张家界
芒市 深圳
固原 厦门
温泉 洛阳
池州 张掖
克拉玛依 成都
衡阳 威海
长白山 珠海
芷江 西双版纳
韶关 唐山
芒市 三亚
昭通 蚌埠
连城 襄阳
唐山 桂林
北海 库车
海拉尔 泸州
常州 丽江
上海 阿尔山
徐州 哈密
黔江 芷江
张掖 阜阳
郑州 台州
无锡 襄阳
芷江 福州
包头 井冈山
唐山 二连浩特
汕头 景德镇
哈尔滨 汕头
临沂 沙市
恩施 武夷山
文山 安康
昌都 舟山
义乌 林芝
芜湖 南充
兴义 富蕴
呼和浩特 漠河
贵阳 汕头
西宁 乌兰浩特
临沂 丽江
攀枝花 衡阳
景德镇 鄂尔多斯
乌鲁木齐 巴彦淖尔
阿勒泰 石家庄
万州 徐州
天津 汕头
连云港 宜宾
富蕴 兰州
郑州 盐城
郑州 包头
武汉 常州
乌鲁木齐 南充
广州 哈密
格尔木 温州
黑河 塔城
海拉尔 朝阳
北海 汕头
伊春 南通
林芝 阿里
沙市 康定
长治 达州
吉安 乌兰浩特
梧州 满洲里
延吉 济宁
宜昌 晋江
宜昌 乌海
厦门 黄龙
库尔勒 北京
广州 长治
长治 海口
东营 张家界
铜仁 克拉玛依
塔城 深圳
台州 石家庄
韶关 九江
常德 包头
无锡 盐城
喀什 烟台
牡丹江 晋江
盐城 达州
宜昌 三亚
林芝 珠海
烟台 铜仁
池州 香格里拉
宜宾 烟台
巴彦淖尔 沙市
张家界 攀枝花
昆明 衢州
石家庄 南昌
汉中 喀什
南通 济宁
石家庄 伊春
长海 天水
南京 佛山
西双版纳 中卫
南昌 邢台
那提拉 张掖
舟山 重庆
阿里 芷江
库尔勒 且末
威海 梁平
二连浩特 九江
佳木斯 宜宾
武汉 阜阳
海口 襄阳
长沙 克拉玛依
文山 阿里
南京 惠州
鞍山 银川
金昌 大庆
南充 无锡
宜宾 延吉
连云港 淮安
黑河 库车
台州 黄龙
鄯善 巴彦淖尔
库车 临沧
连城 杭州
井冈山 巴彦淖尔
塔城 张掖
武汉 厦门
太原 海拉尔
丽江 张掖
济宁 佳木斯
梧州 台州
丹东 湛江
沈阳 北京
临沂 梧州
惠州 安康
佛山 长白山
通辽 鄯善
宜昌 中卫
南充 杭州
昭通 井冈山
成都 厦门
庐山 且末
连云港 乌兰浩特
天津 昭通
且末 哈密
张家口 淮安
固原 常德
台州 达州
延安 成都
邯郸 二连浩特
西双版纳 乌兰浩特
嘉峪关 锦州
中卫 扬州
临沂 延安
宜春 攀枝花
上海 库车
塔城 格尔木
吐鲁番 兴义
连云港 百色
毕节 常德
汉中 潍坊
朝阳 北京
大理 湛江
长沙 安顺
武夷山 铜仁
克拉玛依 东营
延安 安庆
南阳 阿里
宁波 南京
喀什 临沂
毕节 通辽
泸州 恩施
加格达奇 北海
威海 阿勒泰
湛江 嘉峪关
巴彦淖尔 梁平
拉萨 格尔木
呼和浩特 伊宁
长白山 庆阳
加格达奇 宜宾
绵阳 沙市
攀枝花 银川
汉中 泸州
阿里 朝阳
且末 邢台
连城 惠州
大连 达州
池州 南昌
海口 兴城
满洲里 杭州
阿里 包头
无锡 南宁
成都 唐山
衢州 无锡
鞍山 湛江
贵阳 阿尔山
扬州 石家庄
广汉 上海
张家界 沈阳
敦煌 遵义
安阳 长白山
武汉 连城
济宁 桂林
邯郸 西双版纳
万州 潍坊
太原 烟台
衢州 沈阳
宜昌 和田
九江 温州
昌都 黄龙
芒市 安阳
洛阳 喀什
沈阳 荔波
吉安 蚌埠
宜昌 喀纳斯
格尔木 哈密
青岛 富蕴
晋江 昆明
南宁 宜宾
达州 安康
锡林浩特 湛江
天水 南京
哈尔滨 南通
连城 兴义
景德镇 唐山
漠河 庆阳
济南 惠州
西昌 加格达奇
济南 井冈山
牡丹江 珠海
长治 兰州
南通 衡阳
满洲里 哈密
安顺 舟山
临沧 梁平
桂林 南京
长治 宜宾
台州 吉安
昌都 博乐
通辽 广州
武夷山 百色
哈尔滨 阿克苏
连城 海拉尔
常州 唐山
张家口 阜阳
阿克苏 榆林
加格达奇 青岛
韶关 厦门
