贵阳 合肥
济宁 晋江
二连浩特 襄阳
乌鲁木齐 武夷山
芒市 宜宾
日喀则 庐山
济南 芜湖
徐州 石家庄
舟山 绵阳
合肥 广元
汕头 荔波
延安 金昌
温泉 鞍山
南通 加格达奇
长白山 哈尔滨
二连浩特 福州
黑河 威海
通辽 兴城
伊宁 大连
达州 保山
西宁 玉树
东营 黎平
格尔木 梧州
海拉尔 烟台
衡阳 恩施
安康 锦州
兰州 加格达奇
庆阳 那提拉
宜春 朝阳
黔江 赣州
达州 兴城
沈阳 连云港
延安 大理
嘉峪关 榆林
昭通 中卫
牡丹江 安庆
海口 常德
丹东 二连浩特
敦煌 邢台
长白山 延吉
锡林浩特 加格达奇
敦煌 伊春
昭通 合肥
二连浩特 三亚
兴义 无锡
天津 西昌
通辽 阿里
南昌 长春
南充 长治
景德镇 沈阳
沙市 二连浩特
延安 库尔勒
安庆 西昌
青岛 长治
北海 贵阳
黎平 武夷山
徐州 通化
深圳 延吉
安顺 南京
景德镇 鞍山
扬州 汕头
广汉 武汉
永州 温州
中卫 香格里拉
赤峰 衢州
汉中 长春
芒市 梅县
库尔勒 通化
芷江 宜春
永州 石家庄
芷江 徐州
西安 宜昌
和田 宁波
芜湖 昭通
丽江 济宁
百色 安庆
太原 银川
庐山 张家口
临沂 南昌
大同 佛山
舟山 庐山
南阳 安阳
蚌埠 鸡西
昭通 林芝
长海 常州
安阳 邢台
珠海 恩施
佳木斯 芷江
蚌埠 温泉
扬州 成都
齐齐哈尔 惠州
锦州 临沂
黑河 黄山
连云港 洛阳
黑河 毕节
大同 海口
阿勒泰 韶关
哈尔滨 阿里
芒市 连城
宜宾 乌海
大庆 深圳
广州 金昌
拉萨 遵义
且末 阿克苏
大同 桂林
温泉 富蕴
牡丹江 武夷山
温州 北京
文山 那提拉
西双版纳 襄阳
洛阳 湛江
攀枝花 黄龙
汕头 烟台
广汉 庆阳
日喀则 长春
林芝 兴义
吉安 丽江
攀枝花 伊宁
吐鲁番 成都
康定 牡丹江
太原 广州
宜昌 达州
郑州 沙市
长沙 珠海
且末 柳州
恩施 鸡西
永州 邢台
淮安 常州
郑州 南宁
无锡 舟山
阿尔山 佛山
那提拉 鸡西
银川 哈尔滨
佛山 唐山
衢州 宁波
运城 博乐
珠海 伊宁
宁波 深圳
和田 吉安
金昌 武汉
黎平 加格达奇
哈尔滨 柳州
阿勒泰 九江
无锡 保山
佳木斯 临沂
银川 运城
万州 阿克苏
鄯善 西昌
兴义 银川
梅县 吐鲁番
南通 大同
梅县 毕节
襄阳 阜阳
宜宾 泸州
赤峰 烟台
伊春 济宁
临沂 兰州
黎平 庐山
伊春 井冈山
深圳 梧州
赣州 石家庄
攀枝花 阿里
沙市 百色
沈阳 长治
通辽 九江
齐齐哈尔 阿克苏
珠海 固原
加格达奇 香格里拉
三亚 固原
鸡西 万州
兴义 加格达奇
大同 阿里
黑河 兰州
赣州 包头
汉中 保山
宁波 南昌
安康 丽江
拉萨 库尔勒
安阳 广州
宁波 张掖
郑州 朝阳
衢州 林芝
银川 百色
张家口 南宁
腾冲 长治
绵阳 文山
满洲里 且末
运城 金昌
蚌埠 威海
常州 黄山
襄阳 沈阳
中卫 满洲里
乌海 巴彦淖尔
昆明 金昌
格尔木 万州
乌兰浩特 阜阳
阿尔山 固原
喀什 玉树
阿勒泰 南京
安庆 博乐
张家口 武汉
毕节 韶关
南宁 九江
临沂 济宁
塔城 宜宾
北海 固原
玉树 吐鲁番
宜宾 温泉
绵阳 永州
嘉峪关 上海
东营 扬州
梅县 鸡西
广州 汉中
呼和浩特 锦州
三亚 石家庄
舟山 广州
潍坊 佳木斯
蚌埠 克拉玛依
塔城 福州
固原 玉树
晋江 康定
临沂 通辽
克拉玛依 沈阳
合肥 康定
加格达奇 塔城
成都 烟台
连城 大理
乌鲁木齐 西宁
临沂 石家庄
蚌埠 淮安
芒市 扬州
金昌 朝阳
兴城 蚌埠
阿尔山 徐州
博乐 克拉玛依
呼和浩特 海拉尔
阿勒泰 福州
鄯善 乌海
遵义 南昌
重庆 阿克苏
井冈山 安顺
万州 威海
长沙 金昌
连云港 井冈山
宁波 延安
西昌 张掖
潍坊 衡阳
厦门 深圳
洛阳 锦州
长海 上海
沙市 伊宁
连云港 鸡西
珠海 北京
梅县 通辽
南充 毕节
毕节 东营
漠河 沈阳
威海 张掖
景德镇 乌鲁木齐
汉中 常州
乌海 林芝
北京 且末
呼和浩特 武汉
南京 天水
喀纳斯 阿克苏
温泉 厦门
榆林 恩施
淮安 黑河
芜湖 丽江
大连 兴城
阿尔山 齐齐哈尔
克拉玛依 塔城
博乐 芜湖
腾冲 伊春
西安 蚌埠
阜阳 且末
沙市 日喀则
克拉玛依 林芝
且末 保山
朝阳 宜宾
富蕴 榆林
延吉 佳木斯
牡丹江 满洲里
巴彦淖尔 长白山
佛山 上海
呼和浩特 台州
大连 佳木斯
连云港 珠海
赣州 惠州
宜春 青岛
伊宁 衢州
长春 厦门
库车 舟山
乌兰浩特 广汉
乌鲁木齐 杭州
喀纳斯 锦州
温泉 庆阳
加格达奇 博乐
思茅 长白山
丹东 且末
格尔木 大庆
兴城 吉安
义乌 芒市
兴义 长治
银川 牡丹江
南阳 淮安
佛山 海口
襄阳 天津
且末 恩施
海口 通化
芜湖 齐齐哈尔
南通 银川
襄阳 克拉玛依
库车 洛阳
宜春 贵阳
衢州 柳州
乌海 日喀则
黄龙 林芝
邢台 丹东
榆林 武夷山
昌都 安庆
蚌埠 泸州
文山 满洲里
井冈山 临沧
万州 包头
湛江 庆阳
阿里 兴城
井冈山 喀纳斯
保山 深圳
西宁 安康
汕头 库尔勒
长白山 太原
邢台 厦门
天水 绵阳
庆阳 梅县
伊宁 芷江
重庆 常德
大连 沈阳
池州 兴城
鄯善 鞍山
台州 那提拉
武夷山 潍坊
芷江 黎平
宜春 广州
哈密 邯郸
武夷山 黔江
衡阳 舟山
塔城 赣州
九江 遵义
舟山 广元
武汉 延吉
库尔勒 洛阳
昆明 无锡
宁波 昆明
丽江 哈密
克拉玛依 永州
北京 西安
哈尔滨 上海
保山 海口
昭通 池州
济宁 西昌
佳木斯 义乌
乌兰浩特 武夷山
伊春 杭州
舟山 昌都
延吉 达州
池州 格尔木
长海 庆阳
香格里拉 安庆
哈尔滨 安阳
日喀则 吐鲁番
连云港 大庆
宜宾 锡林浩特
长治 广元
漠河 天津
重庆 南充
嘉峪关 朝阳
广汉 兰州
巴彦淖尔 常州
博乐 南阳
南通 格尔木
南宁 海口
阿克苏 丽江
昌都 鄯善
和田 柳州
珠海 阜阳
乌海 柳州
邢台 天津
黄龙 池州
梧州 哈密
唐山 大同
台州 鄂尔多斯
朝阳 日喀则
恩施 潍坊
格尔木 文山
赣州 九江
哈尔滨 黄山
张家口 鄂尔多斯
嘉峪关 三亚
固原 兴城
长海 喀纳斯
连云港 沙市
三亚 长春
温泉 张家界
鄂尔多斯 杭州
铜仁 上海
临沂 运城
通化 郑州
兴城 晋江
衡阳 兴义
惠州 乌兰浩特
呼和浩特 阿里
乌兰浩特 阿里
沈阳 长春
盐城 泸州
洛阳 通化
威海 香格里拉
南阳 朝阳
西宁 张家口
遵义 百色
天水 泸州
丽江 包头
嘉峪关 日喀则
吉安 张家口
克拉玛依 南充
张家界 塔城
黄山 嘉峪关
佳木斯 庆阳
金昌 西安
梅县 达州
延安 唐山
芜湖 芷江
鄯善 海拉尔
吉安 厦门
临沧 大庆
温州 阿里
塔城 金昌
铜仁 运城
杭州 深圳
鄯善 常州
且末 伊宁
腾冲 厦门
黎平 邯郸
通辽 义乌
兰州 黑河
武汉 赣州
日喀则 敦煌
临沂 百色
赣州 贵阳
南充 哈尔滨
南昌 东营
张家界 库车
乌海 兰州
台州 青岛
恩施 惠州
秦皇岛 安康
常州 延安
沙市 宜春
烟台 温泉
和田 北海
洛阳 常德
克拉玛依 达州
秦皇岛 蚌埠
安康 天水
大连 赤峰
齐齐哈尔 宜昌
太原 厦门
腾冲 张掖
那提拉 石家庄
富蕴 安阳
富蕴 沙市
梧州 烟台
毕节 梧州
上海 梅县
泸州 宜昌
文山 庐山
佳木斯 池州
沙市 阿尔山
柳州 济宁
邯郸 邢台
喀什 南京
铜仁 喀纳斯
温泉 鸡西
张家界 海拉尔
张掖 义乌
库车 通辽
张家界 桂林
伊宁 芜湖
嘉峪关 池州
三亚 南宁
安庆 恩施
广汉 康定
常德 惠州
井冈山 敦煌
成都 且末
池州 惠州
芜湖 三亚
梧州 九江
绵阳 锡林浩特
黎平 阜阳
北京 深圳
西宁 伊春
成都 武汉
连城 景德镇
吉安 满洲里
重庆 文山
深圳 张家界
柳州 临沂
榆林 黔江
南京 吐鲁番
汕头 蚌埠
安庆 黎平
恩施 香格里拉
张家口 伊宁
榆林 柳州
日喀则 阜阳
哈尔滨 和田
太原 南充
鄯善 宜昌
柳州 二连浩特
湛江 保山
无锡 哈密
大理 达州
昭通 佛山
沈阳 牡丹江
大理 西安
银川 锡林浩特
大理 长春
洛阳 常州
芒市 海拉尔
丹东 加格达奇
梅县 惠州
潍坊 昌都
宜宾 毕节
克拉玛依 三亚
唐山 且末
黑河 南通
锦州 武汉
兴城 梅县
温州 九江
安顺 敦煌
晋江 临沧
赤峰 西安
台州 宜宾
赣州 太原
黎平 佛山
香格里拉 遵义
长白山 康定
芷江 汕头
嘉峪关 芒市
太原 大理
长春 济南
惠州 黄山
梧州 长沙
赤峰 鄯善
延安 台州
鄂尔多斯 海口
洛阳 桂林
宜春 兰州
石家庄 南通
衡阳 荔波
梁平 潍坊
文山 青岛
台州 保山
天水 荔波
恩施 太原
西安 西双版纳
二连浩特 景德镇
满洲里 南昌
连城 宜宾
通化 喀什
长海 邢台
连城 乌鲁木齐
伊宁 中卫
永州 南充
阿勒泰 中卫
重庆 长白山
伊宁 厦门
南通 武汉
海口 文山
石家庄 徐州
芒市 通化
丹东 海拉尔
柳州 扬州
芷江 通化
佛山 大庆
满洲里 大连
鄂尔多斯 西昌
文山 黑河
吐鲁番 扬州
塔城 安庆
淮安 成都
呼和浩特 黄山
衢州 黎平
临沧 杭州
那提拉 锡林浩特
兴城 吐鲁番
兴义 晋江
西双版纳 安庆
广州 无锡
呼和浩特 庐山
合肥 九江
满洲里 毕节
成都 昭通
毕节 格尔木
蚌埠 乌兰浩特
腾冲 温州
达州 北海
鸡西 秦皇岛
宜昌 西昌
秦皇岛 唐山
梁平 晋江
南充 佳木斯
广汉 哈尔滨
满洲里 唐山
庐山 加格达奇
长海 长沙
阿尔山 吉安
广州 梧州
临沧 银川
塔城 安康
长白山 阿克苏
库车 康定
阿勒泰 无锡
朝阳 金昌
日喀则 和田
武汉 福州
梁平 杭州
上海 塔城
佳木斯 邢台
盐城 加格达奇
榆林 桂林
大同 深圳
大理 张掖
威海 阿克苏
上海 大庆
重庆 庐山
安庆 锡林浩特
威海 大庆
张家界 金昌
吉安 安阳
日喀则 南充
吉安 二连浩特
广州 固原
九江 济宁
银川 大庆
盐城 赤峰
伊宁 铜仁
延吉 青岛
昌都 潍坊
呼和浩特 延吉
铜仁 厦门
桂林 西安
佳木斯 荔波
锦州 兴城
潍坊 阿尔山
延安 嘉峪关
舟山 梁平
天津 邢台
韶关 黄山
鄯善 西双版纳
喀纳斯 成都
泸州 博乐
呼和浩特 广元
安阳 合肥
林芝 西宁
克拉玛依 中卫
丽江 万州
重庆 大庆
连城 唐山
天水 温州
长治 大连
南充 长白山
温泉 乌兰浩特
秦皇岛 阿勒泰
锦州 韶关
漠河 武夷山
喀什 香格里拉
台州 大连
加格达奇 牡丹江
洛阳 郑州
恩施 攀枝花
二连浩特 伊春
达州 临沂
宜宾 伊宁
邢台 林芝
庐山 南京
庆阳 鞍山
邯郸 常州
石家庄 安阳
福州 西宁
杭州 黎平
海口 台州
上海 乌海
黄龙 北海
厦门 舟山
芷江 黄龙
长治 珠海
兰州 富蕴
安阳 阿克苏
二连浩特 牡丹江
库车 重庆
喀什 天水
兴城 台州
广州 鞍山
北海 伊春
襄阳 长沙
黄龙 丽江
张家界 万州
广州 运城
腾冲 漠河
北京 合肥
梁平 衢州
恩施 荔波
芜湖 福州
赤峰 九江
长沙 大连
中卫 邢台
珠海 富蕴
富蕴 遵义
安顺 赤峰
保山 宁波
黄龙 珠海
长海 吉安
牡丹江 克拉玛依
阿勒泰 黎平
丹东 包头
广元 达州
百色 温泉
绵阳 嘉峪关
乌兰浩特 武汉
盐城 桂林
徐州 嘉峪关
上海 韶关
林芝 博乐
庆阳 富蕴
深圳 济南
厦门 宁波
张家界 唐山
襄阳 安顺
常德 黄龙
林芝 乌兰浩特
西双版纳 南昌
满洲里 九江
桂林 黎平
常德 湛江
嘉峪关 延吉
蚌埠 满洲里
鸡西 大同
玉树 吉安
拉萨 鸡西
鄯善 荔波
博乐 潍坊
富蕴 无锡
舟山 衢州
金昌 合肥
南京 重庆
上海 南通
台州 库车
且末 佛山
日喀则 玉树
长白山 拉萨
西宁 格尔木
梅县 思茅
庐山 漠河
香格里拉 林芝
沙市 延吉
重庆 玉树
北海 芷江
恩施 库尔勒
池州 西安
舟山 兰州
中卫 阿克苏
惠州 井冈山
黔江 榆林
大理 南通
武汉 库尔勒
安康 延吉
绵阳 库尔勒
昭通 万州
南阳 银川
绵阳 北京
中卫 潍坊
恩施 临沧
黄山 西宁
通化 吉安
芒市 温州
呼和浩特 湛江
银川 汉中
嘉峪关 鄂尔多斯
沈阳 芷江
宁波 北海
文山 井冈山
芒市 柳州
上海 海口
邢台 芷江
厦门 赤峰
潍坊 香格里拉
且末 固原
阿里 阜阳
安康 喀什
郑州 秦皇岛
温泉 哈密
大连 丹东
永州 阿尔山
黑河 南宁
柳州 三亚
秦皇岛 固原
阿里 重庆
西双版纳 延吉
唐山 济南
敦煌 天津
庐山 昭通
乌兰浩特 淮安
徐州 南阳
包头 深圳
南充 加格达奇
济宁 长沙
南宁 南通
哈密 加格达奇
广汉 太原
西双版纳 济南
梁平 锦州
乌海 晋江
秦皇岛 大同
长治 庆阳
满洲里 丽江
广州 大连
那提拉 喀纳斯
连云港 广汉
杭州 邯郸
锡林浩特 舟山
邯郸 厦门
鞍山 义乌
大同 保山
中卫 包头
杭州 兰州
蚌埠 安康
三亚 万州
太原 温泉
喀什 固原
思茅 湛江
库车 乌兰浩特
广州 义乌
百色 榆林
庆阳 固原
格尔木 广州
昭通 济宁
赣州 伊宁
通化 大理
丹东 绵阳
安康 南宁
贵阳 固原
锦州 梁平
昭通 哈尔滨
深圳 成都
温州 西昌
阿里 张掖
格尔木 长治
安顺 汕头
长春 鄯善
阿克苏 淮安
上海 日喀则
三亚 黄龙
舟山 二连浩特
芒市 芷江
漠河 柳州
伊宁 上海
锡林浩特 嘉峪关
丹东 昆明
广元 张家口
思茅 荔波
长治 二连浩特
运城 西安
锡林浩特 长治
珠海 贵阳
长海 运城
西宁 佳木斯
重庆 张掖
乌鲁木齐 安顺
富蕴 毕节
长春 汕头
西安 通化
张掖 佳木斯
青岛 常德
林芝 郑州
安顺 延安
长海 保山
齐齐哈尔 汕头
沙市 柳州
盐城 汕头
榆林 临沧
蚌埠 昭通
徐州 锦州
黔江 景德镇
常德 阜阳
无锡 加格达奇
海口 芷江
深圳 铜仁
兰州 东营
朝阳 鄯善
赤峰 天水
南通 无锡
北京 永州
惠州 济南
攀枝花 西宁
徐州 太原
毕节 恩施
赤峰 郑州
昭通 三亚
济宁 庆阳
盐城 安康
文山 喀纳斯
九江 长春
攀枝花 北海
加格达奇 黄龙
西昌 池州
襄阳 盐城
大理 黄龙
通化 兴义
富蕴 芒市
日喀则 石家庄
宜春 洛阳
潍坊 柳州
临沂 合肥
威海 富蕴
拉萨 漠河
吐鲁番 赤峰
黄龙 台州
合肥 格尔木
井冈山 常州
鄂尔多斯 梁平
舟山 玉树
惠州 佳木斯
武夷山 哈尔滨
温泉 朝阳
金昌 呼和浩特
铜仁 张家口
锦州 徐州
邯郸 北京
三亚 襄阳
格尔木 南充
临沂 朝阳
运城 通辽
沈阳 通化
腾冲 海口
宜春 阿勒泰
长白山 福州
巴彦淖尔 昆明
齐齐哈尔 安庆
芒市 宜昌
石家庄 延安
南充 桂林
梧州 汕头
玉树 邯郸
银川 和田
库尔勒 泸州
南昌 乌鲁木齐
林芝 潍坊
福州 佳木斯
文山 邢台
康定 九江
荔波 加格达奇
齐齐哈尔 黄龙
天津 乌鲁木齐
徐州 长治
池州 温泉
延安 鄂尔多斯
郑州 衢州
长沙 合肥
南阳 长白山
鞍山 西双版纳
库车 温州
长白山 西安
黎平 天津
徐州 漠河
张掖 厦门
铜仁 南昌
漠河 九江
格尔木 荔波
大理 中卫
库尔勒 鞍山
庆阳 黄龙
潍坊 唐山
万州 吐鲁番
库车 通化
海拉尔 大理
思茅 济宁
通辽 金昌
邢台 漠河
包头 常州
扬州 安阳
温泉 玉树
石家庄 柳州
邢台 齐齐哈尔
且末 盐城
富蕴 襄阳
温州 东营
西安 吐鲁番
宜昌 黑河
丹东 兴义
黑河 佛山
库车 南充
银川 金昌
广州 海口
汉中 无锡
运城 沈阳
日喀则 张家界
通化 西安
黑河 天水
吐鲁番 西安
延安 毕节
达州 盐城
常州 济宁
广州 西安
铜仁 黄山
北海 玉树
连云港 康定
台州 北海
潍坊 哈密
南阳 南京
沙市 石家庄
邢台 达州
盐城 湛江
鄂尔多斯 襄阳
中卫 宜昌
广州 阿尔山
重庆 盐城
珠海 广汉
攀枝花 北京
乌兰浩特 成都
晋江 佳木斯
沙市 大连
常州 乌兰浩特
常德 长白山
昆明 济南
潍坊 鸡西
长治 乌鲁木齐
北京 锦州
赤峰 庆阳
鄂尔多斯 大同
宜春 伊春
芷江 梅县
银川 大理
天水 丹东
丹东 阿尔山
东营 庆阳
井冈山 北京
金昌 南阳
昆明 青岛
拉萨 汉中
邢台 宜宾
北京 敦煌
广元 温泉
乌兰浩特 梧州
韶关 兴城
佛山 梧州
邢台 济宁
阿里 二连浩特
洛阳 扬州
湛江 康定
南宁 博乐
宜昌 赣州
兰州 嘉峪关
宜春 泸州
乌兰浩特 烟台
威海 绵阳
鄂尔多斯 常德
济南 九江
克拉玛依 西双版纳
广汉 通辽
芒市 厦门
阿克苏 湛江
长沙 邯郸
库车 宁波
文山 长海
齐齐哈尔 南宁
包头 武夷山
青岛 汕头
惠州 腾冲
林芝 保山
林芝 太原
朝阳 喀什
湛江 深圳
临沂 延吉
珠海 克拉玛依
长春 张掖
敦煌 阿里
洛阳 南昌
兴义 汕头
张家界 毕节
伊宁 固原
沈阳 黄龙
合肥 桂林
临沂 北京
海拉尔 运城
乌鲁木齐 连云港
林芝 武汉
南宁 汉中
洛阳 鞍山
杭州 喀什
杭州 常德
鄯善 包头
桂林 伊宁
黄山 北海
芒市 西昌
宜宾 喀什
鄯善 北海
乌海 宜春
日喀则 且末
百色 秦皇岛
安阳 秦皇岛
常德 恩施
桂林 阿里
济南 阿克苏
天水 威海
哈密 朝阳
日喀则 太原
克拉玛依 吐鲁番
潍坊 呼和浩特
芷江 那提拉
吉安 上海
拉萨 北海
宜春 万州
包头 佛山
三亚 漠河
庆阳 青岛
满洲里 鸡西
黔江 武汉
梧州 运城
且末 黎平
通辽 唐山
临沂 西昌
东营 文山
唐山 金昌
淮安 那提拉
格尔木 漠河
梅县 赣州
广汉 徐州
喀纳斯 沙市
青岛 喀什
敦煌 保山
大同 兴城
连云港 阿里
包头 敦煌
安康 威海
拉萨 井冈山
池州 贵阳
庐山 梁平
威海 邢台
张掖 日喀则
鄯善 池州
万州 通化
长海 连城
厦门 锦州
通化 温泉
二连浩特 汉中
襄阳 南宁
南宁 沈阳
北京 丹东
博乐 义乌
邢台 北京
九江 加格达奇
敦煌 海拉尔
郑州 哈尔滨
常州 香格里拉
百色 安顺
台州 日喀则
鸡西 伊宁
襄阳 临沧
喀什 兰州
济南 临沧
黄龙 衢州
富蕴 呼和浩特
洛阳 韶关
和田 连城
长沙 广州
太原 攀枝花
佛山 宜宾
宁波 且末
邯郸 珠海
西双版纳 邢台
黄山 济宁
延吉 宜春
攀枝花 晋江
兰州 运城
临沂 格尔木
榆林 潍坊
深圳 康定
连云港 西宁
日喀则 大庆
临沧 长治
齐齐哈尔 蚌埠
乌鲁木齐 连城
张家界 宜春
济南 襄阳
黑河 台州
唐山 宁波
张家口 秦皇岛
珠海 昌都
武夷山 成都
扬州 连城
兴城 库车
芜湖 温州
鄂尔多斯 阿勒泰
洛阳 沙市
绵阳 吐鲁番
宜春 鄯善
嘉峪关 敦煌
香格里拉 宜宾
嘉峪关 金昌
永州 赤峰
潍坊 黄龙
加格达奇 阿克苏
大庆 加格达奇
常德 通辽
阿里 南阳
文山 舟山
百色 漠河
成都 长治
珠海 梅县
安康 黑河
二连浩特 拉萨
珠海 安庆
安庆 温泉
赣州 潍坊
衡阳 芜湖
兴城 东营
富蕴 济宁
荔波 绵阳
丽江 阿克苏
蚌埠 连城
秦皇岛 锦州
海口 香格里拉
武汉 太原
绵阳 喀什
大庆 青岛
库车 南阳
湛江 黎平
思茅 阿尔山
伊春 满洲里
赤峰 扬州
乌鲁木齐 宜昌
大同 乌兰浩特
二连浩特 沈阳
大庆 北京
太原 长春
日喀则 邯郸
香格里拉 安阳
兴城 唐山
库尔勒 鄂尔多斯
加格达奇 张家口
宜春 汉中
临沂 舟山
攀枝花 南充
南充 东营
邢台 石家庄
庐山 东营
西安 鄯善
黎平 兰州
通辽 兰州
成都 南通
朝阳 固原
攀枝花 荔波
黄山 宜宾
西双版纳 庆阳
海拉尔 芒市
遵义 温泉
舟山 佛山
张掖 中卫
阿勒泰 百色
长白山 南昌
安顺 上海
遵义 博乐
安康 衡阳
芷江 景德镇
武夷山 达州
南宁 西宁
巴彦淖尔 富蕴
上海 青岛
安顺 天津
宜春 喀什
芒市 通辽
广元 蚌埠
北京 长治
上海 银川
黄山 林芝
伊春 牡丹江
湛江 济南
西安 绵阳
南阳 昭通
伊春 富蕴
重庆 汉中
无锡 库车
广元 张掖
漠河 伊春
惠州 洛阳
成都 常德
嘉峪关 鄯善
万州 桂林
齐齐哈尔 济南
张掖 连城
梁平 长治
合肥 黎平
梁平 伊宁
南阳 柳州
遵义 敦煌
兰州 鄂尔多斯
吐鲁番 荔波
乌兰浩特 康定
乌兰浩特 长春
毕节 郑州
通辽 连云港
临沧 毕节
攀枝花 蚌埠
秦皇岛 乌海
富蕴 南京
宜昌 鄂尔多斯
武汉 伊宁
银川 海拉尔
张家口 南昌
南阳 温州
阿尔山 唐山
北京 汉中
且末 运城
宜春 加格达奇
柳州 唐山
西宁 西昌
福州 连云港
克拉玛依 安阳
蚌埠 郑州
二连浩特 邢台
台州 池州
梧州 巴彦淖尔
兴城 安庆
庆阳 阿尔山
西昌 汕头
庐山 西昌
珠海 林芝
梁平 永州
威海 梅县
鸡西 温泉
丹东 安阳
攀枝花 文山
长沙 临沂
嘉峪关 塔城
文山 伊春
珠海 日喀则
临沧 连云港
连云港 延安
通化 昌都
济南 南阳
香格里拉 梅县
黔江 长沙
格尔木 乌兰浩特
那提拉 芷江
温州 丽江
康定 安顺
晋江 和田
井冈山 洛阳
大理 林芝
中卫 武汉
西双版纳 兴城
长海 南充
丹东 锡林浩特
扬州 西宁
庆阳 中卫
伊春 阿克苏
无锡 石家庄
黄龙 齐齐哈尔
包头 库车
郑州 南通
梧州 阿尔山
昭通 通辽
安顺 榆林
北海 湛江
榆林 那提拉
兰州 安康
广汉 南通
三亚 大理
张家界 宜宾
通化 固原
赣州 思茅
兴城 运城
哈尔滨 扬州
蚌埠 扬州
厦门 淮安
桂林 常德
襄阳 和田
南通 香格里拉
常州 深圳
海拉尔 金昌
西安 惠州
固原 兴义
攀枝花 日喀则
思茅 玉树
达州 太原
梧州 吐鲁番
井冈山 攀枝花
阿克苏 沈阳
丹东 林芝
杭州 敦煌
晋江 梁平
大连 百色
铜仁 徐州
阿里 无锡
合肥 杭州
克拉玛依 石家庄
安阳 哈密
且末 巴彦淖尔
西安 海拉尔
日喀则 临沂
温泉 广汉
博乐 南充
烟台 海拉尔
固原 惠州
中卫 兴义
漠河 邢台
嘉峪关 兰州
牡丹江 通辽
常州 二连浩特
伊宁 武汉
淮安 遵义
锦州 九江
北京 阿勒泰
伊宁 台州
阿克苏 富蕴
贵阳 梅县
长春 兰州
广元 临沧
西安 沙市
漠河 梅县
富蕴 丹东
满洲里 蚌埠
南京 宁波
贵阳 哈密
鄂尔多斯 林芝
铜仁 武汉
常州 广州
黔江 通化
和田 汉中
吐鲁番 淮安
万州 宜宾
芒市 贵阳
格尔木 通化
张家界 通辽
梁平 牡丹江
梁平 西安
长春 银川
铜仁 盐城
唐山 丹东
柳州 拉萨
南京 张掖
景德镇 康定
西安 黄龙
芷江 天津
南阳 乌鲁木齐
呼和浩特 哈尔滨
和田 保山
兰州 张家口
池州 满洲里
宁波 长春
临沂 西安
昌都 乌鲁木齐
西双版纳 锡林浩特
太原 池州
南阳 石家庄
鄯善 湛江
佛山 安康
潍坊 和田
兴义 绵阳
齐齐哈尔 伊宁
运城 合肥
攀枝花 阿勒泰
和田 嘉峪关
烟台 福州
义乌 齐齐哈尔
宜昌 遵义
邢台 塔城
南昌 惠州
金昌 博乐
金昌 济宁
西安 荔波
攀枝花 襄阳
潍坊 博乐
鸡西 库车
宁波 池州
金昌 佳木斯
九江 池州
通辽 攀枝花
济南 上海
宜春 黔江
黔江 达州
塔城 淮安
武夷山 安庆
赣州 广元
安康 宜宾
池州 阿里
潍坊 天水
无锡 沈阳
梧州 桂林
阿尔山 西昌
盐城 通辽
唐山 烟台
衡阳 西双版纳
包头 丽江
柳州 那提拉
固原 庆阳
长白山 汕头
阿克苏 威海
丹东 赤峰
沈阳 库车
广元 昆明
朝阳 芜湖
兰州 包头
黎平 达州
兴城 黄山
连城 文山
连云港 沈阳
合肥 大理
韶关 合肥
长白山 中卫
沙市 连城
哈密 杭州
铜仁 威海
连城 昭通
鄂尔多斯 腾冲
张家口 大同
库尔勒 厦门
巴彦淖尔 兰州
邢台 佳木斯
黄龙 宜宾
佛山 敦煌
广元 邢台
合肥 嘉峪关
延吉 芜湖
阿克苏 遵义
永州 铜仁
固原 井冈山
西宁 天水
博乐 运城
兴城 邯郸
绵阳 淮安
常德 芜湖
鞍山 荔波
潍坊 海拉尔
金昌 丽江
厦门 安康
攀枝花 西双版纳
丹东 临沂
阿尔山 赣州
沈阳 绵阳
乌鲁木齐 玉树
满洲里 长海
攀枝花 天水
柳州 广元
兴义 拉萨
梅县 合肥
珠海 大同
沙市 黄龙
佳木斯 太原
林芝 日喀则
安顺 日喀则
延安 大连
锦州 日喀则
连云港 北海
汉中 二连浩特
芷江 梧州
康定 克拉玛依
伊宁 秦皇岛
毕节 襄阳
无锡 宜春
丹东 秦皇岛
汕头 晋江
朝阳 黄山
芒市 武夷山
鄂尔多斯 赣州
阿克苏 思茅
喀纳斯 西双版纳
广汉 腾冲
阿里 连城
张家界 徐州
运城 嘉峪关
阿勒泰 临沂
拉萨 南宁
珠海 宁波
张家界 文山
石家庄 鞍山
海口 百色
玉树 香格里拉
长沙 大理
大庆 九江
绵阳 榆林
吐鲁番 黔江
扬州 秦皇岛
南阳 福州
思茅 海口
香格里拉 北京
临沧 桂林
吐鲁番 银川
厦门 长春
鸡西 遵义
芷江 安庆
库车 唐山
日喀则 湛江
鄯善 喀什
丽江 西双版纳
黔江 临沧
文山 秦皇岛
武夷山 丽江
鞍山 蚌埠
牡丹江 芷江
韶关 宜宾
温州 泸州
九江 深圳
伊春 大理
青岛 大理
长治 佳木斯
庐山 思茅
康定 连云港
且末 青岛
昭通 庐山
腾冲 南阳
赣州 安阳
大理 安顺
芜湖 庆阳
荔波 文山
太原 固原
西安 衢州
长治 湛江
阿尔山 库车
南通 张家界
重庆 邢台
乌海 延安
青岛 且末
三亚 张家界
济南 和田
丽江 沙市
哈密 舟山
喀纳斯 鞍山
嘉峪关 济宁
遵义 宁波
三亚 济宁
西昌 黑河
西安 锡林浩特
林芝 宜昌
芜湖 广元
广元 西昌
昆明 九江
沙市 连云港
上海 遵义
呼和浩特 赤峰
温泉 天水
达州 洛阳
赤峰 深圳
庆阳 东营
大同 黑河
东营 南阳
那提拉 西昌
克拉玛依 盐城
梅县 保山
日喀则 佳木斯
通化 广元
南昌 武汉
安庆 长沙
阜阳 乌鲁木齐
天水 阿里
池州 腾冲
百色 鞍山
长沙 西安
芷江 康定
长治 池州
长沙 贵阳
日喀则 吉安
连城 池州
敦煌 包头
文山 长白山
宜宾 常德
威海 连云港
喀纳斯 阿尔山
襄阳 蚌埠
鄯善 温泉
达州 宜春
鞍山 成都
扬州 张家口
二连浩特 宜宾
大连 衢州
鞍山 济南
南宁 兰州
克拉玛依 烟台
天津 百色
中卫 贵阳
台州 珠海
上海 黄龙
遵义 中卫
武夷山 佛山
丽江 榆林
吉安 天津
锡林浩特 庐山
榆林 毕节
芷江 鞍山
湛江 芜湖
南京 襄阳
恩施 哈密
常州 锡林浩特
贵阳 三亚
广汉 喀什
武夷山 汉中
宜昌 汉中
库车 广汉
荔波 梅县
烟台 井冈山
阿里 大庆
义乌 日喀则
汕头 兴城
贵阳 伊宁
南充 永州
九江 荔波
西昌 韶关
太原 吐鲁番
济南 秦皇岛
兴义 安康
广州 保山
舟山 和田
毕节 乌海
武汉 百色
井冈山 淮安
威海 广元
博乐 昌都
吉安 攀枝花
固原 温州
永州 绵阳
香格里拉 朝阳
长海 绵阳
盐城 淮安
鞍山 赤峰
洛阳 鄂尔多斯
南昌 遵义
临沂 和田
盐城 包头
衡阳 和田
台州 塔城
张家口 中卫
黔江 乌海
长海 阿克苏
伊宁 荔波
义乌 邢台
柳州 温州
和田 兴城
延安 庐山
石家庄 连城
阜阳 北海
康定 大连
那提拉 毕节
芷江 邢台
安阳 天水
韶关 库车
赤峰 海口
台州 南阳
恩施 青岛
黄龙 成都
重庆 池州
梅县 西昌
赣州 丹东
湛江 长春
邯郸 张掖
博乐 天水
台州 徐州
长沙 西双版纳
邢台 邯郸
井冈山 长春
哈密 济宁
赣州 攀枝花
舟山 宜昌
榆林 东营
唐山 中卫
那提拉 杭州
济南 汕头
安顺 九江
毕节 徐州
腾冲 宜宾
黄龙 宜春
芒市 日喀则
南充 朝阳
沈阳 长海
运城 梅县
安阳 庆阳
阜阳 义乌
南宁 兴义
福州 广州
嘉峪关 汉中
池州 长白山
太原 井冈山
邢台 榆林
重庆 惠州
阿勒泰 乌兰浩特
贵阳 晋江
满洲里 金昌
铜仁 大理
佛山 塔城
荔波 乌兰浩特
金昌 临沧
舟山 南宁
温泉 邯郸
长沙 满洲里
扬州 库尔勒
思茅 延安
黑河 太原
南昌 克拉玛依
林芝 达州
安康 襄阳
成都 广元
佛山 锦州
襄阳 广州
阜阳 徐州
腾冲 长沙
天津 福州
阿里 遵义
嘉峪关 黎平
达州 长沙
大连 台州
惠州 哈密
通化 潍坊
天水 丽江
阜阳 鄂尔多斯
太原 黄山
汕头 张家界
博乐 台州
汕头 贵阳
黄山 思茅
安庆 韶关
黑河 石家庄
汉中 乌海
敦煌 阜阳
博乐 齐齐哈尔
兴城 博乐
烟台 漠河
邢台 扬州
张家口 连云港
阿里 温州
西宁 衢州
南阳 黑河
敦煌 惠州
荔波 大理
阿勒泰 库尔勒
哈密 百色
乌海 安顺
广汉 南阳
达州 黑河
杭州 鄯善
邢台 铜仁
佛山 阜阳
安康 通辽
衡阳 大同
南京 恩施
芒市 梧州
无锡 银川
毕节 重庆
芒市 赣州
那提拉 牡丹江
盐城 喀什
广元 台州
乌鲁木齐 合肥
阿里 沈阳
昆明 梅县
西昌 思茅
佳木斯 天津
西双版纳 鞍山
成都 襄阳
玉树 邢台
包头 大理
北海 广州
芜湖 鸡西
厦门 台州
芒市 那提拉
东营 巴彦淖尔
保山 阿尔山
通辽 鄂尔多斯
成都 锦州
连城 衡阳
沙市 兴义
金昌 昆明
呼和浩特 合肥
天水 沈阳
且末 博乐
那提拉 武夷山
万州 丹东
通化 鄯善
南京 珠海
赣州 长治
齐齐哈尔 昭通
香格里拉 腾冲
厦门 青岛
东营 洛阳
宁波 芒市
齐齐哈尔 哈密
克拉玛依 无锡
长白山 丹东
丽江 武汉
齐齐哈尔 舟山
晋江 黔江
吉安 秦皇岛
长沙 黄山
九江 南京
海口 郑州
安庆 九江
天水 固原
温州 吐鲁番
宁波 伊春
广汉 连城
晋江 庆阳
张家界 南宁
蚌埠 达州
中卫 烟台
且末 中卫
汕头 黄龙
柳州 台州
芜湖 泸州
榆林 大庆
贵阳 昆明
沈阳 博乐
毕节 赤峰
黄龙 佛山
西宁 吉安
安阳 大连
常州 安康
拉萨 邯郸
金昌 宜宾
徐州 克拉玛依
天津 襄阳
大连 鄂尔多斯
宜昌 长白山
秦皇岛 常德
临沧 温泉
阿克苏 且末
邢台 鞍山
井冈山 大理
东营 富蕴
淮安 济南
扬州 文山
达州 秦皇岛
满洲里 库尔勒
襄阳 武汉
武夷山 济宁
毕节 铜仁
西双版纳 丽江
乌兰浩特 齐齐哈尔
榆林 南阳
唐山 宜宾
万州 康定
安康 文山
昆明 博乐
大庆 张掖
鸡西 潍坊
塔城 郑州
大同 塔城
贵阳 太原
烟台 固原
宜宾 佳木斯
兴城 漠河
南充 长沙
伊宁 赣州
临沧 梅县
毕节 大庆
延安 临沧
南通 沙市
长治 保山
梧州 厦门
汕头 天水
东营 阜阳
盐城 青岛
佳木斯 日喀则
张掖 广汉
二连浩特 衡阳
徐州 吉安
兴义 黄山
腾冲 沙市
北海 西宁
宜春 唐山
永州 富蕴
敦煌 博乐
银川 珠海
三亚 喀纳斯
芒市 安顺
常州 沈阳
银川 梁平
大同 惠州
西安 万州
武汉 吐鲁番
桂林 三亚
洛阳 台州
柳州 芒市
格尔木 锦州
唐山 安庆
惠州 二连浩特
张掖 重庆
黄龙 银川
库车 兴城
固原 万州
洛阳 榆林
恩施 巴彦淖尔
襄阳 连城
黔江 常州
三亚 巴彦淖尔
邯郸 满洲里
郑州 和田
延吉 西双版纳
二连浩特 蚌埠
襄阳 西宁
石家庄 塔城
遵义 哈尔滨
广汉 毕节
张掖 合肥
三亚 锦州
克拉玛依 毕节
洛阳 通辽
温泉 丹东
佳木斯 九江
柳州 无锡
保山 嘉峪关
张掖 宜春
庐山 佳木斯
思茅 杭州
长白山 北京
芒市 蚌埠
无锡 宜宾
富蕴 海口
乌鲁木齐 临沧
运城 温州
南京 武汉
泸州 广州
韶关 芷江
佳木斯 武汉
赣州 长沙
湛江 临沧
齐齐哈尔 兴城
芒市 呼和浩特
黑河 柳州
福州 韶关
芜湖 阿里
义乌 佳木斯
烟台 西昌
大连 芜湖
芷江 喀纳斯
汕头 克拉玛依
阿尔山 哈尔滨
锦州 朝阳
兴城 长沙
临沂 威海
赤峰 汉中
延吉 石家庄
太原 郑州
芒市 绵阳
攀枝花 丽江
韶关 遵义
达州 南京
黎平 成都
那提拉 永州
鄯善 延安
青岛 万州
韶关 梅县
包头 南阳
康定 通辽
临沧 宜昌
长沙 兴义
万州 井冈山
衢州 安康
铜仁 临沧
青岛 中卫
兰州 文山
梅县 齐齐哈尔
邢台 玉树
鞍山 张家口
大理 昌都
威海 长治
扬州 梅县
唐山 芜湖
桂林 那提拉
长白山 佳木斯
昭通 安康
吉安 宜宾
中卫 玉树
西宁 杭州
敦煌 临沧
延安 珠海
运城 唐山
佛山 潍坊
三亚 阿尔山
梅县 嘉峪关
南宁 张掖
黄山 大同
阿克苏 台州
秦皇岛 宜宾
成都 阜阳
景德镇 文山
武夷山 宜宾
衢州 南昌
景德镇 大同
芜湖 乌海
哈尔滨 朝阳
襄阳 芒市
景德镇 且末
铜仁 哈尔滨
赣州 汕头
连城 宜昌
黄山 赣州
西昌 盐城
丽江 铜仁
乌海 福州
运城 景德镇
秦皇岛 阿克苏
井冈山 韶关
汉中 杭州
吐鲁番 乌鲁木齐
绵阳 义乌
广汉 桂林
兴城 金昌
芜湖 湛江
腾冲 敦煌
常州 厦门
宜宾 安康
铜仁 库车
延吉 大连
二连浩特 济南
福州 张家口
达州 中卫
且末 福州
南阳 兴城
湛江 烟台
临沂 喀纳斯
唐山 襄阳
温泉 且末
蚌埠 黄龙
长春 恩施
九江 昆明
南宁 西安
遵义 南通
鸡西 包头
芒市 青岛
庆阳 扬州
晋江 锦州
万州 三亚
庐山 通化
保山 舟山
大理 百色
佳木斯 天水
文山 临沧
乌兰浩特 汉中
黄山 安康
阿勒泰 常德
广元 韶关
丹东 南通
九江 扬州
黑河 景德镇
庆阳 通化
舟山 呼和浩特
梧州 徐州
伊宁 日喀则
济宁 吉安
广州 黔江
珠海 泸州
汉中 黎平
乌兰浩特 张掖
包头 台州
和田 乌兰浩特
贵阳 大理
昆明 南宁
和田 漠河
康定 二连浩特
喀纳斯 汕头
思茅 秦皇岛
黔江 大庆
铜仁 黑河
金昌 池州
哈密 西双版纳
嘉峪关 杭州
济南 乌海
库尔勒 牡丹江
呼和浩特 芒市
伊春 鄂尔多斯
湛江 扬州
通化 景德镇
温泉 池州
银川 库尔勒
南京 巴彦淖尔
泸州 青岛
和田 芒市
呼和浩特 温泉
深圳 佳木斯
石家庄 敦煌
伊宁 百色
阿勒泰 攀枝花
九江 那提拉
广汉 伊春
长海 大连
金昌 南昌
柳州 威海
东营 西双版纳
北京 沈阳
大同 芷江
长海 张掖
那提拉 大同
吉安 中卫
文山 芒市
济宁 黎平
宜宾 庐山
鞍山 淮安
黔江 威海
汕头 二连浩特
南阳 盐城
西双版纳 梁平
黔江 襄阳
邢台 包头
延安 吐鲁番
武夷山 安顺
成都 福州
长海 博乐
南京 达州
兴城 赣州
三亚 兴城
长白山 长沙
南宁 阿尔山
南充 济宁
唐山 佛山
荔波 克拉玛依
成都 运城
库尔勒 荔波
西安 阜阳
东营 九江
西双版纳 文山
潍坊 大庆
绵阳 通辽
临沂 南充
沙市 泸州
齐齐哈尔 武汉
长春 黎平
宜昌 百色
西昌 北京
宜春 锦州
阿克苏 常州
鞍山 西安
黄山 哈密
福州 鸡西
张掖 伊春
乌海 保山
达州 通辽
太原 赣州
黑河 武汉
博乐 威海
伊春 襄阳
襄阳 常州
合肥 南充
威海 长沙
佳木斯 那提拉
兴城 阿里
南充 固原
惠州 淮安
鞍山 博乐
黔江 汕头
宜宾 腾冲
泸州 通化
昭通 赣州
广州 赤峰
朝阳 赤峰
南宁 温州
吐鲁番 鄯善
喀什 芒市
晋江 黄龙
漠河 银川
三亚 广州
西昌 安阳
格尔木 天水
秦皇岛 通辽
长沙 南昌
海拉尔 海口
厦门 桂林
上海 格尔木
海口 南阳
南宁 阿里
固原 蚌埠
连城 衢州
常德 南通
丹东 潍坊
黔江 杭州
武夷山 长治
北京 天水
三亚 厦门
西昌 通化
大连 阿克苏
张家口 塔城
攀枝花 景德镇
秦皇岛 库尔勒
济南 榆林
牡丹江 银川
济南 铜仁
那提拉 青岛
牡丹江 西安
博乐 惠州
福州 芒市
长春 拉萨
延安 烟台
大庆 固原
温泉 伊春
珠海 厦门
宜昌 扬州
北海 无锡
淮安 威海
烟台 宁波
玉树 徐州
通化 邢台
大庆 安阳
舟山 乌海
佛山 二连浩特
沙市 庆阳
攀枝花 安康
林芝 昌都
黔江 扬州
唐山 沙市
加格达奇 温州
二连浩特 临沂
义乌 海口
中卫 丹东
锦州 太原
台州 榆林
金昌 成都
恩施 南阳
西双版纳 盐城
安庆 保山
邢台 义乌
惠州 嘉峪关
玉树 长海
广汉 铜仁
衡阳 安阳
厦门 兴城
大连 兴义
常德 固原
阿里 满洲里
库车 文山
北京 佛山
南充 丽江
阿勒泰 井冈山
东营 思茅
银川 吐鲁番
安顺 池州
合肥 鄯善
连云港 柳州
海拉尔 成都
成都 大理
大连 上海
鄯善 襄阳
日喀则 济南
通化 阿尔山
黔江 乌兰浩特
盐城 日喀则
二连浩特 固原
鄂尔多斯 无锡
加格达奇 榆林
塔城 吐鲁番
南昌 富蕴
天津 安康
满洲里 中卫
北京 衡阳
长白山 黑河
珠海 长沙
邢台 阿勒泰
西安 福州
武汉 昆明
达州 加格达奇
兴义 鸡西
二连浩特 博乐
烟台 遵义
富蕴 恩施
柳州 日喀则
黄龙 乌兰浩特
黄龙 海口
乌鲁木齐 嘉峪关
郑州 潍坊
西宁 西安
温泉 张掖
香格里拉 延吉
邯郸 青岛
延吉 大庆
格尔木 那提拉
黔江 广元
洛阳 天水
二连浩特 呼和浩特
大庆 台州
厦门 临沂
长春 襄阳
天水 恩施
襄阳 秦皇岛
黔江 博乐
井冈山 喀什
太原 台州
天水 庐山
长春 鞍山
乌海 牡丹江
巴彦淖尔 洛阳
那提拉 重庆
黎平 丽江
长治 安康
安康 青岛
衡阳 海拉尔
金昌 宜春
喀纳斯 宜春
毕节 安顺
秦皇岛 玉树
桂林 林芝
成都 扬州
大理 梧州
