广元 郑州
南通 长春
芒市 兴义
黔江 西安
塔城 和田
绵阳 晋江
厦门 三亚
济南 库尔勒
西安 遵义
淮安 盐城
漠河 烟台
长春 武汉
鞍山 北海
毕节 杭州
西安 长治
鄂尔多斯 绵阳
博乐 深圳
榆林 乌海
天津 延吉
黄山 福州
洛阳 丽江
天津 海拉尔
海拉尔 佛山
佳木斯 温州
衢州 厦门
桂林 深圳
银川 无锡
北京 佳木斯
太原 宜春
昆明 南充
香格里拉 西宁
鄂尔多斯 南阳
伊宁 贵阳
郑州 厦门
沈阳 嘉峪关
昆明 扬州
淮安 张掖
郑州 阿克苏
太原 邯郸
晋江 通辽
库车 青岛
北京 保山
北海 芒市
常州 长治
赤峰 温州
呼和浩特 温州
西双版纳 合肥
青岛 武夷山
运城 昆明
海拉尔 兰州
秦皇岛 珠海
包头 齐齐哈尔
杭州 太原
思茅 桂林
遵义 南宁
威海 天津
石家庄 长白山
阿尔山 北京
鸡西 武夷山
西宁 大连
温州 梅县
通辽 温州
黑河 徐州
黔江 兰州
拉萨 银川
合肥 张家口
扬州 保山
呼和浩特 黔江
沈阳 乌鲁木齐
郑州 乌海
伊春 晋江
上海 武夷山
香格里拉 昭通
赣州 临沂
烟台 潍坊
二连浩特 西安
梅县 成都
昌都 拉萨
南昌 临沂
南宁 延吉
南昌 阿克苏
郑州 嘉峪关
固原 张家界
湛江 临沂
保山 大连
宁波 海口
南宁 贵阳
南京 乌海
哈密 银川
无锡 达州
常州 安顺
南京 无锡
无锡 长治
长春 佳木斯
喀什 湛江
伊春 银川
西昌 珠海
成都 台州
拉萨 广州
芒市 腾冲
黄山 南宁
杭州 绵阳
贵阳 腾冲
通辽 包头
常州 嘉峪关
昆明 鄂尔多斯
济南 黄龙
丽江 无锡
潍坊 重庆
三亚 威海
赣州 济南
阜阳 福州
济宁 广州
东营 成都
安庆 邯郸
连云港 太原
巴彦淖尔 珠海
梧州 丽江
文山 三亚
加格达奇 长白山
福州 西安
丽江 乌鲁木齐
贵阳 成都
北京 大同
潍坊 广州
梅县 杭州
思茅 义乌
烟台 济南
梅县 荔波
鄂尔多斯 长白山
芷江 北京
三亚 郑州
铜仁 深圳
昆明 恩施
东营 齐齐哈尔
乌海 银川
锡林浩特 晋江
文山 广州
乌兰浩特 南宁
克拉玛依 兰州
临沂 大连
郑州 昭通
无锡 北京
南宁 银川
锡林浩特 常州
广州 林芝
郑州 阜阳
运城 盐城
芒市 烟台
银川 安顺
扬州 宜昌
遵义 广州
宜宾 郑州
临沂 杭州
文山 腾冲
包头 杭州
银川 长春
昭通 桂林
昭通 南京
锦州 西安
巴彦淖尔 秦皇岛
温州 扬州
铜仁 成都
嘉峪关 丽江
上海 锦州
哈尔滨 宜昌
黄龙 长治
博乐 海口
宜春 林芝
西安 合肥
广州 九江
运城 兰州
呼和浩特 成都
天津 东营
南通 青岛
海拉尔 延吉
西宁 乌鲁木齐
常州 呼和浩特
乌鲁木齐 芷江
青岛 昌都
厦门 临沧
宁波 恩施
哈尔滨 西昌
合肥 贵阳
朝阳 海口
南通 包头
乌鲁木齐 桂林
达州 包头
宜宾 重庆
西昌 长春
梧州 鄂尔多斯
齐齐哈尔 成都
大同 南昌
黄龙 广州
石家庄 达州
扬州 铜仁
延安 黄山
无锡 锡林浩特
东营 福州
临沧 太原
黑河 绵阳
兰州 哈尔滨
杭州 宁波
舟山 南充
湛江 珠海
石家庄 洛阳
乌鲁木齐 海拉尔
广州 郑州
长沙 武夷山
梧州 石家庄
太原 黔江
无锡 芒市
梅县 重庆
深圳 海拉尔
北海 长沙
遵义 上海
黄山 鄂尔多斯
思茅 三亚
天津 温州
成都 林芝
芒市 铜仁
黄龙 宁波
长白山 潍坊
合肥 临沂
哈密 西安
塔城 重庆
池州 桂林
固原 南京
北京 武夷山
北京 延吉
思茅 郑州
泸州 运城
厦门 连云港
长白山 济南
福州 银川
西宁 中卫
沈阳 哈密
北海 景德镇
伊宁 广州
西安 林芝
