赤峰 淮安
东营 景德镇
湛江 安阳
常德 玉树
盐城 北京
天水 义乌
合肥 长白山
海口 扬州
衢州 九江
梧州 攀枝花
长海 北京
海口 衢州
湛江 武夷山
南宁 广元
青岛 黔江
昆明 黄龙
呼和浩特 佳木斯
南通 锦州
秦皇岛 铜仁
太原 安顺
天津 芒市
昆明 南昌
阿尔山 九江
乌海 北海
青岛 衢州
长治 连城
且末 吐鲁番
长治 烟台
乌海 延吉
海口 二连浩特
衡阳 庐山
大庆 鄯善
且末 广汉
万州 宁波
铜仁 哈密
伊宁 无锡
博乐 通化
长治 喀纳斯
金昌 赤峰
鞍山 济宁
伊宁 锦州
景德镇 牡丹江
漠河 宜宾
芜湖 北海
昆明 惠州
连云港 大同
昆明 佛山
邢台 金昌
石家庄 榆林
广州 芷江
绵阳 昌都
济宁 延吉
烟台 长白山
西宁 金昌
湛江 潍坊
百色 喀纳斯
乌海 无锡
永州 杭州
常州 拉萨
大同 南充
延吉 南充
昭通 济南
海拉尔 思茅
梁平 安康
铜仁 连云港
思茅 池州
常德 青岛
大庆 黔江
格尔木 赣州
齐齐哈尔 拉萨
鄂尔多斯 毕节
长海 齐齐哈尔
大同 盐城
赣州 芜湖
烟台 贵阳
佳木斯 合肥
吐鲁番 广州
桂林 遵义
西安 且末
蚌埠 阿里
深圳 衡阳
富蕴 温州
运城 库车
阿尔山 汉中
安顺 那提拉
东营 芷江
温泉 南宁
鞍山 库车
梧州 加格达奇
黎平 九江
景德镇 临沂
齐齐哈尔 阿尔山
邢台 汉中
昆明 汉中
成都 博乐
攀枝花 柳州
三亚 荔波
芒市 池州
韶关 盐城
敦煌 太原
北京 长白山
攀枝花 包头
阿勒泰 芜湖
百色 安康
台州 东营
威海 日喀则
临沧 汕头
温泉 襄阳
锡林浩特 林芝
珠海 中卫
南京 扬州
锦州 包头
宜春 佛山
南充 台州
毕节 长海
天津 保山
永州 宜昌
银川 黎平
固原 牡丹江
上海 北海
西宁 潍坊
昌都 黎平
保山 佛山
牡丹江 张家界
巴彦淖尔 长海
毕节 呼和浩特
恩施 永州
加格达奇 邢台
嘉峪关 且末
深圳 百色
大理 兴城
安阳 西宁
达州 温州
石家庄 康定
温泉 汕头
漠河 南充
南充 义乌
芒市 思茅
长白山 合肥
安康 且末
临沂 兴义
吐鲁番 昆明
达州 兴义
牡丹江 梅县
张家口 威海
福州 满洲里
乌海 宁波
蚌埠 漠河
秦皇岛 黎平
扬州 遵义
福州 昆明
阿里 绵阳
上海 荔波
荔波 满洲里
南宁 青岛
长治 那提拉
义乌 金昌
牡丹江 蚌埠
毕节 中卫
大庆 大理
福州 乌海
舟山 珠海
伊春 武汉
宜春 临沂
佳木斯 珠海
宜昌 徐州
连云港 惠州
温泉 大连
那提拉 玉树
北海 齐齐哈尔
石家庄 乌海
广汉 黎平
大理 洛阳
烟台 银川
格尔木 延安
阿克苏 牡丹江
沈阳 福州
阿克苏 贵阳
荔波 宁波
蚌埠 黑河
泸州 文山
伊春 林芝
富蕴 梅县
临沂 扬州
西宁 保山
连城 湛江
汉中 拉萨
敦煌 晋江
宜春 芷江
威海 鞍山
济宁 文山
宜昌 克拉玛依
梁平 东营
安阳 太原
东营 张家口
沙市 唐山
敦煌 徐州
连云港 赤峰
北海 南通
兴城 南充
长春 大庆
吉安 衡阳
毕节 喀纳斯
恩施 梧州
富蕴 西昌
鞍山 张掖
上海 大同
广汉 梅县
荔波 哈尔滨
张家口 井冈山
宜昌 安庆
银川 连云港
南宁 北海
赣州 深圳
玉树 珠海
丽江 南充
沈阳 衢州
南通 安阳
通化 温州
井冈山 杭州
昆明 泸州
富蕴 长海
西宁 绵阳
黄山 康定
衢州 宜宾
南宁 塔城
昆明 长沙
吐鲁番 天水
林芝 佳木斯
西宁 阿里
文山 榆林
东营 连云港
芷江 毕节
加格达奇 柳州
宜宾 宜昌
塔城 汕头
吉安 珠海
永州 长白山
康定 太原
汕头 安庆
长沙 吐鲁番
鄯善 喀纳斯
宜昌 秦皇岛
漠河 北京
香格里拉 海拉尔
常州 长白山
长沙 富蕴
芷江 柳州
阿勒泰 成都
井冈山 鞍山
二连浩特 井冈山
海拉尔 黔江
温州 博乐
长海 沈阳
乌兰浩特 台州
富蕴 那提拉
邢台 兴城
蚌埠 洛阳
宜春 佳木斯
天水 大同
上海 汕头
呼和浩特 蚌埠
铜仁 恩施
汉中 玉树
北京 哈密
天津 成都
武夷山 满洲里
蚌埠 天水
保山 蚌埠
合肥 济南
黎平 鄯善
且末 拉萨
鸡西 池州
吉安 黄龙
温州 玉树
西双版纳 邯郸
腾冲 洛阳
宁波 成都
腾冲 二连浩特
井冈山 赣州
安庆 万州
巴彦淖尔 固原
赤峰 太原
长治 思茅
黔江 加格达奇
舟山 锡林浩特
鞍山 阿克苏
加格达奇 惠州
敦煌 蚌埠
榆林 保山
丹东 延吉
梁平 呼和浩特
荔波 塔城
长治 常州
贵阳 沙市
连城 满洲里
大庆 扬州
金昌 包头
合肥 那提拉
佳木斯 常德
昆明 邢台
塔城 广州
安康 海拉尔
库车 伊春
库尔勒 广元
深圳 达州
通辽 邢台
兴义 林芝
乌兰浩特 海拉尔
永州 韶关
杭州 朝阳
大理 安庆
庆阳 重庆
柳州 攀枝花
梧州 腾冲
二连浩特 广元
丹东 保山
邯郸 库车
漠河 广汉
东营 鄂尔多斯
连云港 万州
安阳 襄阳
加格达奇 延吉
威海 二连浩特
长春 唐山
朝阳 西宁
兰州 西宁
通化 南充
百色 张家界
九江 鸡西
连城 安康
芒市 鸡西
腾冲 南通
和田 赤峰
南京 兴城
厦门 克拉玛依
包头 长白山
牡丹江 东营
丹东 大同
常德 泸州
百色 宜春
广州 贵阳
齐齐哈尔 长治
安顺 漠河
秦皇岛 西宁
北京 巴彦淖尔
贵阳 黄龙
宜宾 襄阳
阜阳 百色
宜宾 阿克苏
铜仁 万州
百色 恩施
赣州 宜昌
佛山 徐州
深圳 九江
徐州 锡林浩特
梧州 黄山
腾冲 台州
库尔勒 衡阳
鸡西 南充
博乐 二连浩特
锦州 佳木斯
福州 延吉
太原 乌鲁木齐
兰州 阿里
乌兰浩特 喀什
攀枝花 衢州
保山 唐山
义乌 青岛
汕头 三亚
海口 无锡
邢台 沙市
宁波 吐鲁番
塔城 太原
芒市 达州
乌鲁木齐 烟台
巴彦淖尔 安康
且末 漠河
合肥 且末
黎平 固原
衢州 重庆
吐鲁番 张家界
广元 大同
克拉玛依 蚌埠
南通 天水
常德 重庆
舟山 博乐
大理 台州
运城 珠海
淮安 芜湖
喀什 武汉
牡丹江 荔波
珠海 南京
佳木斯 北京
常州 北京
惠州 拉萨
池州 武夷山
加格达奇 大连
庆阳 呼和浩特
文山 恩施
威海 梧州
佛山 台州
安顺 大理
晋江 荔波
宜宾 济南
文山 库尔勒
康定 贵阳
广元 海拉尔
韶关 海拉尔
阜阳 银川
文山 桂林
思茅 重庆
湛江 连云港
衢州 广州
扬州 百色
呼和浩特 日喀则
喀什 永州
临沧 塔城
成都 兴义
景德镇 芜湖
黄山 榆林
伊春 福州
保山 广汉
且末 日喀则
阿克苏 天水
富蕴 兴义
和田 攀枝花
济宁 潍坊
安庆 荔波
三亚 达州
大连 锡林浩特
梧州 潍坊
安康 昆明
天水 嘉峪关
库尔勒 庐山
太原 阜阳
柳州 北京
伊宁 巴彦淖尔
黎平 鸡西
武夷山 乌兰浩特
南京 合肥
拉萨 济宁
贵阳 南阳
张掖 百色
三亚 武夷山
西昌 惠州
库车 景德镇
哈尔滨 福州
成都 舟山
宜昌 康定
广州 昭通
北海 黎平
上海 兰州
库车 西宁
格尔木 鸡西
漠河 芒市
徐州 衢州
天津 哈密
临沂 长海
舟山 朝阳
合肥 鞍山
吐鲁番 吉安
榆林 库车
襄阳 柳州
衡阳 秦皇岛
敦煌 宜春
张掖 敦煌
深圳 日喀则
威海 克拉玛依
盐城 安阳
伊春 万州
潍坊 梅县
且末 临沧
天津 西双版纳
长沙 衡阳
深圳 韶关
兴城 桂林
长白山 二连浩特
格尔木 义乌
广汉 义乌
北京 郑州
荔波 榆林
扬州 安康
伊春 东营
乌鲁木齐 威海
武汉 衡阳
武汉 黔江
济南 庐山
康定 沈阳
张家界 黔江
北海 呼和浩特
无锡 铜仁
黄山 乌鲁木齐
贵阳 济宁
衡阳 博乐
长白山 兰州
阿里 成都
青岛 丽江
汕头 杭州
济南 遵义
西昌 绵阳
乌海 库车
牡丹江 张家口
张家界 韶关
加格达奇 毕节
安康 温州
哈密 庐山
延安 张家口
临沧 温州
九江 连云港
黎平 吉安
敦煌 北海
达州 重庆
克拉玛依 汉中
秦皇岛 丹东
塔城 青岛
东营 阿尔山
达州 恩施
徐州 和田
锡林浩特 安庆
张掖 昭通
南昌 喀纳斯
金昌 临沂
成都 南阳
池州 南宁
佛山 西昌
香格里拉 连城
保山 丽江
牡丹江 常州
福州 克拉玛依
广元 石家庄
伊春 运城
唐山 湛江
合肥 长海
佳木斯 毕节
金昌 珠海
延吉 乌海
大庆 锦州
永州 哈尔滨
达州 锦州
阿勒泰 黔江
湛江 大同
烟台 喀纳斯
池州 延吉
日喀则 唐山
香格里拉 乌兰浩特
蚌埠 通辽
池州 邢台
梧州 济宁
朝阳 二连浩特
景德镇 广州
潍坊 洛阳
成都 满洲里
博乐 盐城
通辽 晋江
乌兰浩特 临沂
广元 丹东
喀什 沈阳
阿尔山 塔城
杭州 西宁
上海 盐城
乌海 荔波
喀什 兴义
温州 榆林
三亚 牡丹江
海拉尔 太原
兴城 林芝
齐齐哈尔 井冈山
张掖 玉树
张家界 漠河
阿里 大同
吐鲁番 长海
上海 张家口
兴城 临沧
广州 唐山
喀什 温泉
那提拉 广汉
黔江 武夷山
康定 塔城
南充 贵阳
芷江 延吉
塔城 天水
芜湖 连城
且末 烟台
黑河 盐城
湛江 泸州
恩施 无锡
南阳 台州
鄂尔多斯 伊春
宜昌 保山
桂林 拉萨
昭通 梁平
邯郸 嘉峪关
南通 阿克苏
西安 敦煌
柳州 南阳
广汉 敦煌
呼和浩特 阿尔山
泸州 遵义
成都 义乌
温州 杭州
锡林浩特 伊宁
和田 温州
香格里拉 九江
池州 固原
丹东 吐鲁番
安康 大庆
天津 金昌
洛阳 兴城
吉安 梧州
常德 库车
阜阳 惠州
淮安 临沂
日喀则 满洲里
牡丹江 阿里
无锡 芜湖
延安 齐齐哈尔
西昌 太原
嘉峪关 香格里拉
梁平 长白山
宜春 格尔木
泸州 梁平
永州 九江
银川 鸡西
汕头 阿尔山
呼和浩特 通辽
南阳 安康
加格达奇 徐州
临沧 腾冲
固原 南宁
兴城 哈尔滨
阜阳 林芝
固原 长沙
济宁 重庆
乌兰浩特 上海
鄂尔多斯 荔波
吉安 百色
恩施 长海
郑州 长白山
西安 丽江
荔波 济南
梧州 杭州
齐齐哈尔 安顺
蚌埠 成都
淮安 昆明
绵阳 中卫
大理 长白山
宜春 日喀则
喀什 乌鲁木齐
汉中 康定
攀枝花 鄯善
二连浩特 大庆
珠海 遵义
鄯善 乌兰浩特
张掖 广元
长治 九江
运城 塔城
衡阳 温州
锦州 安阳
阿里 库尔勒
格尔木 昌都
梁平 安阳
哈尔滨 鞍山
汕头 韶关
巴彦淖尔 昌都
汕头 安顺
海口 南充
喀什 井冈山
塔城 井冈山
百色 景德镇
武汉 成都
恩施 上海
无锡 大理
常州 重庆
庐山 邢台
长海 北海
厦门 西宁
宁波 长海
盐城 赣州
广州 三亚
张掖 遵义
南通 锡林浩特
西安 毕节
铜仁 文山
大同 林芝
天津 昌都
扬州 哈尔滨
阿克苏 玉树
北海 宜昌
鞍山 和田
合肥 安庆
梧州 乌海
张家口 克拉玛依
深圳 广元
昌都 且末
玉树 伊宁
固原 济南
泸州 黔江
鄯善 加格达奇
中卫 乌兰浩特
嘉峪关 深圳
唐山 鄯善
荔波 成都
克拉玛依 乌海
天津 阿克苏
九江 赣州
蚌埠 朝阳
梅县 丹东
温泉 东营
衡阳 喀什
通辽 长海
玉树 湛江
湛江 重庆
珠海 黄山
阿勒泰 温泉
思茅 北京
丽江 朝阳
长治 无锡
黔江 厦门
林芝 临沧
扬州 黄龙
和田 丽江
惠州 和田
延吉 常州
张掖 张家界
济宁 庐山
芜湖 晋江
常德 荔波
贵阳 大同
韶关 广州
铜仁 拉萨
运城 赣州
百色 固原
通化 朝阳
和田 康定
乌鲁木齐 济宁
唐山 乌兰浩特
安顺 成都
佳木斯 延安
义乌 保山
舟山 金昌
南京 阜阳
青岛 荔波
张家界 广元
大庆 景德镇
济南 库车
秦皇岛 杭州
烟台 黔江
丹东 兰州
玉树 西安
广汉 晋江
临沧 绵阳
荔波 思茅
惠州 舟山
博乐 锡林浩特
广汉 梁平
日喀则 长沙
黔江 丽江
西双版纳 连城
芒市 库车
金昌 海拉尔
汕头 义乌
阿克苏 毕节
北海 武汉
邢台 连云港
齐齐哈尔 包头
克拉玛依 宜昌
深圳 库尔勒
乌兰浩特 郑州
阿里 安康
武夷山 淮安
宜宾 西昌
乌兰浩特 库车
济南 二连浩特
常州 黔江
福州 池州
襄阳 伊宁
锦州 盐城
锡林浩特 文山
二连浩特 延安
井冈山 秦皇岛
乌兰浩特 韶关
连城 北海
长海 济南
常州 漠河
沙市 兴城
西双版纳 广汉
南京 庆阳
万州 景德镇
海拉尔 庐山
大庆 武夷山
广汉 唐山
桂林 哈尔滨
郑州 连城
沈阳 西双版纳
桂林 长海
鞍山 庐山
上海 榆林
三亚 庐山
南京 温泉
延安 东营
长海 乌海
张掖 常州
梁平 格尔木
伊宁 绵阳
邯郸 张家口
南充 铜仁
无锡 哈尔滨
庆阳 西安
池州 大理
黔江 井冈山
秦皇岛 鞍山
二连浩特 西双版纳
且末 广州
塔城 包头
邢台 武夷山
邯郸 阿勒泰
北京 漠河
南昌 哈尔滨
文山 兴义
漠河 呼和浩特
保山 西双版纳
庐山 阿里
喀纳斯 攀枝花
腾冲 鸡西
恩施 邯郸
芒市 安庆
泸州 绵阳
衡阳 满洲里
文山 晋江
秦皇岛 芜湖
庆阳 百色
牡丹江 嘉峪关
桂林 丽江
襄阳 石家庄
海口 延安
常德 兴义
西昌 沙市
佛山 思茅
康定 合肥
三亚 黑河
连云港 鄂尔多斯
衡阳 朝阳
兴城 延安
二连浩特 和田
丽江 威海
天津 达州
深圳 重庆
喀纳斯 银川
北海 广汉
东营 宜昌
安康 广元
达州 延安
西双版纳 敦煌
锡林浩特 二连浩特
昌都 赤峰
南宁 北京
厦门 香格里拉
克拉玛依 晋江
博乐 伊春
嘉峪关 景德镇
朝阳 文山
通辽 吉安
赣州 加格达奇
蚌埠 金昌
赣州 阜阳
安庆 台州
黔江 蚌埠
银川 二连浩特
敦煌 毕节
九江 济南
温州 金昌
扬州 赣州
攀枝花 温州
南京 运城
沙市 香格里拉
永州 鄂尔多斯
日喀则 安康
格尔木 安阳
石家庄 西昌
富蕴 济南
库尔勒 梁平
杭州 鞍山
芒市 井冈山
运城 库尔勒
满洲里 阿尔山
满洲里 万州
齐齐哈尔 桂林
庆阳 香格里拉
常德 康定
九江 永州
张家口 温泉
宜宾 临沧
昆明 阜阳
西宁 和田
达州 喀什
兴城 宁波
柳州 玉树
宜宾 赣州
扬州 延吉
日喀则 哈尔滨
乌海 鞍山
庆阳 张掖
黑河 林芝
且末 梁平
锦州 宁波
常德 库尔勒
康定 长治
张家界 昆明
克拉玛依 台州
温州 包头
长海 井冈山
克拉玛依 济宁
无锡 梁平
庐山 广州
池州 毕节
蚌埠 西宁
广汉 黄龙
安康 临沧
伊宁 喀纳斯
西昌 宜宾
天津 黄龙
腾冲 永州
中卫 达州
武夷山 长海
宜昌 大庆
固原 邯郸
南阳 惠州
荔波 漠河
梧州 锦州
芒市 盐城
万州 邢台
梧州 南通
宜宾 石家庄
文山 沈阳
库车 长春
鞍山 常州
齐齐哈尔 牡丹江
九江 庐山
长春 大同
万州 汕头
衢州 大理
北海 广元
三亚 宁波
绵阳 长海
临沂 阿尔山
荔波 鄂尔多斯
庐山 安顺
嘉峪关 攀枝花
恩施 牡丹江
昆明 临沂
徐州 黑河
榆林 南京
邯郸 石家庄
呼和浩特 阿克苏
吐鲁番 东营
青岛 固原
太原 漠河
伊宁 杭州
惠州 庆阳
芷江 洛阳
长白山 湛江
张掖 喀什
黄龙 西昌
天水 达州
加格达奇 锡林浩特
三亚 秦皇岛
海拉尔 大庆
锡林浩特 日喀则
温州 阿尔山
巴彦淖尔 大理
梅县 兰州
喀纳斯 柳州
丹东 永州
宜昌 锡林浩特
济宁 芜湖
玉树 安庆
南宁 丽江
汕头 南充
安顺 兴义
井冈山 石家庄
石家庄 福州
景德镇 安康
大同 阿克苏
玉树 长沙
中卫 林芝
腾冲 海拉尔
温州 通辽
乌鲁木齐 西双版纳
鄂尔多斯 达州
遵义 大庆
温泉 黎平
和田 西安
榆林 伊宁
呼和浩特 连云港
乌兰浩特 福州
芜湖 遵义
林芝 遵义
梧州 喀纳斯
喀纳斯 珠海
合肥 芜湖
安顺 拉萨
常州 延吉
大连 济南
鄯善 东营
铜仁 天津
漠河 衢州
和田 喀什
安康 大连
西昌 喀什
台州 齐齐哈尔
安顺 朝阳
张家界 西双版纳
济宁 大同
兴义 鞍山
芜湖 景德镇
长沙 惠州
南宁 柳州
达州 黔江
铜仁 鄂尔多斯
青岛 延吉
常州 喀什
敦煌 满洲里
大同 拉萨
大连 乌海
洛阳 哈密
舟山 安顺
洛阳 北京
喀纳斯 石家庄
烟台 唐山
海口 盐城
韶关 博乐
乌鲁木齐 长白山
满洲里 宜春
台州 香格里拉
阿克苏 嘉峪关
哈尔滨 珠海
遵义 昌都
柳州 鞍山
临沧 西昌
庆阳 深圳
包头 宜昌
锦州 昌都
鄯善 珠海
昭通 遵义
银川 衡阳
郑州 扬州
南宁 衡阳
汉中 扬州
喀什 梁平
湛江 衡阳
绵阳 济南
长春 博乐
温泉 南京
榆林 林芝
黄龙 柳州
哈尔滨 敦煌
百色 格尔木
阿尔山 腾冲
秦皇岛 石家庄
喀纳斯 那提拉
梧州 海口
西昌 锡林浩特
玉树 文山
攀枝花 三亚
合肥 邯郸
汕头 天津
腾冲 丹东
南宁 兴城
兴义 兰州
北海 吉安
湛江 佳木斯
景德镇 广元
乌兰浩特 遵义
秦皇岛 思茅
韶关 昌都
阿勒泰 庆阳
达州 汕头
阿尔山 漠河
万州 黑河
邢台 敦煌
长沙 九江
梅县 深圳
佛山 晋江
安庆 徐州
庐山 潍坊
昆明 大同
康定 伊春
吐鲁番 黄龙
克拉玛依 义乌
鄯善 思茅
二连浩特 文山
徐州 武汉
桂林 哈密
贵阳 文山
舟山 徐州
思茅 林芝
庐山 鸡西
深圳 威海
佛山 富蕴
锦州 伊宁
重庆 嘉峪关
二连浩特 永州
加格达奇 西双版纳
临沂 昭通
长海 南宁
绵阳 乌鲁木齐
泸州 伊春
重庆 喀什
温泉 汉中
泸州 库尔勒
乌鲁木齐 昌都
鄂尔多斯 温泉
哈尔滨 西安
腾冲 昭通
连城 沈阳
阜阳 成都
连云港 九江
锡林浩特 张家界
井冈山 阿勒泰
黎平 庆阳
大连 柳州
丽江 攀枝花
绵阳 海拉尔
南京 长沙
南通 万州
黎平 重庆
东营 广元
衢州 临沂
乌鲁木齐 兴义
桂林 张家界
海拉尔 兴义
襄阳 衢州
阿克苏 保山
珠海 哈密
井冈山 青岛
康定 张家口
东营 和田
毕节 阿克苏
张家口 梧州
思茅 满洲里
贵阳 丹东
恩施 万州
达州 庆阳
天津 沙市
沈阳 南充
黎平 无锡
东营 深圳
连云港 安康
安庆 阜阳
北京 安庆
锦州 晋江
珠海 喀纳斯
佛山 齐齐哈尔
梅县 满洲里
牡丹江 舟山
昌都 克拉玛依
乌兰浩特 徐州
襄阳 林芝
芷江 呼和浩特
临沧 无锡
天津 敦煌
阜阳 芜湖
攀枝花 呼和浩特
荔波 济宁
天水 上海
杭州 徐州
福州 阿克苏
烟台 榆林
石家庄 丹东
通辽 井冈山
文山 金昌
万州 伊宁
荔波 黄龙
邯郸 桂林
景德镇 宜宾
福州 黄山
庐山 柳州
太原 韶关
宜宾 固原
扬州 湛江
格尔木 广元
西安 台州
衡阳 衢州
洛阳 绵阳
毕节 玉树
乌兰浩特 临沧
鸡西 保山
加格达奇 西昌
北海 塔城
三亚 临沧
合肥 衢州
广汉 洛阳
贵阳 长春
延吉 唐山
武汉 通化
厦门 鞍山
固原 且末
西宁 深圳
毕节 南京
安阳 加格达奇
常州 通化
齐齐哈尔 秦皇岛
庐山 康定
中卫 庐山
漠河 大同
连城 临沂
二连浩特 那提拉
武夷山 牡丹江
义乌 伊春
秦皇岛 文山
拉萨 厦门
哈尔滨 重庆
大理 安阳
南阳 库车
无锡 贵阳
柳州 巴彦淖尔
洛阳 池州
张家口 天水
舟山 香格里拉
大同 梧州
敦煌 齐齐哈尔
永州 沙市
格尔木 石家庄
恩施 金昌
天水 梁平
佛山 丹东
南阳 济南
太原 舟山
蚌埠 长治
梁平 通辽
喀什 那提拉
赤峰 北海
赤峰 吐鲁番
万州 石家庄
巴彦淖尔 大同
昆明 玉树
张家口 鄯善
长海 杭州
张家口 通化
台州 常德
重庆 绵阳
梧州 宁波
包头 加格达奇
文山 义乌
威海 蚌埠
日喀则 金昌
桂林 锡林浩特
三亚 天水
通化 玉树
柳州 昌都
常州 兴义
常德 香格里拉
宜春 牡丹江
济宁 呼和浩特
佳木斯 南阳
福州 梁平
盐城 兰州
南宁 榆林
安阳 哈尔滨
秦皇岛 赣州
汕头 阿里
广州 台州
郑州 西昌
富蕴 泸州
赤峰 西宁
台州 邢台
济宁 池州
西宁 黄龙
博乐 嘉峪关
赣州 吐鲁番
漠河 达州
鄯善 张家界
安阳 中卫
鄂尔多斯 包头
大同 永州
阿克苏 克拉玛依
蚌埠 喀纳斯
济南 昭通
井冈山 库车
兰州 敦煌
梧州 伊春
泸州 大庆
喀什 林芝
北京 塔城
杭州 济宁
喀什 海拉尔
文山 吉安
襄阳 昆明
且末 桂林
重庆 威海
腾冲 克拉玛依
恩施 长春
惠州 朝阳
海口 乌海
朝阳 牡丹江
赣州 黄山
天津 贵阳
西宁 荔波
黎平 芜湖
池州 济宁
满洲里 南充
黔江 邯郸
深圳 张家口
中卫 哈尔滨
福州 长春
荔波 重庆
乌兰浩特 永州
大同 柳州
锦州 乌兰浩特
乌鲁木齐 运城
日喀则 塔城
长沙 洛阳
合肥 临沧
九江 西宁
洛阳 南阳
永州 济南
昌都 武汉
宜春 腾冲
库尔勒 二连浩特
富蕴 合肥
临沧 荔波
洛阳 井冈山
井冈山 安康
重庆 安康
二连浩特 吉安
西宁 富蕴
哈密 昆明
武夷山 唐山
乌海 盐城
邢台 上海
吉安 临沧
赣州 临沧
淮安 台州
东营 泸州
保山 常州
南阳 海拉尔
常州 和田
南昌 攀枝花
九江 长治
固原 朝阳
汕头 加格达奇
阜阳 大同
济南 达州
汕头 盐城
库车 汕头
广州 乌兰浩特
兴城 梧州
青岛 丹东
张家界 温州
成都 乌兰浩特
库车 榆林
扬州 西昌
阜阳 铜仁
广元 舟山
张掖 长海
成都 天水
舟山 长春
黎平 海口
乌鲁木齐 博乐
威海 东营
玉树 塔城
绵阳 乌兰浩特
三亚 九江
武夷山 南充
梁平 南京
青岛 吐鲁番
张家口 大连
攀枝花 庐山
长治 桂林
景德镇 齐齐哈尔
威海 加格达奇
昌都 昆明
日喀则 庆阳
张家界 阿勒泰
万州 珠海
富蕴 塔城
漠河 景德镇
黑河 攀枝花
扬州 桂林
腾冲 延安
宜宾 且末
海拉尔 阜阳
唐山 庆阳
乌兰浩特 唐山
杭州 鸡西
秦皇岛 安庆
康定 济南
达州 攀枝花
泸州 北海
广元 塔城
上海 思茅
邢台 宁波
遵义 宜昌
张掖 牡丹江
宁波 连城
厦门 荔波
库车 宜春
梅县 漠河
阜阳 汉中
三亚 思茅
大庆 喀什
大连 佛山
黄山 锡林浩特
腾冲 天津
泸州 榆林
哈密 格尔木
毕节 西双版纳
厦门 鸡西
康定 南昌
梁平 大连
昆明 宁波
玉树 郑州
韶关 桂林
和田 安庆
毕节 加格达奇
铜仁 安阳
温州 蚌埠
温州 惠州
丽江 文山
拉萨 永州
连云港 巴彦淖尔
桂林 和田
安阳 保山
昌都 庆阳
毕节 克拉玛依
佳木斯 喀什
绵阳 芒市
深圳 长治
敦煌 荔波
温泉 通辽
唐山 铜仁
库车 库尔勒
恩施 芒市
宁波 达州
赣州 中卫
石家庄 海拉尔
合肥 武汉
南京 郑州
大庆 永州
邢台 保山
郑州 永州
吉安 锡林浩特
包头 固原
锡林浩特 沙市
乌兰浩特 和田
南阳 哈密
张家界 武夷山
无锡 烟台
哈密 运城
库车 荔波
襄阳 太原
威海 韶关
遵义 蚌埠
南充 三亚
二连浩特 梧州
昭通 银川
宜宾 运城
安康 林芝
潍坊 鄯善
库尔勒 北海
吉安 庆阳
武汉 安康
百色 塔城
海口 潍坊
乌鲁木齐 大连
惠州 武夷山
梁平 阿尔山
秦皇岛 汕头
荔波 景德镇
锡林浩特 金昌
巴彦淖尔 三亚
庆阳 阿里
成都 深圳
衢州 和田
南昌 伊宁
连城 思茅
广元 嘉峪关
榆林 和田
佛山 百色
阜阳 济宁
黄山 九江
佳木斯 富蕴
东营 锡林浩特
昌都 温州
成都 宜昌
赤峰 百色
安阳 拉萨
塔城 长海
海拉尔 东营
黑河 张家界
义乌 湛江
库尔勒 佳木斯
潍坊 梁平
池州 井冈山
满洲里 台州
济南 沙市
乌鲁木齐 蚌埠
上海 扬州
庐山 温州
拉萨 中卫
唐山 锡林浩特
梧州 天水
芒市 衢州
梅县 广汉
文山 安庆
库尔勒 格尔木
厦门 日喀则
运城 乌兰浩特
和田 九江
阿里 邢台
毕节 厦门
南宁 天水
安阳 天津
佛山 汕头
成都 喀纳斯
林芝 青岛
厦门 广汉
衢州 乌海
扬州 富蕴
南宁 连城
惠州 兴城
广元 西安
拉萨 延吉
温州 舟山
梁平 运城
常德 梧州
文山 南宁
朝阳 鸡西
天津 淮安
常州 湛江
锦州 思茅
昭通 呼和浩特
温州 贵阳
大同 广元
梅县 喀什
徐州 伊春
湛江 银川
毕节 吉安
牡丹江 长白山
吐鲁番 重庆
保山 榆林
扬州 库车
玉树 烟台
伊春 宜宾
大连 朝阳
海拉尔 安顺
香格里拉 唐山
沈阳 康定
康定 金昌
柳州 景德镇
佳木斯 乌兰浩特
康定 阿勒泰
广元 丽江
张掖 唐山
思茅 邯郸
鄂尔多斯 榆林
梅县 北京
阿里 韶关
广元 黄龙
长治 梁平
温州 沈阳
伊春 庆阳
满洲里 盐城
连云港 南通
长海 朝阳
腾冲 日喀则
南昌 锡林浩特
广州 广汉
林芝 台州
敦煌 三亚
鄯善 临沧
喀什 保山
鸡西 那提拉
黄山 汉中
黔江 贵阳
张家界 西宁
万州 海口
博乐 日喀则
安康 张家界
思茅 武汉
沈阳 喀纳斯
衡阳 惠州
洛阳 太原
海拉尔 天水
乌海 济南
芷江 宜昌
二连浩特 塔城
鄂尔多斯 秦皇岛
厦门 达州
惠州 西昌
北京 芒市
荔波 晋江
威海 唐山
阜阳 保山
徐州 南通
长治 安庆
佳木斯 昭通
且末 黑河
乌海 南昌
嘉峪关 晋江
阿勒泰 海拉尔
香格里拉 沙市
黄山 博乐
拉萨 伊春
杭州 衡阳
哈尔滨 拉萨
恩施 大同
天水 朝阳
拉萨 佳木斯
宜昌 池州
阿里 荔波
惠州 毕节
伊春 呼和浩特
乌海 济宁
威海 徐州
佳木斯 榆林
昌都 宁波
博乐 安庆
昆明 沙市
伊春 南宁
长春 临沧
南昌 徐州
昌都 万州
广元 长治
巴彦淖尔 西昌
安康 库车
鄯善 长春
长沙 深圳
临沧 惠州
阜阳 连城
百色 佛山
昭通 邢台
锡林浩特 黄龙
宜宾 北京
银川 西安
昭通 景德镇
邯郸 遵义
石家庄 银川
邢台 哈尔滨
呼和浩特 香格里拉
库车 遵义
佛山 东营
塔城 扬州
广州 武汉
敦煌 格尔木
铜仁 无锡
合肥 中卫
乌兰浩特 拉萨
乌鲁木齐 兰州
阿里 延安
鄯善 满洲里
格尔木 库车
长沙 西宁
通化 临沧
阿尔山 大理
南通 福州
天津 西安
兴城 秦皇岛
呼和浩特 西宁
朝阳 常州
宜昌 巴彦淖尔
喀纳斯 临沧
淮安 泸州
台州 成都
沙市 晋江
富蕴 三亚
满洲里 大庆
厦门 北海
合肥 铜仁
长春 玉树
通化 万州
伊春 温泉
康定 黔江
长治 丽江
黎平 喀纳斯
金昌 锦州
佛山 吐鲁番
运城 满洲里
昆明 运城
常德 襄阳
包头 文山
洛阳 朝阳
运城 汉中
梧州 盐城
宜昌 哈尔滨
深圳 杭州
锡林浩特 库车
鄂尔多斯 南昌
日喀则 榆林
乌鲁木齐 南阳
伊宁 泸州
腾冲 上海
阿克苏 绵阳
南宁 广汉
福州 舟山
盐城 大连
上海 景德镇
阿克苏 金昌
昭通 张掖
包头 长沙
汉中 富蕴
库车 沙市
银川 兴义
武夷山 克拉玛依
丽江 广州
广元 鞍山
乌鲁木齐 满洲里
乌鲁木齐 盐城
连城 邯郸
桂林 阿勒泰
张掖 徐州
宜春 大理
宜昌 张掖
安阳 贵阳
巴彦淖尔 湛江
腾冲 大连
邯郸 济宁
宁波 日喀则
广州 蚌埠
银川 潍坊
沈阳 青岛
满洲里 兴义
郑州 保山
赣州 威海
银川 南通
海拉尔 扬州
义乌 鞍山
库车 沈阳
永州 巴彦淖尔
安顺 连城
常德 杭州
洛阳 毕节
珠海 吉安
兴城 哈密
长白山 克拉玛依
延安 秦皇岛
黔江 塔城
昌都 南通
哈尔滨 吉安
湛江 黄山
汉中 长海
长沙 杭州
扬州 锡林浩特
鸡西 安阳
合肥 韶关
佛山 那提拉
广州 厦门
武夷山 南京
连云港 天津
满洲里 桂林
长治 郑州
宜宾 连云港
台州 阿克苏
张家界 敦煌
通辽 南充
吐鲁番 湛江
齐齐哈尔 长白山
大同 锡林浩特
吐鲁番 嘉峪关
库车 黎平
晋江 盐城
沙市 中卫
克拉玛依 大同
大连 鸡西
义乌 黄山
杭州 博乐
天水 合肥
宜昌 兴义
桂林 吐鲁番
哈密 洛阳
克拉玛依 运城
南通 宜昌
天水 长海
博乐 康定
张家口 太原
延吉 呼和浩特
淮安 牡丹江
芜湖 延安
沈阳 黑河
桂林 成都
淮安 通化
南通 梁平
康定 常德
二连浩特 盐城
荔波 义乌
梁平 拉萨
蚌埠 秦皇岛
昌都 昭通
腾冲 和田
敦煌 庆阳
绵阳 阿里
包头 和田
烟台 通化
南充 庆阳
那提拉 深圳
义乌 井冈山
通辽 二连浩特
南阳 鄯善
敦煌 秦皇岛
延吉 嘉峪关
那提拉 衡阳
黑河 庆阳
赤峰 香格里拉
库尔勒 昌都
达州 乌鲁木齐
广州 牡丹江
柳州 深圳
合肥 梁平
义乌 常德
成都 塔城
榆林 黄龙
南宁 广州
喀纳斯 芜湖
漠河 黑河
沙市 合肥
潍坊 温泉
景德镇 张掖
乌兰浩特 邢台
常州 朝阳
延安 荔波
鄂尔多斯 兰州
景德镇 海拉尔
井冈山 满洲里
西宁 大理
长沙 绵阳
固原 赣州
伊宁 加格达奇
张家口 哈密
沈阳 东营
扬州 宁波
拉萨 博乐
运城 大理
池州 乌兰浩特
张家口 福州
长海 腾冲
拉萨 安康
秦皇岛 富蕴
运城 达州
遵义 盐城
合肥 黔江
二连浩特 绵阳
常德 柳州
宁波 泸州
温州 赣州
汕头 安康
敦煌 银川
富蕴 连城
泸州 永州
玉树 中卫
芜湖 济宁
锦州 且末
张家口 永州
加格达奇 潍坊
汉中 大同
通辽 三亚
榆林 丽江
锦州 义乌
固原 邢台
加格达奇 邯郸
重庆 长海
赣州 邯郸
湛江 且末
威海 乌兰浩特
梅县 广州
齐齐哈尔 昆明
池州 锦州
万州 达州
佳木斯 连城
长海 那提拉
绵阳 徐州
西双版纳 临沧
海口 宁波
南阳 宜春
贵阳 西安
石家庄 景德镇
西安 连城
赣州 汉中
巴彦淖尔 百色
富蕴 伊宁
朝阳 丽江
广州 南昌
张掖 井冈山
香格里拉 塔城
长海 张家口
邢台 锡林浩特
青岛 井冈山
遵义 威海
鄂尔多斯 广汉
拉萨 临沂
加格达奇 拉萨
唐山 阿尔山
扬州 常德
贵阳 台州
佛山 昭通
无锡 梧州
吉安 桂林
衢州 梁平
海拉尔 邯郸
唐山 齐齐哈尔
毕节 惠州
乌海 吐鲁番
运城 格尔木
满洲里 敦煌
呼和浩特 海口
上海 金昌
塔城 三亚
金昌 大理
西昌 天津
黄龙 富蕴
张家口 鞍山
运城 济宁
天水 广汉
宜宾 鄂尔多斯
铜仁 芒市
固原 铜仁
安顺 兰州
哈尔滨 大理
大庆 长白山
天水 日喀则
兴义 重庆
九江 百色
通化 长海
安康 包头
昭通 锦州
伊宁 银川
林芝 汕头
郑州 芜湖
乌鲁木齐 上海
武夷山 舟山
西安 克拉玛依
大连 秦皇岛
梁平 遵义
合肥 天津
黔江 鄂尔多斯
乌兰浩特 玉树
赣州 丽江
南充 香格里拉
秦皇岛 西安
广州 长白山
嘉峪关 张掖
北京 二连浩特
芒市 威海
阿克苏 延安
绵阳 湛江
武汉 淮安
佳木斯 永州
上海 佳木斯
佳木斯 伊春
牡丹江 广汉
张家界 保山
丽江 义乌
广州 长海
上海 邢台
通化 常州
巴彦淖尔 铜仁
安阳 康定
哈密 昌都
百色 连城
昆明 思茅
南昌 黔江
南昌 铜仁
芜湖 黑河
南京 宜宾
安顺 合肥
金昌 宜昌
韶关 庆阳
汕头 金昌
西昌 天水
鄯善 大同
扬州 昭通
青岛 嘉峪关
大同 武汉
张家界 锡林浩特
永州 大连
锦州 兴义
厦门 昭通
惠州 蚌埠
安庆 昌都
阜阳 拉萨
巴彦淖尔 北海
喀什 合肥
庆阳 昌都
恩施 宜春
蚌埠 梅县
乌鲁木齐 达州
安庆 赣州
梧州 温泉
潍坊 南通
湛江 库车
汉中 那提拉
加格达奇 格尔木
青岛 重庆
榆林 湛江
长白山 万州
伊春 太原
太原 牡丹江
拉萨 昭通
通化 桂林
通辽 黔江
潍坊 福州
广元 扬州
井冈山 长海
西宁 博乐
梁平 珠海
黄山 文山
长沙 宜宾
西双版纳 腾冲
南通 赤峰
衢州 秦皇岛
且末 秦皇岛
昭通 韶关
大庆 日喀则
郑州 沈阳
恩施 毕节
济南 阿尔山
库尔勒 蚌埠
九江 桂林
梅县 乌兰浩特
汕头 上海
乌海 惠州
芷江 台州
汕头 青岛
景德镇 长沙
芒市 延安
安庆 嘉峪关
邯郸 梅县
鄯善 银川
敦煌 吐鲁番
深圳 石家庄
天水 拉萨
阿克苏 库尔勒
黄龙 安阳
哈密 重庆
兴义 北京
朝阳 舟山
西安 洛阳
深圳 兰州
无锡 桂林
漠河 宜春
青岛 满洲里
鄯善 沈阳
和田 富蕴
延安 攀枝花
延吉 武夷山
济南 张掖
九江 天水
鄯善 安顺
珠海 福州
临沂 库尔勒
丹东 佛山
银川 昆明
塔城 中卫
百色 乌鲁木齐
威海 赣州
延安 锦州
沈阳 二连浩特
潍坊 榆林
梧州 鞍山
深圳 蚌埠
扬州 哈密
常州 三亚
南宁 大连
沈阳 延吉
济宁 昆明
泸州 昌都
锡林浩特 惠州
满洲里 昭通
临沂 银川
长治 南阳
秦皇岛 南昌
阜阳 运城
恩施 加格达奇
克拉玛依 贵阳
长白山 常德
恩施 襄阳
阿里 盐城
沈阳 大连
大同 南阳
徐州 芒市
广汉 佳木斯
唐山 义乌
天津 厦门
西安 二连浩特
南充 盐城
延吉 克拉玛依
哈密 富蕴
长沙 阿勒泰
长沙 郑州
泸州 济宁
青岛 腾冲
深圳 临沂
保山 三亚
柳州 石家庄
黄山 贵阳
保山 台州
阿里 万州
南昌 哈密
二连浩特 贵阳
温州 思茅
和田 朝阳
安康 张掖
淮安 阜阳
喀什 绵阳
赣州 武夷山
义乌 朝阳
衢州 格尔木
张掖 宁波
黔江 义乌
通化 昭通
蚌埠 安庆
阿尔山 海口
安庆 库尔勒
锡林浩特 西宁
庐山 芷江
福州 达州
福州 襄阳
厦门 金昌
塔城 梧州
庐山 乌鲁木齐
韶关 宁波
加格达奇 太原
芷江 锦州
合肥 安顺
安顺 伊春
朝阳 南昌
常州 惠州
北京 绵阳
牡丹江 安阳
上海 西宁
运城 锡林浩特
威海 长白山
舟山 永州
上海 邯郸
邯郸 恩施
芷江 哈密
义乌 惠州
武夷山 柳州
昭通 福州
连云港 庐山
柳州 哈尔滨
安阳 洛阳
康定 梁平
大理 杭州
延吉 西安
乌鲁木齐 哈密
运城 梧州
井冈山 长治
包头 库尔勒
西双版纳 榆林
西安 吉安
韶关 乌海
玉树 康定
天水 韶关
芷江 且末
那提拉 佳木斯
伊宁 鄂尔多斯
林芝 池州
锡林浩特 西安
日喀则 喀什
深圳 扬州
梧州 安阳
黄山 黔江
安顺 井冈山
昭通 淮安
银川 天水
芜湖 深圳
嘉峪关 长白山
庐山 宁波
池州 丽江
那提拉 武汉
威海 丽江
阿克苏 临沧
襄阳 大理
延吉 金昌
徐州 兰州
广州 湛江
博乐 百色
舟山 吉安
赤峰 北京
梧州 昭通
昆明 万州
鄂尔多斯 天津
韶关 杭州
佳木斯 庐山
芒市 桂林
锦州 长治
长春 上海
徐州 喀什
张家界 百色
大庆 佛山
海拉尔 锦州
安顺 宁波
西昌 衢州
鞍山 阜阳
包头 郑州
通化 哈尔滨
汕头 张掖
恩施 济宁
韶关 芜湖
井冈山 齐齐哈尔
三亚 淮安
青岛 合肥
昆明 喀什
哈密 福州
洛阳 克拉玛依
阿尔山 桂林
绵阳 吉安
连城 安顺
昭通 铜仁
齐齐哈尔 贵阳
日喀则 井冈山
惠州 威海
佳木斯 玉树
泸州 格尔木
常德 贵阳
那提拉 柳州
库车 阜阳
丹东 沈阳
张掖 康定
延吉 兰州
池州 恩施
海拉尔 那提拉
库尔勒 连云港
扬州 伊宁
厦门 哈密
遵义 梁平
鸡西 安顺
包头 沙市
博乐 安阳
且末 乌鲁木齐
西安 常州
安康 大理
固原 珠海
金昌 二连浩特
舟山 塔城
石家庄 烟台
运城 上海
伊宁 张家界
黔江 兴城
宜宾 连城
哈密 库尔勒
襄阳 鄂尔多斯
长沙 锦州
永州 文山
扬州 塔城
常德 保山
南京 永州
济宁 贵阳
鄂尔多斯 安顺
鸡西 柳州
兴城 汉中
库车 加格达奇
芒市 兴城
哈密 衡阳
临沂 昆明
呼和浩特 广汉
阿勒泰 泸州
达州 济宁
昭通 鞍山
西安 温州
通化 武夷山
鄯善 井冈山
荔波 邢台
张掖 柳州
汕头 鄂尔多斯
连云港 哈密
庐山 天津
威海 烟台
思茅 广元
扬州 长白山
阿里 南通
赤峰 广汉
常州 大连
邢台 加格达奇
富蕴 宜宾
绵阳 临沂
阿勒泰 和田
长治 拉萨
重庆 朝阳
克拉玛依 富蕴
牡丹江 漠河
济南 南昌
喀纳斯 衢州
喀什 博乐
南京 齐齐哈尔
巴彦淖尔 恩施
朝阳 榆林
临沂 衢州
长白山 上海
成都 玉树
敦煌 大理
衡阳 延吉
赣州 阿里
黎平 香格里拉
朝阳 温州
运城 昌都
哈尔滨 伊春
泸州 威海
井冈山 芷江
舟山 中卫
郑州 吉安
长沙 汕头
嘉峪关 通化
喀纳斯 克拉玛依
邯郸 西安
百色 乌海
青岛 通化
黑河 深圳
秦皇岛 金昌
广元 宜昌
黎平 永州
汕头 格尔木
秦皇岛 厦门
临沂 温泉
邯郸 黄龙
沈阳 拉萨
张家口 佳木斯
洛阳 黑河
中卫 永州
连城 南昌
西昌 阿尔山
喀什 常州
乌鲁木齐 郑州
合肥 徐州
汕头 洛阳
成都 百色
黄龙 安康
海拉尔 鞍山
黄山 格尔木
牡丹江 加格达奇
长治 漠河
庐山 香格里拉
玉树 芷江
北京 荔波
宜宾 玉树
天水 榆林
牡丹江 烟台
伊春 鞍山
通辽 昌都
兰州 日喀则
海拉尔 北京
喀纳斯 永州
塔城 张家口
库车 大同
长沙 石家庄
博乐 邯郸
晋江 大理
包头 庐山
固原 思茅
梅县 佳木斯
杭州 海拉尔
库车 韶关
佳木斯 乌海
佳木斯 满洲里
银川 玉树
海口 遵义
昆明 西宁
郑州 且末
石家庄 鄂尔多斯
和田 扬州
万州 深圳
烟台 衡阳
丽江 临沧
贵阳 百色
汕头 临沧
榆林 贵阳
二连浩特 惠州
喀纳斯 宜昌
赣州 且末
昭通 大庆
衡阳 敦煌
临沧 唐山
博乐 西昌
吉安 兴城
榆林 加格达奇
南京 海口
安阳 汉中
通辽 敦煌
安庆 加格达奇
百色 丽江
南昌 库尔勒
库尔勒 临沂
中卫 巴彦淖尔
佳木斯 齐齐哈尔
合肥 毕节
林芝 伊宁
黄山 湛江
吉安 广汉
香格里拉 库尔勒
池州 阿尔山
三亚 昭通
梅县 海拉尔
贵阳 阿里
重庆 柳州
沙市 南宁
南充 重庆
上海 长沙
万州 遵义
徐州 昆明
天水 烟台
百色 哈尔滨
黔江 西昌
衢州 连城
济南 鄯善
塔城 伊春
哈密 黔江
文山 汕头
长海 昆明
哈尔滨 百色
西昌 井冈山
池州 天津
伊春 乌鲁木齐
大理 义乌
且末 连云港
鄂尔多斯 长春
广元 汕头
赣州 徐州
黄龙 沈阳
昌都 鄂尔多斯
邯郸 长沙
景德镇 临沧
哈密 郑州
大连 吉安
林芝 阿克苏
宁波 阿克苏
博乐 连云港
秦皇岛 威海
台州 绵阳
柳州 塔城
东营 重庆
景德镇 烟台
安阳 长海
太原 乌兰浩特
博乐 乌鲁木齐
安庆 广汉
锦州 济南
毕节 固原
汉中 安阳
庆阳 哈尔滨
池州 黄龙
玉树 恩施
安阳 杭州
通辽 阿尔山
兰州 沙市
宜春 南充
宁波 兰州
阜阳 毕节
池州 鄯善
乌海 黑河
昭通 吐鲁番
庐山 昆明
南昌 烟台
遵义 通化
吐鲁番 庐山
宜昌 贵阳
桂林 香格里拉
武汉 腾冲
珠海 威海
临沧 合肥
威海 台州
敦煌 成都
文山 荔波
北京 满洲里
海拉尔 潍坊
宜宾 广州
保山 宜春
锦州 铜仁
香格里拉 百色
黄山 桂林
阿勒泰 包头
衢州 漠河
大连 南充
富蕴 义乌
三亚 绵阳
玉树 晋江
昌都 富蕴
温泉 兴义
湛江 成都
海口 日喀则
黎平 桂林
和田 玉树
淮安 保山
阿里 衡阳
温州 厦门
呼和浩特 连城
连云港 遵义
徐州 吐鲁番
黔江 宜昌
牡丹江 西昌
百色 太原
鄯善 二连浩特
广汉 南宁
连云港 西安
齐齐哈尔 富蕴
大庆 安庆
东营 南京
和田 珠海
南宁 宜春
喀纳斯 贵阳
潍坊 武汉
邯郸 鄂尔多斯
塔城 遵义
三亚 永州
连云港 无锡
青岛 哈尔滨
昆明 荔波
安庆 庆阳
景德镇 温泉
临沧 宜春
通化 北海
梁平 芜湖
呼和浩特 伊春
泸州 邯郸
常州 康定
锡林浩特 玉树
昭通 伊春
黄龙 南阳
永州 伊春
大庆 南阳
沙市 东营
哈尔滨 池州
哈尔滨 阿尔山
齐齐哈尔 林芝
万州 庆阳
邯郸 上海
庐山 攀枝花
张家口 洛阳
芷江 晋江
延安 衢州
舟山 遵义
宜宾 台州
黄山 芒市
长沙 唐山
威海 鸡西
延吉 临沂
兴城 西宁
宁波 桂林
固原 文山
永州 银川
思茅 南京
广汉 克拉玛依
张家口 丽江
香格里拉 芜湖
南充 淮安
唐山 牡丹江
金昌 鸡西
丹东 庐山
邢台 福州
通化 大连
惠州 无锡
韶关 大庆
湛江 三亚
黄龙 长沙
梅县 固原
梅县 乌鲁木齐
湛江 固原
珠海 梧州
郑州 安阳
常德 嘉峪关
长海 太原
大连 梅县
文山 库车
长春 福州
满洲里 庆阳
攀枝花 广元
伊春 长治
伊春 无锡
潍坊 格尔木
常州 金昌
威海 嘉峪关
扬州 运城
上海 连云港
康定 荔波
漠河 南宁
宜昌 梁平
无锡 合肥
舟山 东营
衢州 锡林浩特
满洲里 乌兰浩特
韶关 且末
金昌 衢州
太原 晋江
遵义 长沙
阿里 博乐
柳州 康定
福州 绵阳
连城 广元
锡林浩特 西双版纳
潍坊 黎平
乌兰浩特 乌海
长春 吉安
腾冲 铜仁
锡林浩特 敦煌
淮安 伊春
鞍山 巴彦淖尔
乌兰浩特 安顺
三亚 且末
武汉 攀枝花
北海 安顺
石家庄 昆明
张家界 且末
汉中 蚌埠
西宁 伊宁
加格达奇 兴城
梧州 常州
百色 盐城
扬州 阿里
漠河 攀枝花
铜仁 满洲里
达州 景德镇
石家庄 库车
西宁 芜湖
富蕴 固原
天水 赤峰
阿勒泰 南阳
那提拉 芒市
惠州 泸州
嘉峪关 青岛
恩施 西宁
延安 喀什
昭通 腾冲
兰州 天津
天津 库车
兴义 温泉
吉安 喀纳斯
赤峰 丽江
巴彦淖尔 威海
晋江 遵义
韶关 铜仁
敦煌 绵阳
大理 巴彦淖尔
沈阳 宁波
常德 锦州
温州 邢台
长春 天水
沈阳 吐鲁番
腾冲 包头
博乐 广汉
天水 北海
洛阳 泸州
广元 芜湖
芷江 丽江
黔江 庆阳
济南 南宁
阿尔山 中卫
连城 攀枝花
乌海 义乌
庐山 长沙
济宁 武夷山
石家庄 乌鲁木齐
台州 博乐
佳木斯 思茅
海口 银川
安康 湛江
昌都 保山
西安 长沙
邯郸 芷江
长沙 通辽
青岛 长白山
天水 淮安
海拉尔 嘉峪关
海拉尔 南京
襄阳 伊春
张掖 汉中
鞍山 扬州
宜昌 通辽
巴彦淖尔 塔城
牡丹江 庆阳
南充 丹东
韶关 温州
敦煌 黄龙
丽江 南宁
柳州 敦煌
赤峰 安阳
林芝 铜仁
池州 荔波
梅县 中卫
延吉 恩施
铜仁 且末
井冈山 阿里
绵阳 漠河
广州 张家口
鄯善 贵阳
襄阳 南京
榆林 青岛
杭州 牡丹江
永州 毕节
朝阳 兴义
呼和浩特 腾冲
固原 芷江
芜湖 唐山
牡丹江 延吉
梅县 那提拉
格尔木 西昌
长春 惠州
大同 沈阳
南阳 宜宾
伊春 广汉
南宁 吐鲁番
衡阳 且末
广州 中卫
西安 延安
深圳 衢州
沙市 衡阳
丽江 安阳
巴彦淖尔 大庆
阿克苏 芜湖
文山 南充
南昌 阿勒泰
康定 榆林
昌都 汉中
太原 秦皇岛
丹东 襄阳
邢台 晋江
延安 思茅
万州 西双版纳
上海 临沧
喀纳斯 义乌
济宁 西宁
安庆 连城
南阳 唐山
西宁 青岛
上海 拉萨
哈尔滨 思茅
长白山 昆明
上海 济南
长治 洛阳
毕节 塔城
南阳 阿克苏
满洲里 济南
潍坊 阿勒泰
南充 芷江
汕头 衢州
福州 邢台
宁波 南宁
武夷山 腾冲
香格里拉 南阳
拉萨 库车
赣州 大庆
无锡 佛山
太原 鸡西
黔江 拉萨
敦煌 贵阳
九江 大庆
义乌 固原
阜阳 延安
义乌 长白山
恩施 思茅
库尔勒 广州
伊宁 桂林
厦门 乌海
塔城 通辽
宜昌 库尔勒
张家口 延安
康定 杭州
衡阳 南京
晋江 铜仁
黔江 荔波
石家庄 安顺
长沙 东营
张家口 宜昌
秦皇岛 庐山
临沂 腾冲
福州 汉中
锡林浩特 黔江
大理 徐州
长白山 淮安
榆林 深圳
哈尔滨 淮安
绵阳 库车
和田 库车
重庆 安顺
黎平 博乐
中卫 运城
海口 大理
西双版纳 桂林
庆阳 荔波
西昌 南通
阿勒泰 淮安
且末 合肥
泸州 富蕴
芷江 石家庄
海拉尔 毕节
西安 格尔木
满洲里 康定
佳木斯 长海
合肥 张家界
广汉 大庆
大理 东营
昆明 黔江
思茅 富蕴
杭州 合肥
金昌 九江
杭州 库车
伊宁 长白山
大理 庐山
潍坊 绵阳
和田 西双版纳
厦门 阿尔山
武汉 张家界
南宁 哈尔滨
威海 吉安
延安 南阳
长春 兴城
西宁 赤峰
南昌 安康
昆明 宜昌
朝阳 秦皇岛
运城 武夷山
郑州 天水
安康 漠河
佛山 黔江
吐鲁番 满洲里
金昌 佛山
吐鲁番 黎平
广元 林芝
北京 玉树
昭通 荔波
二连浩特 兰州
毕节 湛江
腾冲 博乐
常德 腾冲
台州 衡阳
邢台 吉安
和田 临沧
宜宾 黄龙
义乌 富蕴
西昌 广州
宜宾 成都
邯郸 北海
昌都 丽江
汉中 嘉峪关
佛山 盐城
郑州 鞍山
康定 库车
芷江 文山
和田 北京
太原 安康
南通 延吉
天津 徐州
阿勒泰 芷江
三亚 佛山
荔波 银川
延安 宁波
庆阳 乌兰浩特
兴义 思茅
中卫 加格达奇
晋江 鸡西
蚌埠 永州
荔波 乌鲁木齐
大庆 衢州
桂林 乌鲁木齐
珠海 朝阳
巴彦淖尔 南充
阿尔山 庆阳
乌兰浩特 天水
鄯善 合肥
昆明 温州
遵义 日喀则
铜仁 昆明
济宁 金昌
黄山 昆明
石家庄 哈尔滨
敦煌 张家界
塔城 固原
遵义 攀枝花
南昌 温州
晋江 榆林
连云港 台州
安阳 锡林浩特
敦煌 梅县
昆明 佳木斯
贵阳 库车
富蕴 玉树
林芝 锦州
赤峰 二连浩特
厦门 思茅
威海 阿尔山
丽江 庆阳
阿克苏 晋江
通化 海口
鄯善 安康
大理 乌海
安顺 北海
南昌 长沙
西双版纳 洛阳
巴彦淖尔 临沂
攀枝花 青岛
阜阳 固原
庆阳 通辽
长白山 梅县
深圳 丹东
淮安 贵阳
广汉 赣州
富蕴 牡丹江
黔江 大连
沙市 包头
延吉 南通
格尔木 张家口
烟台 伊宁
阿勒泰 西双版纳
沙市 和田
赤峰 朝阳
鸡西 衡阳
毕节 那提拉
杭州 梁平
广汉 长白山
锡林浩特 固原
厦门 永州
安阳 湛江
昆明 宜春
洛阳 邯郸
扬州 宜春
牡丹江 日喀则
青岛 徐州
万州 百色
哈尔滨 北京
二连浩特 宜昌
舟山 林芝
满洲里 洛阳
乌鲁木齐 宜宾
义乌 兴城
无锡 宜昌
昆明 柳州
芒市 赤峰
衡阳 嘉峪关
林芝 赤峰
兰州 阿克苏
遵义 乌海
鞍山 哈尔滨
贵阳 赤峰
吐鲁番 乌兰浩特
襄阳 西双版纳
衡阳 太原
衡阳 永州
丹东 南充
黔江 张掖
温泉 昌都
喀什 安康
常州 安庆
库尔勒 义乌
梅县 淮安
满洲里 汕头
衡阳 格尔木
合肥 西安
临沧 韶关
成都 张家口
漠河 毕节
宁波 朝阳
延吉 芒市
济宁 盐城
唐山 安阳
中卫 二连浩特
延安 晋江
佳木斯 锡林浩特
温泉 威海
万州 香格里拉
威海 黄龙
连城 宜春
长治 上海
泸州 喀纳斯
齐齐哈尔 长春
湛江 庐山
柳州 锦州
合肥 塔城
榆林 芒市
林芝 固原
安庆 连云港
和田 温泉
秦皇岛 包头
兴义 鄂尔多斯
西双版纳 宜昌
赤峰 池州
九江 昌都
天水 桂林
兴义 牡丹江
东营 吐鲁番
唐山 武夷山
运城 榆林
梁平 大庆
衢州 中卫
舟山 沈阳
唐山 香格里拉
林芝 黑河
赤峰 绵阳
台州 三亚
衡阳 黎平
蚌埠 宁波
二连浩特 黎平
张掖 东营
池州 昌都
福州 漠河
无锡 晋江
安阳 无锡
香格里拉 台州
腾冲 朝阳
长沙 阿克苏
舟山 连云港
林芝 永州
北海 遵义
安顺 南充
兰州 攀枝花
邯郸 那提拉
博乐 榆林
芷江 博乐
井冈山 保山
保山 潍坊
喀纳斯 吐鲁番
东营 中卫
义乌 东营
秦皇岛 南充
锡林浩特 阿克苏
梁平 西昌
伊宁 阿尔山
宜昌 黄龙
永州 遵义
无锡 阿克苏
温泉 宁波
张掖 盐城
喀什 鸡西
湛江 温州
连城 西安
洛阳 连云港
武汉 襄阳
温泉 永州
阜阳 梁平
大同 长春
哈密 丹东
达州 三亚
黑河 厦门
太原 庐山
长沙 湛江
黑河 大庆
库尔勒 嘉峪关
和田 海拉尔
阜阳 荔波
福州 百色
日喀则 鸡西
哈密 哈尔滨
鞍山 昭通
济南 那提拉
攀枝花 重庆
铜仁 加格达奇
毕节 大同
吉安 北京
伊宁 康定
衡阳 克拉玛依
万州 舟山
康定 巴彦淖尔
潍坊 银川
安庆 梁平
郑州 淮安
广汉 常州
青岛 敦煌
九江 井冈山
固原 满洲里
青岛 林芝
百色 中卫
赤峰 西昌
西宁 库尔勒
合肥 芒市
乌海 烟台
厦门 南充
腾冲 荔波
深圳 济宁
兰州 连云港
拉萨 太原
临沧 兰州
太原 富蕴
康定 芒市
佛山 日喀则
南通 库车
思茅 厦门
敦煌 攀枝花
沈阳 恩施
厦门 长沙
嘉峪关 广汉
包头 遵义
保山 阜阳
和田 运城
阿里 扬州
赤峰 昆明
无锡 鄯善
梁平 景德镇
井冈山 南昌
武夷山 厦门
大连 宜昌
西双版纳 康定
喀什 中卫
玉树 锡林浩特
梁平 临沧
阿克苏 桂林
呼和浩特 乌兰浩特
加格达奇 天津
汉中 日喀则
长治 文山
唐山 惠州
玉树 石家庄
齐齐哈尔 鄯善
腾冲 重庆
温泉 和田
鸡西 黄龙
遵义 乌鲁木齐
固原 广汉
阿勒泰 齐齐哈尔
东营 攀枝花
北海 蚌埠
乌鲁木齐 拉萨
伊宁 庐山
大庆 兴城
西宁 林芝
赣州 上海
绵阳 赤峰
台州 安庆
荔波 无锡
百色 贵阳
蚌埠 格尔木
武汉 张掖
西安 呼和浩特
运城 林芝
伊宁 吉安
济南 海拉尔
格尔木 林芝
包头 衡阳
盐城 长治
永州 烟台
喀纳斯 金昌
义乌 安康
九江 林芝
长海 重庆
达州 温泉
阿克苏 达州
衡阳 牡丹江
韶关 阿里
南阳 秦皇岛
且末 阿尔山
南宁 乌兰浩特
济宁 梅县
林芝 广元
乌兰浩特 锡林浩特
洛阳 大连
昆明 兰州
银川 黔江
喀纳斯 运城
义乌 伊宁
敦煌 青岛
哈尔滨 襄阳
济宁 井冈山
梅县 韶关
黑河 珠海
南通 富蕴
克拉玛依 青岛
杭州 威海
广汉 包头
杭州 丽江
乌鲁木齐 石家庄
朝阳 安阳
天水 芷江
海口 梧州
阿里 运城
温泉 西昌
康定 烟台
恩施 广州
阿尔山 阿里
梁平 敦煌
汉中 阿尔山
北京 张家口
齐齐哈尔 西双版纳
兴城 温州
那提拉 南京
邢台 太原
阿里 百色
惠州 喀什
乌海 台州
武汉 永州
毕节 延安
温州 义乌
黎平 伊宁
朝阳 贵阳
万州 青岛
文山 武汉
伊春 包头
加格达奇 武夷山
广州 井冈山
郑州 喀纳斯
梁平 石家庄
芷江 丹东
烟台 通辽
晋江 湛江
张掖 赣州
黔江 长白山
铜仁 富蕴
南宁 包头
庐山 黑河
香格里拉 鞍山
那提拉 嘉峪关
乌兰浩特 连城
临沧 黑河
鄂尔多斯 且末
遵义 梧州
连城 鄯善
沈阳 盐城
哈尔滨 济宁
万州 鄂尔多斯
佳木斯 衢州
佛山 芜湖
宜春 毕节
黄龙 百色
海拉尔 吉安
桂林 保山
威海 贵阳
玉树 富蕴
银川 盐城
攀枝花 常德
长春 加格达奇
香格里拉 柳州
广州 天津
济南 梧州
芜湖 张家口
绵阳 恩施
铜仁 西宁
温州 巴彦淖尔
广汉 三亚
玉树 南通
张家界 洛阳
康定 兰州
义乌 通辽
佛山 西宁
伊宁 天水
安康 张家口
思茅 黄龙
鸡西 黔江
日喀则 芷江
南昌 北京
天水 遵义
临沧 福州
沙市 固原
绵阳 太原
绵阳 衢州
济宁 蚌埠
绵阳 沈阳
鞍山 绵阳
腾冲 锦州
柳州 格尔木
汕头 襄阳
芜湖 和田
黑河 南昌
北海 伊宁
文山 济南
厦门 遵义
吉安 青岛
吐鲁番 兰州
金昌 鄂尔多斯
百色 黄山
杭州 延吉
康定 大理
池州 南京
乌兰浩特 惠州
威海 北京
洛阳 天津
达州 大庆
阿尔山 包头
万州 温州
康定 毕节
湛江 兰州
宜宾 九江
邯郸 锡林浩特
杭州 克拉玛依
青岛 香格里拉
万州 博乐
塔城 长治
和田 广元
东营 昭通
格尔木 淮安
池州 海拉尔
鸡西 宜昌
阿克苏 惠州
锡林浩特 富蕴
赤峰 佳木斯
乌海 齐齐哈尔
绵阳 安康
黎平 西宁
福州 乌鲁木齐
鸡西 常德
安阳 芜湖
库尔勒 青岛
广州 呼和浩特
景德镇 北海
锦州 嘉峪关
梧州 佛山
台州 喀纳斯
朝阳 连城
淮安 克拉玛依
铜仁 长白山
乌兰浩特 西安
永州 武夷山
西昌 榆林
攀枝花 井冈山
呼和浩特 大连
济宁 朝阳
和田 那提拉
连云港 延吉
汉中 博乐
黑河 嘉峪关
舟山 乌鲁木齐
南昌 鸡西
常德 乌鲁木齐
南昌 昌都
庆阳 延安
张家界 鞍山
威海 南阳
榆林 广州
芷江 安阳
嘉峪关 广元
北京 金昌
嘉峪关 阿克苏
兰州 井冈山
东营 朝阳
赤峰 嘉峪关
伊宁 漠河
文山 安顺
济宁 腾冲
延吉 思茅
临沧 喀什
毕节 漠河
伊春 库尔勒
桂林 长白山
汉中 广元
成都 延安
无锡 杭州
临沂 安庆
牡丹江 宁波
伊春 绵阳
安康 梁平
朝阳 库尔勒
柳州 满洲里
郑州 康定
石家庄 庐山
洛阳 巴彦淖尔
阿克苏 那提拉
济宁 银川
宜春 邢台
嘉峪关 丹东
阜阳 日喀则
梁平 洛阳
包头 天津
吉安 兰州
格尔木 齐齐哈尔
喀纳斯 黎平
济南 嘉峪关
池州 烟台
乌海 大庆
汉中 南充
盐城 张家口
襄阳 西安
吉安 连城
泸州 黎平
延吉 且末
荔波 南京
舟山 文山
且末 绵阳
常德 潍坊
张家口 石家庄
佳木斯 鸡西
武夷山 天水
张掖 上海
惠州 库尔勒
济南 赣州
西宁 宁波
呼和浩特 长春
毕节 阿尔山
常德 北京
洛阳 银川
北京 井冈山
长治 兴义
丹东 恩施
敦煌 中卫
南昌 蚌埠
常州 临沧
阿勒泰 巴彦淖尔
齐齐哈尔 保山
万州 芜湖
张家口 昆明
朝阳 银川
宜宾 绵阳
保山 佳木斯
温泉 昭通
绵阳 芜湖
柳州 铜仁
庐山 韶关
喀什 文山
鸡西 连城
海口 佳木斯
包头 东营
沙市 西双版纳
南京 万州
南京 思茅
鄯善 广汉
汉中 文山
晋江 武汉
广元 衡阳
桂林 韶关
榆林 庆阳
大同 兰州
邯郸 吉安
梁平 广州
鄯善 伊宁
景德镇 济南
鄯善 和田
喀什 安阳
郑州 兰州
阜阳 盐城
兰州 黄龙
香格里拉 赣州
喀纳斯 淮安
黑河 乌鲁木齐
扬州 伊春
芜湖 宜昌
伊宁 金昌
临沂 韶关
长春 衢州
连云港 加格达奇
包头 南京
桂林 西昌
锦州 威海
达州 石家庄
芒市 康定
邢台 重庆
台州 思茅
济宁 芷江
大同 中卫
牡丹江 梁平
温泉 北海
张家界 恩施
林芝 杭州
林芝 大连
武夷山 敦煌
宜春 太原
天水 中卫
库尔勒 庆阳
西安 富蕴
湛江 林芝
遵义 塔城
二连浩特 芒市
兴义 盐城
青岛 张家界
锦州 巴彦淖尔
潍坊 淮安
那提拉 巴彦淖尔
博乐 南昌
常州 榆林
梧州 武夷山
康定 沙市
临沂 乌海
文山 拉萨
锡林浩特 宜宾
林芝 敦煌
杭州 二连浩特
临沧 北海
贵阳 天津
连云港 长春
海拉尔 长白山
徐州 二连浩特
连城 南京
无锡 庐山
义乌 安庆
洛阳 济宁
锡林浩特 通化
康定 深圳
黑河 黎平
厦门 满洲里
芜湖 梅县
兴义 阜阳
宜宾 格尔木
康定 赤峰
柳州 芷江
丽江 遵义
乌兰浩特 黔江
榆林 牡丹江
敦煌 盐城
香格里拉 临沧
泸州 福州
香格里拉 邢台
广州 阿勒泰
包头 烟台
锡林浩特 景德镇
天水 金昌
贵阳 加格达奇
达州 万州
张家界 固原
绵阳 宜昌
佛山 泸州
丽江 扬州
宜宾 呼和浩特
哈尔滨 锦州
唐山 井冈山
朝阳 常德
佛山 喀什
兴城 重庆
佳木斯 香格里拉
韶关 池州
思茅 连云港
扬州 阿克苏
阿尔山 邯郸
包头 潍坊
泸州 香格里拉
阿勒泰 温州
长海 邯郸
鞍山 九江
丹东 库车
铜仁 南充
盐城 乌兰浩特
西宁 厦门
固原 鄯善
太原 徐州
遵义 富蕴
锦州 香格里拉
库车 连城
南充 达州
哈尔滨 那提拉
博乐 张家口
汕头 济宁
延安 天水
延安 宜昌
鞍山 腾冲
鞍山 百色
石家庄 延吉
吉安 沈阳
鞍山 武夷山
且末 温泉
丹东 淮安
芜湖 黄龙
连城 成都
太原 嘉峪关
牡丹江 榆林
赣州 长白山
富蕴 北海
阿勒泰 大连
井冈山 潍坊
榆林 且末
阿勒泰 嘉峪关
伊春 黔江
沙市 贵阳
鸡西 昌都
佛山 安顺
兰州 宜宾
赤峰 佛山
广州 加格达奇
邯郸 牡丹江
南通 安康
塔城 成都
伊春 克拉玛依
宁波 南充
牡丹江 南充
长海 深圳
昌都 连城
重庆 铜仁
济南 柳州
阜阳 舟山
永州 梧州
格尔木 佛山
天津 池州
常州 襄阳
洛阳 长沙
黔江 温州
哈密 徐州
成都 济南
张掖 固原
南充 文山
衢州 青岛
毕节 黎平
鞍山 南通
敦煌 嘉峪关
大同 湛江
且末 安顺
张家口 广汉
蚌埠 呼和浩特
常州 阿尔山
那提拉 梧州
宜春 秦皇岛
韶关 烟台
石家庄 衢州
银川 广元
敦煌 大连
库尔勒 天水
佳木斯 敦煌
济宁 克拉玛依
扬州 兰州
长治 攀枝花
达州 博乐
厦门 腾冲
乌鲁木齐 香格里拉
九江 库车
惠州 天津
广州 长春
丽江 喀纳斯
吉安 绵阳
兴义 济南
黔江 康定
九江 格尔木
鄂尔多斯 芒市
长沙 汉中
济宁 佛山
潍坊 连云港
临沂 广元
台州 芜湖
徐州 哈尔滨
包头 牡丹江
韶关 黔江
保山 敦煌
常德 锡林浩特
合肥 永州
延安 景德镇
通辽 张家口
赤峰 伊春
库尔勒 郑州
贵阳 武汉
唐山 思茅
大庆 和田
富蕴 锦州
佛山 太原
西宁 郑州
金昌 通辽
吉安 温泉
无锡 成都
达州 阜阳
昌都 长海
太原 加格达奇
呼和浩特 库尔勒
丽江 芜湖
黎平 舟山
台州 无锡
固原 阿勒泰
宁波 康定
合肥 昆明
连云港 包头
西宁 临沂
通辽 南京
那提拉 昌都
鄂尔多斯 昭通
温州 盐城
长治 南宁
固原 天水
张掖 三亚
北海 库尔勒
南昌 昆明
庐山 毕节
香格里拉 南宁
长白山 毕节
黔江 阿勒泰
伊宁 湛江
兴城 贵阳
西宁 永州
安顺 大同
昭通 北海
梧州 晋江
包头 无锡
黄龙 保山
南充 大庆
保山 邯郸
连城 梁平
拉萨 绵阳
攀枝花 邯郸
思茅 温州
合肥 达州
成都 中卫
阿勒泰 张掖
达州 武汉
阜阳 延吉
遵义 大理
塔城 长春
拉萨 荔波
景德镇 惠州
固原 和田
丽江 南昌
广汉 宜昌
西宁 芷江
敦煌 常德
长白山 安顺
海拉尔 克拉玛依
南通 克拉玛依
天津 银川
和田 杭州
九江 二连浩特
盐城 成都
海口 呼和浩特
腾冲 衢州
思茅 佳木斯
衡阳 临沂
吉安 塔城
义乌 嘉峪关
汉中 西昌
吐鲁番 三亚
合肥 池州
海拉尔 威海
和田 石家庄
黑河 蚌埠
黄山 昌都
池州 敦煌
满洲里 汉中
汉中 库车
安庆 延安
哈尔滨 达州
长海 二连浩特
榆林 中卫
景德镇 敦煌
池州 黄山
广汉 汉中
阿里 东营
乌海 临沂
扬州 阜阳
满洲里 厦门
衢州 温泉
拉萨 盐城
乌兰浩特 加格达奇
乌鲁木齐 大庆
南充 厦门
常州 武汉
南阳 芷江
大同 福州
武夷山 保山
黄山 南充
黄山 西昌
常州 哈密
大连 兰州
安阳 阿勒泰
襄阳 长白山
延吉 敦煌
吉安 九江
黄山 池州
鄂尔多斯 重庆
芷江 乌鲁木齐
九江 兰州
满洲里 克拉玛依
南通 乌鲁木齐
铜仁 阿克苏
西双版纳 临沂
遵义 伊宁
常州 腾冲
连城 榆林
邢台 井冈山
锡林浩特 济宁
香格里拉 通化
福州 哈密
喀什 榆林
兴城 济宁
北京 鞍山
贵阳 塔城
大理 梁平
永州 安顺
厦门 二连浩特
郑州 福州
阿尔山 鸡西
汕头 博乐
柳州 吉安
塔城 临沂
伊宁 博乐
文山 宜昌
铜仁 乌鲁木齐
芷江 南京
大理 潍坊
永州 昌都
鞍山 广元
漠河 固原
连云港 阜阳
二连浩特 武夷山
昌都 洛阳
安康 延安
哈尔滨 库尔勒
丹东 大庆
宜宾 汕头
泸州 柳州
兰州 芷江
太原 衡阳
阿勒泰 南充
黄山 南阳
宁波 赣州
芷江 富蕴
伊宁 张家口
长春 长海
西昌 巴彦淖尔
乌鲁木齐 长海
塔城 兰州
泸州 南宁
攀枝花 淮安
衢州 沙市
大连 庆阳
襄阳 汉中
延吉 伊宁
九江 芒市
大同 厦门
康定 百色
固原 克拉玛依
襄阳 大同
济宁 威海
铜仁 那提拉
达州 郑州
重庆 阿尔山
丹东 黄龙
丽江 漠河
梧州 绵阳
黑河 南京
无锡 南昌
厦门 沈阳
鄂尔多斯 武夷山
襄阳 常德
赣州 长海
漠河 文山
连云港 襄阳
和田 郑州
大庆 天津
梅县 哈密
齐齐哈尔 烟台
齐齐哈尔 吐鲁番
巴彦淖尔 日喀则
杭州 昌都
张家口 九江
珠海 长春
西昌 烟台
荔波 芒市
林芝 常德
重庆 昆明
九江 淮安
大庆 汉中
广汉 锡林浩特
广州 济宁
深圳 阜阳
梅县 阿尔山
丽江 和田
且末 齐齐哈尔
运城 牡丹江
宜昌 深圳
安庆 伊春
芜湖 巴彦淖尔
秦皇岛 大庆
鄯善 庐山
郑州 大同
梧州 拉萨
阿克苏 昆明
义乌 博乐
长春 邢台
长白山 思茅
沙市 蚌埠
临沂 那提拉
连云港 安庆
温泉 铜仁
林芝 秦皇岛
文山 郑州
北海 二连浩特
长海 潍坊
韶关 丹东
兴城 玉树
南充 武汉
拉萨 黑河
鸡西 广汉
达州 赣州
济宁 温州
武夷山 邢台
西双版纳 兴义
池州 富蕴
宜昌 温泉
赣州 天水
漠河 大理
满洲里 郑州
玉树 西双版纳
齐齐哈尔 上海
张掖 昌都
襄阳 金昌
恩施 秦皇岛
锦州 临沧
佛山 张家界
齐齐哈尔 攀枝花
兰州 伊宁
长治 温州
厦门 晋江
长白山 无锡
库车 黄龙
扬州 太原
南通 舟山
昆明 长海
蚌埠 宜春
嘉峪关 长海
无锡 张掖
香格里拉 大理
林芝 牡丹江
锡林浩特 重庆
海拉尔 昆明
富蕴 晋江
黄龙 那提拉
克拉玛依 包头
延吉 温州
常德 万州
金昌 荔波
哈密 三亚
宜春 鄂尔多斯
运城 铜仁
毕节 邯郸
阿里 常州
漠河 襄阳
齐齐哈尔 西昌
哈密 常德
梁平 湛江
临沂 张家口
阿里 锦州
哈尔滨 固原
锡林浩特 格尔木
柳州 固原
宜昌 连城
青岛 攀枝花
昌都 银川
北京 武汉
长白山 唐山
湛江 哈密
济南 太原
运城 通化
青岛 张掖
宜昌 满洲里
南阳 黎平
嘉峪关 满洲里
漠河 汕头
乌鲁木齐 赤峰
吐鲁番 烟台
安庆 库车
锡林浩特 黎平
郑州 重庆
格尔木 广汉
连云港 唐山
兴城 上海
广元 兴城
潍坊 库尔勒
吐鲁番 徐州
邯郸 锦州
临沧 舟山
运城 大庆
芜湖 淮安
庐山 安庆
阿勒泰 达州
长春 黄山
湛江 宜宾
南通 攀枝花
连城 克拉玛依
博乐 吉安
丹东 喀什
固原 长治
汕头 庐山
张家口 惠州
达州 宜宾
深圳 库车
遵义 井冈山
大连 南阳
加格达奇 文山
思茅 鸡西
安庆 鸡西
常德 宜宾
克拉玛依 西昌
包头 乌兰浩特
北京 舟山
广汉 塔城
长春 通化
安顺 广州
博乐 长春
喀纳斯 广州
广州 沈阳
哈密 日喀则
济南 攀枝花
巴彦淖尔 中卫
张家界 日喀则
庐山 二连浩特
南充 西双版纳
连城 漠河
荔波 芜湖
惠州 延安
襄阳 绵阳
佛山 无锡
黄龙 思茅
常州 台州
绵阳 固原
常州 吐鲁番
昭通 拉萨
临沧 邯郸
阿里 南昌
郑州 乌鲁木齐
赣州 襄阳
东营 长春
庐山 锡林浩特
太原 万州
银川 佳木斯
衡阳 运城
庆阳 惠州
中卫 石家庄
常州 太原
拉萨 通化
延吉 哈密
台州 蚌埠
黑河 和田
庐山 九江
铜仁 达州
武夷山 兴义
合肥 温州
南通 伊春
西双版纳 达州
井冈山 衢州
广州 鸡西
且末 珠海
佳木斯 克拉玛依
连云港 嘉峪关
库尔勒 张家界
二连浩特 昌都
兰州 重庆
鸡西 嘉峪关
固原 拉萨
南充 梅县
鄯善 大连
绵阳 阿勒泰
太原 长海
衢州 宜昌
赤峰 安庆
天水 林芝
巴彦淖尔 丹东
万州 固原
南充 克拉玛依
吐鲁番 康定
铜仁 思茅
锡林浩特 朝阳
韶关 井冈山
文山 长沙
徐州 乌鲁木齐
安康 朝阳
鸡西 合肥
佛山 赣州
南阳 延吉
盐城 张掖
榆林 芜湖
三亚 满洲里
赣州 黔江
武夷山 绵阳
北京 嘉峪关
日喀则 景德镇
乌海 南通
鞍山 梧州
太原 运城
香格里拉 北海
固原 吉安
绵阳 海口
西宁 井冈山
泸州 襄阳
百色 井冈山
乌兰浩特 潍坊
佳木斯 万州
长春 毕节
无锡 伊宁
喀什 塔城
湛江 徐州
乌海 井冈山
包头 邯郸
玉树 林芝
日喀则 赤峰
中卫 攀枝花
韶关 成都
徐州 唐山
加格达奇 那提拉
通化 乌鲁木齐
巴彦淖尔 鸡西
珠海 桂林
深圳 连城
恩施 泸州
思茅 香格里拉
威海 武夷山
长治 喀什
阿里 鄂尔多斯
宁波 文山
长春 百色
安庆 柳州
二连浩特 石家庄
百色 武夷山
海拉尔 重庆
且末 淮安
大庆 牡丹江
达州 银川
常州 石家庄
潍坊 齐齐哈尔
南昌 格尔木
泸州 广元
西昌 衡阳
克拉玛依 金昌
鸡西 台州
芒市 南昌
上海 温泉
南通 鸡西
扬州 济宁
乌海 伊春
梁平 秦皇岛
宜宾 梧州
梧州 衡阳
常州 杭州
林芝 无锡
万州 常德
伊春 宜昌
永州 金昌
襄阳 张家界
桂林 加格达奇
吉安 洛阳
义乌 荔波
烟台 玉树
黄龙 荔波
佳木斯 赣州
深圳 长海
西双版纳 阿尔山
盐城 天津
吐鲁番 海口
和田 长春
喀什 阿尔山
舟山 晋江
沈阳 兴义
东营 天津
延安 保山
庐山 中卫
佳木斯 上海
大理 延吉
池州 铜仁
大庆 运城
大庆 阿勒泰
汉中 威海
西昌 常州
加格达奇 富蕴
义乌 扬州
威海 太原
洛阳 兴义
安康 韶关
海口 鄯善
黄龙 三亚
延吉 安康
烟台 台州
蚌埠 南昌
扬州 敦煌
台州 洛阳
贵阳 兴义
阜阳 邯郸
黔江 深圳
贵阳 长海
林芝 香格里拉
池州 连城
舟山 锦州
广元 连城
喀纳斯 梧州
汉中 南京
台州 秦皇岛
武汉 格尔木
朝阳 汉中
台州 哈密
银川 扬州
长春 梅县
安顺 保山
兴义 腾冲
昭通 达州
九江 上海
宜宾 南阳
无锡 邢台
喀什 赤峰
兰州 牡丹江
东营 蚌埠
安庆 玉树
南充 唐山
昆明 丽江
淮安 鄯善
安阳 汕头
保山 吐鲁番
伊春 北海
昆明 梧州
保山 赣州
张家界 吐鲁番
宁波 南阳
衢州 保山
安康 三亚
包头 梁平
达州 满洲里
黄龙 重庆
烟台 长海
且末 那提拉
南昌 南充
攀枝花 桂林
义乌 沙市
青岛 库尔勒
拉萨 南通
张家界 西昌
广元 贵阳
齐齐哈尔 泸州
安阳 淮安
兰州 洛阳
阿里 宁波
衡阳 芒市
烟台 无锡
宁波 黄山
洛阳 康定
安康 西双版纳
二连浩特 鞍山
嘉峪关 沙市
富蕴 安庆
济南 桂林
济南 唐山
安顺 喀纳斯
锦州 西宁
常德 广州
库尔勒 玉树
铜仁 青岛
毕节 保山
梅县 克拉玛依
遵义 合肥
绵阳 青岛
阿勒泰 昌都
腾冲 锡林浩特
沙市 西宁
常德 西宁
二连浩特 克拉玛依
伊宁 鸡西
深圳 塔城
丹东 呼和浩特
日喀则 汕头
黄山 通化
惠州 通辽
博乐 林芝
石家庄 桂林
长春 富蕴
玉树 乌海
鄂尔多斯 和田
扬州 荔波
重庆 延安
邯郸 西宁
郑州 鸡西
泸州 东营
邢台 梧州
西双版纳 日喀则
兰州 腾冲
黑河 伊春
西双版纳 和田
哈密 佳木斯
富蕴 衡阳
沙市 威海
中卫 沙市
蚌埠 文山
喀什 吐鲁番
淮安 大同
大庆 朝阳
芒市 大庆
锦州 邯郸
海口 西昌
哈密 榆林
鸡西 乌兰浩特
兰州 延安
兴城 郑州
昭通 阿里
黄龙 大庆
石家庄 张家界
唐山 邢台
威海 伊春
荔波 林芝
汕头 温州
长沙 攀枝花
湛江 南阳
青岛 桂林
塔城 佳木斯
鞍山 池州
威海 湛江
黄山 腾冲
满洲里 海拉尔
通辽 朝阳
张掖 格尔木
库尔勒 伊春
北海 天水
喀什 扬州
大连 喀纳斯
大庆 梧州
重庆 安阳
达州 张掖
汉中 黄龙
二连浩特 齐齐哈尔
敦煌 连城
和田 无锡
恩施 丹东
北京 和田
无锡 乌海
铜仁 九江
北京 济南
广州 吉安
安庆 丹东
晋江 安康
三亚 大庆
吐鲁番 通辽
长海 永州
临沧 张家界
连城 石家庄
杭州 九江
固原 嘉峪关
喀纳斯 昆明
牡丹江 攀枝花
洛阳 阿里
石家庄 临沧
汉中 绵阳
阿尔山 哈密
包头 长海
大理 昆明
昌都 佛山
邢台 南阳
吉安 安庆
安康 加格达奇
吉安 腾冲
张家口 上海
西昌 阜阳
绵阳 连城
黄龙 盐城
阿勒泰 且末
芒市 喀什
芜湖 锦州
攀枝花 毕节
无锡 呼和浩特
文山 延安
玉树 衡阳
黄山 银川
南充 汉中
富蕴 张家口
拉萨 富蕴
衡阳 晋江
阿尔山 兴义
衡阳 那提拉
九江 黔江
井冈山 温州
绵阳 厦门
武夷山 那提拉
呼和浩特 太原
乌鲁木齐 喀什
贵阳 日喀则
郑州 阿尔山
百色 南京
伊宁 淮安
日喀则 天水
乌鲁木齐 中卫
嘉峪关 海口
牡丹江 重庆
威海 毕节
永州 鄯善
和田 塔城
乌兰浩特 长沙
邢台 黄山
张掖 鞍山
兴义 格尔木
扬州 喀纳斯
格尔木 保山
南京 西昌
衡阳 西宁
庐山 大理
富蕴 东营
富蕴 荔波
香格里拉 富蕴
佳木斯 井冈山
台州 芷江
张家界 梁平
乌鲁木齐 温州
徐州 连城
桂林 广州
长治 秦皇岛
湛江 满洲里
鞍山 重庆
库车 安庆
攀枝花 武夷山
邯郸 克拉玛依
西双版纳 长沙
万州 金昌
九江 晋江
香格里拉 吉安
拉萨 秦皇岛
日喀则 宜春
